In clock cycle: 4
Register Write to Reg: 0x05 Val: 0x80000000
In clock cycle: 7
Register Write to Reg: 0x05 Val: 0x7FFFFFFF
In clock cycle: 8
Register Write to Reg: 0x06 Val: 0xFFFFFFFF
In clock cycle: 11
Register Write to Reg: 0x07 Val: 0x80000000
In clock cycle: 12
Register Write to Reg: 0x1C Val: 0x00000000
In clock cycle: 15
Register Write to Reg: 0x1C Val: 0x00000001
In clock cycle: 18
Register Write to Reg: 0x1D Val: 0x80000000
In clock cycle: 21
Register Write to Reg: 0x1E Val: 0x00000000
In clock cycle: 22
Register Write to Reg: 0x05 Val: 0x80000000
In clock cycle: 23
Register Write to Reg: 0x06 Val: 0x00000001
In clock cycle: 26
Register Write to Reg: 0x07 Val: 0x7FFFFFFF
In clock cycle: 27
Register Write to Reg: 0x1C Val: 0xFFFFFFFE
In clock cycle: 30
Register Write to Reg: 0x1C Val: 0xFFFFFFFF
In clock cycle: 33
Register Write to Reg: 0x1D Val: 0x7FFFFFFF
In clock cycle: 36
Register Write to Reg: 0x1E Val: 0x00000000
In clock cycle: 37
Register Write to Reg: 0x05 Val: 0x80000000
In clock cycle: 38
Register Write to Reg: 0x06 Val: 0x80000000
In clock cycle: 41
Register Write to Reg: 0x07 Val: 0x00000000
In clock cycle: 42
Register Write to Reg: 0x1C Val: 0x7FFFFFFF
In clock cycle: 45
Register Write to Reg: 0x1C Val: 0x80000000
In clock cycle: 48
Register Write to Reg: 0x1D Val: 0x00000000
In clock cycle: 51
Register Write to Reg: 0x1E Val: 0x00000000
In clock cycle: 52
Register Write to Reg: 0x05 Val: 0xFFB2E000
In clock cycle: 55
Register Write to Reg: 0x05 Val: 0xFFB2DB2E
In clock cycle: 56
Register Write to Reg: 0x06 Val: 0x004D2000
In clock cycle: 59
Register Write to Reg: 0x06 Val: 0x004D24D2
In clock cycle: 62
Register Write to Reg: 0x07 Val: 0xFF65B65C
In clock cycle: 63
Register Write to Reg: 0x1C Val: 0xFFB2DB2D
In clock cycle: 66
Register Write to Reg: 0x1C Val: 0xFFB2DB2E
In clock cycle: 69
Register Write to Reg: 0x1D Val: 0xFF65B65C
In clock cycle: 72
Register Write to Reg: 0x1E Val: 0x00000000
Execution is stopping! Clock Cycle: 73
