In clock cycle: 4
Register Write to Reg: 0x01 Val: 0x00000064
In clock cycle: 5
Register Write to Reg: 0x02 Val: 0x00000064
In clock cycle: 6
Register Write to Reg: 0x05 Val: 0x00000000
In clock cycle: 10
Register Write to Reg: 0x00 Val: 0x00000000
In clock cycle: 11
Register Write to Reg: 0x01 Val: 0x00000065
In clock cycle: 16
Register Write to Reg: 0x00 Val: 0x00000000
In clock cycle: 17
Register Write to Reg: 0x02 Val: 0x00000066
In clock cycle: 21
Register Write to Reg: 0x05 Val: 0x00000001
In clock cycle: 22
Register Write to Reg: 0x01 Val: 0xFFFFFFFF
In clock cycle: 27
Register Write to Reg: 0x00 Val: 0x00000000
In clock cycle: 28
Register Write to Reg: 0x01 Val: 0x00000064
In clock cycle: 29
Register Write to Reg: 0x02 Val: 0xFFFFFFFF
In clock cycle: 33
Register Write to Reg: 0x05 Val: 0x00000002
In clock cycle: 34
Register Write to Reg: 0x01 Val: 0x00001000
In clock cycle: 37
Register Write to Reg: 0x01 Val: 0x00000FFF
In clock cycle: 38
Register Write to Reg: 0x02 Val: 0x00001000
In clock cycle: 41
Register Write to Reg: 0x02 Val: 0x00000FFF
In clock cycle: 46
Register Write to Reg: 0x00 Val: 0x00000000
In clock cycle: 47
Register Write to Reg: 0x01 Val: 0x00001000
In clock cycle: 50
Register Write to Reg: 0x01 Val: 0x00000FFF
In clock cycle: 51
Register Write to Reg: 0x02 Val: 0x00001000
In clock cycle: 54
Register Write to Reg: 0x02 Val: 0x00000FFF
In clock cycle: 59
Register Write to Reg: 0x00 Val: 0x00000000
In clock cycle: 60
Register Write to Reg: 0x01 Val: 0x00000000
In clock cycle: 64
Register Write to Reg: 0x05 Val: 0x00000003
Execution is stopping! Clock Cycle: 67
