In clock cycle: 4
Register Write to Reg: 0x05 Val: 0x00000005
In clock cycle: 5
Register Write to Reg: 0x06 Val: 0x00000001
In clock cycle: 6
Register Write to Reg: 0x07 Val: 0x0000000A
In clock cycle: 7
Register Write to Reg: 0x0A Val: 0x0000000F
In clock cycle: 8
Register Write to Reg: 0x06 Val: 0x00000002
In clock cycle: 9
Register Write to Reg: 0x07 Val: 0x00000014
In clock cycle: 10
Register Write to Reg: 0x0A Val: 0x00000023
In clock cycle: 11
Register Write to Reg: 0x06 Val: 0x00000003
In clock cycle: 12
Register Write to Reg: 0x07 Val: 0x00000028
In clock cycle: 13
Register Write to Reg: 0x0A Val: 0x0000004B
In clock cycle: 14
Register Write to Reg: 0x06 Val: 0x00000004
In clock cycle: 15
Register Write to Reg: 0x07 Val: 0x00000050
In clock cycle: 16
Register Write to Reg: 0x0A Val: 0x0000009B
Execution is stopping! Clock Cycle: 17
