In clock cycle: 4
Register Write to Reg: 0x05 Val: 0xFFFFFFFF
In clock cycle: 7
Register Write to Reg: 0x0A Val: 0xFFFFFFFF
In clock cycle: 8
Register Write to Reg: 0x05 Val: 0xFFFFF000
In clock cycle: 11
Register Write to Reg: 0x05 Val: 0xFFFFF000
In clock cycle: 14
Register Write to Reg: 0x0A Val: 0x00000FFF
In clock cycle: 17
Register Write to Reg: 0x05 Val: 0xAAAAB000
In clock cycle: 20
Register Write to Reg: 0x05 Val: 0xAAAAAAAA
In clock cycle: 23
Register Write to Reg: 0x0A Val: 0xAAAAAFFF
In clock cycle: 24
Register Write to Reg: 0x05 Val: 0x80000000
In clock cycle: 27
Register Write to Reg: 0x05 Val: 0x80000000
In clock cycle: 30
Register Write to Reg: 0x0A Val: 0x7FFFFFFF
In clock cycle: 31
Register Write to Reg: 0x05 Val: 0x0000000F
In clock cycle: 34
Register Write to Reg: 0x0A Val: 0x00000000
Execution is stopping! Clock Cycle: 35
