In clock cycle: 4
Register Write to Reg: 0x05 Val: 0x00000000
In clock cycle: 5
Register Write to Reg: 0x06 Val: 0x00000001
In clock cycle: 6
Register Write to Reg: 0x07 Val: 0xFFFFFFFF
In clock cycle: 9
Register Write to Reg: 0x08 Val: 0x00000007
In clock cycle: 10
Register Write to Reg: 0x09 Val: 0x0000000A
In clock cycle: 11
Register Write to Reg: 0x0A Val: 0x00000001
In clock cycle: 14
Register Write to Reg: 0x0B Val: 0x00000001
In clock cycle: 17
Register Write to Reg: 0x0C Val: 0x00000000
In clock cycle: 20
Register Write to Reg: 0x14 Val: 0x00000000
In clock cycle: 21
Register Write to Reg: 0x0D Val: 0x00000000
In clock cycle: 24
Register Write to Reg: 0x15 Val: 0x00000000
In clock cycle: 25
Register Write to Reg: 0x0E Val: 0x0000000A
In clock cycle: 28
Register Write to Reg: 0x16 Val: 0x00000000
In clock cycle: 29
Register Write to Reg: 0x0F Val: 0x00000006
In clock cycle: 30
Register Write to Reg: 0x10 Val: 0x00000006
In clock cycle: 33
Register Write to Reg: 0x17 Val: 0x00000000
In clock cycle: 34
Register Write to Reg: 0x11 Val: 0x00000006
In clock cycle: 37
Register Write to Reg: 0x11 Val: 0x0000000C
In clock cycle: 38
Register Write to Reg: 0x12 Val: 0x0000000D
In clock cycle: 41
Register Write to Reg: 0x12 Val: 0x0000000C
In clock cycle: 44
Register Write to Reg: 0x18 Val: 0x00000000
Execution is stopping! Clock Cycle: 45
