In clock cycle: 4
Register Write to Reg: 0x05 Val: 0x00000001
In clock cycle: 7
Register Write to Reg: 0x06 Val: 0x00000000
In clock cycle: 8
Register Write to Reg: 0x07 Val: 0xFFFFFFFF
In clock cycle: 11
Register Write to Reg: 0x08 Val: 0x00000001
In clock cycle: 12
Register Write to Reg: 0x09 Val: 0x00000005
In clock cycle: 15
Register Write to Reg: 0x0A Val: 0x00000000
In clock cycle: 16
Register Write to Reg: 0x0B Val: 0x00000004
In clock cycle: 19
Register Write to Reg: 0x0C Val: 0x00000001
In clock cycle: 20
Register Write to Reg: 0x0D Val: 0x00000006
In clock cycle: 23
Register Write to Reg: 0x0E Val: 0x00000000
Execution is stopping! Clock Cycle: 24
