In clock cycle: 4
Register Write to Reg: 0x05 Val: 0xDEADC000
In clock cycle: 7
Register Write to Reg: 0x05 Val: 0xDEADBEEF
In clock cycle: 10
Register Write to Reg: 0x06 Val: 0x00000000
In clock cycle: 11
Register Write to Reg: 0x07 Val: 0x1001000C
In clock cycle: 14
Register Write to Reg: 0x07 Val: 0x10010000
In clock cycle: 16
Memory Write to Addr: 0x10010000 Val: 0x00000000
In clock cycle: 18
Register Write to Reg: 0x05 Val: 0xCAFEC000
In clock cycle: 21
Register Write to Reg: 0x05 Val: 0xCAFEBABE
In clock cycle: 24
Register Write to Reg: 0x06 Val: 0xCAFEBABE
In clock cycle: 25
Register Write to Reg: 0x07 Val: 0x10010024
In clock cycle: 28
Register Write to Reg: 0x07 Val: 0x10010004
In clock cycle: 30
Memory Write to Addr: 0x10010004 Val: 0xCAFEBABE
In clock cycle: 32
Register Write to Reg: 0x1C Val: 0x00000000
In clock cycle: 35
Register Write to Reg: 0x07 Val: 0x10010034
In clock cycle: 38
Register Write to Reg: 0x07 Val: 0x10010008
In clock cycle: 40
Memory Write to Addr: 0x10010008 Val: 0x00000000
Execution is stopping! Clock Cycle: 42
