In clock cycle: 4
Register Write to Reg: 0x05 Val: 0xFFFFF000
In clock cycle: 5
Register Write to Reg: 0x06 Val: 0xFFFFF800
In clock cycle: 6
Register Write to Reg: 0x06 Val: 0xFFFFFC00
In clock cycle: 7
Register Write to Reg: 0x06 Val: 0xFFFFFE00
In clock cycle: 8
Register Write to Reg: 0x06 Val: 0xFFFFFF00
In clock cycle: 9
Register Write to Reg: 0x06 Val: 0xFFFFFF80
In clock cycle: 10
Register Write to Reg: 0x06 Val: 0xFFFFFFC0
In clock cycle: 11
Register Write to Reg: 0x06 Val: 0xFFFFFFE0
In clock cycle: 12
Register Write to Reg: 0x06 Val: 0xFFFFFFF0
In clock cycle: 13
Register Write to Reg: 0x06 Val: 0xFFFFFFF8
In clock cycle: 14
Register Write to Reg: 0x06 Val: 0xFFFFFFFE
In clock cycle: 15
Register Write to Reg: 0x06 Val: 0xFFFFFFFF
In clock cycle: 16
Register Write to Reg: 0x06 Val: 0xFFFFFFFF
Execution is stopping! Clock Cycle: 17
