In clock cycle: 4
Register Write to Reg: 0x01 Val: 0x00000011
In clock cycle: 5
Register Write to Reg: 0x02 Val: 0x000003A8
In clock cycle: 6
Register Write to Reg: 0x03 Val: 0x000003B9
In clock cycle: 7
Register Write to Reg: 0x04 Val: 0xFFFFFFFB
In clock cycle: 8
Register Write to Reg: 0x05 Val: 0x00000025
In clock cycle: 9
Register Write to Reg: 0x06 Val: 0x00000020
In clock cycle: 10
Register Write to Reg: 0x07 Val: 0x000000C2
In clock cycle: 11
Register Write to Reg: 0x08 Val: 0xFFFFFFE6
In clock cycle: 12
Register Write to Reg: 0x09 Val: 0x000000A8
In clock cycle: 13
Register Write to Reg: 0x07 Val: 0xFFFFFEEA
In clock cycle: 14
Register Write to Reg: 0x08 Val: 0x0000003B
In clock cycle: 15
Register Write to Reg: 0x09 Val: 0xFFFFFF25
In clock cycle: 16
Register Write to Reg: 0x07 Val: 0x0000011C
In clock cycle: 17
Register Write to Reg: 0x08 Val: 0xFFFFFC3E
In clock cycle: 18
Register Write to Reg: 0x09 Val: 0xFFFFFD5A
In clock cycle: 19
Register Write to Reg: 0x0A Val: 0xFFFFFFE6
In clock cycle: 20
Register Write to Reg: 0x0B Val: 0xFFFFFFA4
In clock cycle: 21
Register Write to Reg: 0x0C Val: 0xFFFFFF8A
In clock cycle: 22
Register Write to Reg: 0x0C Val: 0x80000000
In clock cycle: 23
Register Write to Reg: 0x0D Val: 0x80000000
In clock cycle: 24
Register Write to Reg: 0x0E Val: 0x00000000
In clock cycle: 25
Register Write to Reg: 0x0F Val: 0x80000000
In clock cycle: 26
Register Write to Reg: 0x10 Val: 0x80000000
In clock cycle: 27
Register Write to Reg: 0x0F Val: 0x7FFFFFFF
In clock cycle: 28
Register Write to Reg: 0x10 Val: 0x7FFFFFFF
In clock cycle: 29
Register Write to Reg: 0x11 Val: 0xFFFFFFFE
Execution is stopping! Clock Cycle: 30
