In clock cycle: 4
Register Write to Reg: 0x05 Val: 0x00000000
In clock cycle: 5
Register Write to Reg: 0x06 Val: 0xFFFFFFFF
In clock cycle: 6
Register Write to Reg: 0x07 Val: 0x55555000
In clock cycle: 9
Register Write to Reg: 0x07 Val: 0x55555555
In clock cycle: 10
Register Write to Reg: 0x08 Val: 0xAAAAA000
In clock cycle: 13
Register Write to Reg: 0x08 Val: 0xAAAAA7FF
In clock cycle: 16
Register Write to Reg: 0x08 Val: 0xAAAAAAAA
In clock cycle: 17
Register Write to Reg: 0x09 Val: 0x80000000
In clock cycle: 18
Register Write to Reg: 0x0A Val: 0x7FFFF000
In clock cycle: 21
Register Write to Reg: 0x0A Val: 0x7FFFF7FF
In clock cycle: 24
Register Write to Reg: 0x0A Val: 0x7FFFFFFE
In clock cycle: 27
Register Write to Reg: 0x0A Val: 0x7FFFFFFF
In clock cycle: 30
Register Write to Reg: 0x0B Val: 0xDEADB000
In clock cycle: 33
Register Write to Reg: 0x0B Val: 0xDEADB7FF
In clock cycle: 36
Register Write to Reg: 0x0B Val: 0xDEADBEEF
In clock cycle: 37
Register Write to Reg: 0x0C Val: 0xBADC0000
In clock cycle: 40
Register Write to Reg: 0x0C Val: 0xBADC07FF
In clock cycle: 43
Register Write to Reg: 0x0C Val: 0xBADC0FFE
In clock cycle: 44
Register Write to Reg: 0x0D Val: 0xFFFFFFFF
In clock cycle: 47
Register Write to Reg: 0x14 Val: 0x00000000
In clock cycle: 48
Register Write to Reg: 0x0E Val: 0xFFFFFFFF
In clock cycle: 51
Register Write to Reg: 0x15 Val: 0x00000000
In clock cycle: 52
Register Write to Reg: 0x0F Val: 0xFFFFFFFF
In clock cycle: 55
Register Write to Reg: 0x16 Val: 0x00000000
In clock cycle: 56
Register Write to Reg: 0x10 Val: 0x6471B111
In clock cycle: 59
Register Write to Reg: 0x11 Val: 0xDEADBEEF
In clock cycle: 62
Register Write to Reg: 0x17 Val: 0x00000000
Execution is stopping! Clock Cycle: 63
