In clock cycle: 4
Register Write to Reg: 0x17 Val: 0x00000000
In clock cycle: 5
Register Write to Reg: 0x05 Val: 0x80000000
In clock cycle: 6
Register Write to Reg: 0x06 Val: 0xFFFFFFFF
In clock cycle: 9
Register Write to Reg: 0x1C Val: 0x7FFFFFFF
In clock cycle: 12
Register Write to Reg: 0x1D Val: 0xFFFFFFFF
In clock cycle: 15
Register Write to Reg: 0x1E Val: 0x00000000
In clock cycle: 18
Register Write to Reg: 0x17 Val: 0x00000000
In clock cycle: 19
Register Write to Reg: 0x09 Val: 0x00000000
In clock cycle: 22
Register Write to Reg: 0x09 Val: 0x80000000
In clock cycle: 25
Register Write to Reg: 0x12 Val: 0x00000000
In clock cycle: 28
Register Write to Reg: 0x17 Val: 0x00000000
In clock cycle: 29
Register Write to Reg: 0x13 Val: 0x00000000
In clock cycle: 32
Register Write to Reg: 0x13 Val: 0x7FFFFFFF
In clock cycle: 35
Register Write to Reg: 0x14 Val: 0x00000000
In clock cycle: 38
Register Write to Reg: 0x17 Val: 0x00000000
In clock cycle: 39
Register Write to Reg: 0x15 Val: 0xFFFFFFFF
In clock cycle: 42
Register Write to Reg: 0x16 Val: 0x00000000
In clock cycle: 45
Register Write to Reg: 0x17 Val: 0x00000000
In clock cycle: 48
Register Write to Reg: 0x03 Val: 0x00000000
Execution is stopping! Clock Cycle: 49
