In clock cycle: 4
Register Write to Reg: 0x08 Val: 0x00000123
In clock cycle: 5
Register Write to Reg: 0x00 Val: 0x00400008
In clock cycle: 6
Register Write to Reg: 0x08 Val: 0xFFFFFFFF
In clock cycle: 7
Register Write to Reg: 0x09 Val: 0x00000123
In clock cycle: 8
Register Write to Reg: 0x09 Val: 0x00000123
In clock cycle: 10
Register Write to Reg: 0x08 Val: 0xFFFFFFFF
In clock cycle: 11
Register Write to Reg: 0x01 Val: 0x0040001C
In clock cycle: 12
Register Write to Reg: 0x13 Val: 0x00000123
In clock cycle: 14
Register Write to Reg: 0x12 Val: 0x00000123
In clock cycle: 15
Register Write to Reg: 0x00 Val: 0x00400034
Execution is stopping! Clock Cycle: 16
