In clock cycle: 4
Register Write to Reg: 0x01 Val: 0x00000007
In clock cycle: 6
Register Write to Reg: 0x0A Val: 0x00000001
In clock cycle: 7
Register Write to Reg: 0x03 Val: 0x00000001
In clock cycle: 10
Register Write to Reg: 0x00 Val: 0x00000000
In clock cycle: 11
Register Write to Reg: 0x01 Val: 0x00000000
In clock cycle: 14
Register Write to Reg: 0x00 Val: 0x00000000
In clock cycle: 15
Register Write to Reg: 0x01 Val: 0x0000000A
In clock cycle: 16
Register Write to Reg: 0x02 Val: 0x0000000A
In clock cycle: 19
Register Write to Reg: 0x00 Val: 0x00000000
In clock cycle: 20
Register Write to Reg: 0x01 Val: 0x00000037
In clock cycle: 21
Register Write to Reg: 0x02 Val: 0x00000037
In clock cycle: 22
Register Write to Reg: 0x03 Val: 0x00000000
In clock cycle: 25
Register Write to Reg: 0x00 Val: 0x00000000
In clock cycle: 28
Register Write to Reg: 0x00 Val: 0x00000000
In clock cycle: 31
Register Write to Reg: 0x00 Val: 0x00000000
In clock cycle: 32
Register Write to Reg: 0x0B Val: 0x00000001
In clock cycle: 35
Register Write to Reg: 0x00 Val: 0x00000000
Execution is stopping! Clock Cycle: 36
