In clock cycle: 4
Register Write to Reg: 0x05 Val: 0x10010000
In clock cycle: 7
Register Write to Reg: 0x05 Val: 0x10010000
In clock cycle: 8
Register Write to Reg: 0x06 Val: 0x10010008
In clock cycle: 11
Register Write to Reg: 0x06 Val: 0x10010004
In clock cycle: 12
Register Write to Reg: 0x07 Val: 0x00400010
In clock cycle: 15
Register Write to Reg: 0x07 Val: 0x0040001C
In clock cycle: 18
Register Write to Reg: 0x01 Val: 0x0040001C
In clock cycle: 20
Register Write to Reg: 0x00 Val: 0x00000000
In clock cycle: 20
Memory Write to Addr: 0x10010000 Val: 0x10010000
In clock cycle: 22
Register Write to Reg: 0x01 Val: 0x00400028
In clock cycle: 25
Register Write to Reg: 0x00 Val: 0x00400028
In clock cycle: 27
Register Write to Reg: 0x00 Val: 0x00000000
In clock cycle: 27
Memory Write to Addr: 0x10010004 Val: 0x00400028
Execution is stopping! Clock Cycle: 29
