In clock cycle: 4
Register Write to Reg: 0x08 Val: 0x10010000
In clock cycle: 5
Register Write to Reg: 0x08 Val: 0x10010000
In clock cycle: 6
Register Write to Reg: 0x15 Val: 0x10010008
In clock cycle: 7
Register Write to Reg: 0x15 Val: 0x1001004C
In clock cycle: 8
Register Write to Reg: 0x15 Val: 0x00000013
In clock cycle: 9
Register Write to Reg: 0x12 Val: 0x00000001
In clock cycle: 9
Memory Write to Addr: 0x10010000 Val: 0x00000001
In clock cycle: 10
Memory Write to Addr: 0x10010004 Val: 0x00000001
In clock cycle: 12
Register Write to Reg: 0x09 Val: 0x00000011
In clock cycle: 13
Register Write to Reg: 0x13 Val: 0x00000001
In clock cycle: 14
Register Write to Reg: 0x14 Val: 0x00000001
In clock cycle: 16
Register Write to Reg: 0x12 Val: 0x00000002
In clock cycle: 16
Memory Write to Addr: 0x10010008 Val: 0x00000002
In clock cycle: 18
Register Write to Reg: 0x08 Val: 0x10010004
In clock cycle: 19
Register Write to Reg: 0x09 Val: 0x00000010
In clock cycle: 22
Register Write to Reg: 0x00 Val: 0x00000000
In clock cycle: 23
Register Write to Reg: 0x13 Val: 0x00000001
In clock cycle: 24
Register Write to Reg: 0x14 Val: 0x00000002
In clock cycle: 26
Register Write to Reg: 0x12 Val: 0x00000003
In clock cycle: 26
Memory Write to Addr: 0x1001000C Val: 0x00000003
In clock cycle: 28
Register Write to Reg: 0x08 Val: 0x10010008
In clock cycle: 29
Register Write to Reg: 0x09 Val: 0x0000000F
In clock cycle: 31
Register Write to Reg: 0x00 Val: 0x00000000
In clock cycle: 32
Register Write to Reg: 0x13 Val: 0x00000002
In clock cycle: 33
Register Write to Reg: 0x14 Val: 0x00000003
In clock cycle: 35
Register Write to Reg: 0x12 Val: 0x00000005
In clock cycle: 35
Memory Write to Addr: 0x10010010 Val: 0x00000005
In clock cycle: 37
Register Write to Reg: 0x08 Val: 0x1001000C
In clock cycle: 38
Register Write to Reg: 0x09 Val: 0x0000000E
In clock cycle: 40
Register Write to Reg: 0x00 Val: 0x00000000
In clock cycle: 41
Register Write to Reg: 0x13 Val: 0x00000003
In clock cycle: 42
Register Write to Reg: 0x14 Val: 0x00000005
In clock cycle: 44
Register Write to Reg: 0x12 Val: 0x00000008
In clock cycle: 44
Memory Write to Addr: 0x10010014 Val: 0x00000008
In clock cycle: 46
Register Write to Reg: 0x08 Val: 0x10010010
In clock cycle: 47
Register Write to Reg: 0x09 Val: 0x0000000D
In clock cycle: 49
Register Write to Reg: 0x00 Val: 0x00000000
In clock cycle: 50
Register Write to Reg: 0x13 Val: 0x00000005
In clock cycle: 51
Register Write to Reg: 0x14 Val: 0x00000008
In clock cycle: 53
Register Write to Reg: 0x12 Val: 0x0000000D
In clock cycle: 53
Memory Write to Addr: 0x10010018 Val: 0x0000000D
In clock cycle: 55
Register Write to Reg: 0x08 Val: 0x10010014
In clock cycle: 56
Register Write to Reg: 0x09 Val: 0x0000000C
In clock cycle: 58
Register Write to Reg: 0x00 Val: 0x00000000
In clock cycle: 59
Register Write to Reg: 0x13 Val: 0x00000008
In clock cycle: 60
Register Write to Reg: 0x14 Val: 0x0000000D
In clock cycle: 62
Register Write to Reg: 0x12 Val: 0x00000015
In clock cycle: 62
Memory Write to Addr: 0x1001001C Val: 0x00000015
In clock cycle: 64
Register Write to Reg: 0x08 Val: 0x10010018
In clock cycle: 65
Register Write to Reg: 0x09 Val: 0x0000000B
In clock cycle: 67
Register Write to Reg: 0x00 Val: 0x00000000
In clock cycle: 68
Register Write to Reg: 0x13 Val: 0x0000000D
In clock cycle: 69
Register Write to Reg: 0x14 Val: 0x00000015
In clock cycle: 71
Register Write to Reg: 0x12 Val: 0x00000022
In clock cycle: 71
Memory Write to Addr: 0x10010020 Val: 0x00000022
In clock cycle: 73
Register Write to Reg: 0x08 Val: 0x1001001C
In clock cycle: 74
Register Write to Reg: 0x09 Val: 0x0000000A
In clock cycle: 76
Register Write to Reg: 0x00 Val: 0x00000000
In clock cycle: 77
Register Write to Reg: 0x13 Val: 0x00000015
In clock cycle: 78
Register Write to Reg: 0x14 Val: 0x00000022
In clock cycle: 80
Register Write to Reg: 0x12 Val: 0x00000037
In clock cycle: 80
Memory Write to Addr: 0x10010024 Val: 0x00000037
In clock cycle: 82
Register Write to Reg: 0x08 Val: 0x10010020
In clock cycle: 83
Register Write to Reg: 0x09 Val: 0x00000009
In clock cycle: 85
Register Write to Reg: 0x00 Val: 0x00000000
In clock cycle: 86
Register Write to Reg: 0x13 Val: 0x00000022
In clock cycle: 87
Register Write to Reg: 0x14 Val: 0x00000037
In clock cycle: 89
Register Write to Reg: 0x12 Val: 0x00000059
In clock cycle: 89
Memory Write to Addr: 0x10010028 Val: 0x00000059
In clock cycle: 91
Register Write to Reg: 0x08 Val: 0x10010024
In clock cycle: 92
Register Write to Reg: 0x09 Val: 0x00000008
In clock cycle: 94
Register Write to Reg: 0x00 Val: 0x00000000
In clock cycle: 95
Register Write to Reg: 0x13 Val: 0x00000037
In clock cycle: 96
Register Write to Reg: 0x14 Val: 0x00000059
In clock cycle: 98
Register Write to Reg: 0x12 Val: 0x00000090
In clock cycle: 98
Memory Write to Addr: 0x1001002C Val: 0x00000090
In clock cycle: 100
Register Write to Reg: 0x08 Val: 0x10010028
In clock cycle: 101
Register Write to Reg: 0x09 Val: 0x00000007
In clock cycle: 103
Register Write to Reg: 0x00 Val: 0x00000000
In clock cycle: 104
Register Write to Reg: 0x13 Val: 0x00000059
In clock cycle: 105
Register Write to Reg: 0x14 Val: 0x00000090
In clock cycle: 107
Register Write to Reg: 0x12 Val: 0x000000E9
In clock cycle: 107
Memory Write to Addr: 0x10010030 Val: 0x000000E9
In clock cycle: 109
Register Write to Reg: 0x08 Val: 0x1001002C
In clock cycle: 110
Register Write to Reg: 0x09 Val: 0x00000006
In clock cycle: 112
Register Write to Reg: 0x00 Val: 0x00000000
In clock cycle: 113
Register Write to Reg: 0x13 Val: 0x00000090
In clock cycle: 114
Register Write to Reg: 0x14 Val: 0x000000E9
In clock cycle: 116
Register Write to Reg: 0x12 Val: 0x00000179
In clock cycle: 116
Memory Write to Addr: 0x10010034 Val: 0x00000179
In clock cycle: 118
Register Write to Reg: 0x08 Val: 0x10010030
In clock cycle: 119
Register Write to Reg: 0x09 Val: 0x00000005
In clock cycle: 121
Register Write to Reg: 0x00 Val: 0x00000000
In clock cycle: 122
Register Write to Reg: 0x13 Val: 0x000000E9
In clock cycle: 123
Register Write to Reg: 0x14 Val: 0x00000179
In clock cycle: 125
Register Write to Reg: 0x12 Val: 0x00000262
In clock cycle: 125
Memory Write to Addr: 0x10010038 Val: 0x00000262
In clock cycle: 127
Register Write to Reg: 0x08 Val: 0x10010034
In clock cycle: 128
Register Write to Reg: 0x09 Val: 0x00000004
In clock cycle: 130
Register Write to Reg: 0x00 Val: 0x00000000
In clock cycle: 131
Register Write to Reg: 0x13 Val: 0x00000179
In clock cycle: 132
Register Write to Reg: 0x14 Val: 0x00000262
In clock cycle: 134
Register Write to Reg: 0x12 Val: 0x000003DB
In clock cycle: 134
Memory Write to Addr: 0x1001003C Val: 0x000003DB
In clock cycle: 136
Register Write to Reg: 0x08 Val: 0x10010038
In clock cycle: 137
Register Write to Reg: 0x09 Val: 0x00000003
In clock cycle: 139
Register Write to Reg: 0x00 Val: 0x00000000
In clock cycle: 140
Register Write to Reg: 0x13 Val: 0x00000262
In clock cycle: 141
Register Write to Reg: 0x14 Val: 0x000003DB
In clock cycle: 143
Register Write to Reg: 0x12 Val: 0x0000063D
In clock cycle: 143
Memory Write to Addr: 0x10010040 Val: 0x0000063D
In clock cycle: 145
Register Write to Reg: 0x08 Val: 0x1001003C
In clock cycle: 146
Register Write to Reg: 0x09 Val: 0x00000002
In clock cycle: 148
Register Write to Reg: 0x00 Val: 0x00000000
In clock cycle: 149
Register Write to Reg: 0x13 Val: 0x000003DB
In clock cycle: 150
Register Write to Reg: 0x14 Val: 0x0000063D
In clock cycle: 152
Register Write to Reg: 0x12 Val: 0x00000A18
In clock cycle: 152
Memory Write to Addr: 0x10010044 Val: 0x00000A18
In clock cycle: 154
Register Write to Reg: 0x08 Val: 0x10010040
In clock cycle: 155
Register Write to Reg: 0x09 Val: 0x00000001
In clock cycle: 157
Register Write to Reg: 0x00 Val: 0x00000000
In clock cycle: 158
Register Write to Reg: 0x13 Val: 0x0000063D
In clock cycle: 159
Register Write to Reg: 0x14 Val: 0x00000A18
In clock cycle: 161
Register Write to Reg: 0x12 Val: 0x00001055
In clock cycle: 161
Memory Write to Addr: 0x10010048 Val: 0x00001055
In clock cycle: 163
Register Write to Reg: 0x08 Val: 0x10010044
In clock cycle: 164
Register Write to Reg: 0x09 Val: 0x00000000
In clock cycle: 167
Register Write to Reg: 0x00 Val: 0x00000000
In clock cycle: 168
Register Write to Reg: 0x0A Val: 0x10010040
In clock cycle: 169
Register Write to Reg: 0x0A Val: 0x10010000
In clock cycle: 170
Register Write to Reg: 0x0B Val: 0x00000013
In clock cycle: 171
Register Write to Reg: 0x01 Val: 0x00400050
In clock cycle: 173
Register Write to Reg: 0x00 Val: 0x00000000
In clock cycle: 174
Register Write to Reg: 0x05 Val: 0x10010000
In clock cycle: 175
Register Write to Reg: 0x06 Val: 0x00000013
In clock cycle: 176
Register Write to Reg: 0x0A Val: 0x1001005C
In clock cycle: 177
Register Write to Reg: 0x0A Val: 0x10010052
In clock cycle: 178
Register Write to Reg: 0x11 Val: 0x00000004
Execution is stopping! Clock Cycle: 179
