In clock cycle: 4
Register Write to Reg: 0x01 Val: 0x00000000
In clock cycle: 5
Register Write to Reg: 0x02 Val: 0x00000000
In clock cycle: 8
Register Write to Reg: 0x00 Val: 0x00000000
In clock cycle: 9
Register Write to Reg: 0x01 Val: 0x0000002A
In clock cycle: 10
Register Write to Reg: 0x02 Val: 0x0000002A
In clock cycle: 13
Register Write to Reg: 0x00 Val: 0x00000000
In clock cycle: 14
Register Write to Reg: 0x01 Val: 0xFFFFFFFF
In clock cycle: 15
Register Write to Reg: 0x02 Val: 0xFFFFFFFF
In clock cycle: 18
Register Write to Reg: 0x00 Val: 0x00000000
In clock cycle: 19
Register Write to Reg: 0x01 Val: 0x000007FF
In clock cycle: 20
Register Write to Reg: 0x02 Val: 0x000007FF
In clock cycle: 23
Register Write to Reg: 0x00 Val: 0x00000000
In clock cycle: 24
Register Write to Reg: 0x01 Val: 0x00000063
In clock cycle: 27
Register Write to Reg: 0x00 Val: 0x00000000
Execution is stopping! Clock Cycle: 28
