In clock cycle: 4
Register Write to Reg: 0x01 Val: 0x10010000
In clock cycle: 5
Register Write to Reg: 0x01 Val: 0x10010000
In clock cycle: 6
Register Write to Reg: 0x01 Val: 0x10010001
In clock cycle: 7
Register Write to Reg: 0x05 Val: 0xFFFFFFFF
In clock cycle: 8
Register Write to Reg: 0x06 Val: 0xFFFFFFFF
In clock cycle: 9
Register Write to Reg: 0x07 Val: 0xFFFFFFFF
In clock cycle: 10
Register Write to Reg: 0x08 Val: 0xFFFFFFFF
In clock cycle: 11
Register Write to Reg: 0x05 Val: 0x000000AA
In clock cycle: 12
Register Write to Reg: 0x06 Val: 0x000000BB
In clock cycle: 13
Register Write to Reg: 0x07 Val: 0x000000CC
In clock cycle: 14
Register Write to Reg: 0x08 Val: 0x000000DD
Execution is stopping! Clock Cycle: 15
