QuestaSim-64 vcom 2025.1_2 Compiler 2025.04 Apr  7 2025
Start time: 13:30:14 on Apr 27,2026
vcom -2008 -work internal/ModelSimContainer/work proj/src/RISCV_types.vhd internal/testpy/tb.vhd proj/src/RISCV_types.vhd proj/src/TopLevel/forwarding_unit.vhd proj/src/TopLevel/tb_PipelineRegisters.vhd proj/src/TopLevel/sw_fetch_unit.vhd proj/src/TopLevel/mem.vhd proj/src/TopLevel/hazard_detection_unit.vhd proj/src/TopLevel/IFID_PipelineRegister.vhd proj/src/TopLevel/EXMEM_PipelineRegister.vhd proj/src/TopLevel/IDEX_PipelineRegister.vhd proj/src/TopLevel/mux3t1_N.vhd proj/src/TopLevel/MEMWB_PipelineRegister.vhd proj/src/TopLevel/RISCV_Processor.vhd proj/src/components/full_adder.vhd proj/src/components/mux_32to1.vhd proj/src/components/addsub_32.vhd proj/src/components/invg.vhd proj/src/components/fetch_unit.vhd proj/src/components/sc_processor_alu_control.vhd proj/src/components/sc_processor_control_unit.vhd proj/src/components/register_file.vhd proj/src/components/andg2.vhd proj/src/components/bitextender_20to32.vhd proj/src/components/xorg2.vhd proj/src/components/source_register.vhd proj/src/components/bitextender_12to32.vhd proj/src/components/branch_resolver.vhd proj/src/components/barrel_shifter.vhd proj/src/components/ripple_carry_adderN.vhd proj/src/components/mux2t1.vhd proj/src/components/org2.vhd proj/src/components/dffg.vhd proj/src/components/immediate_generator.vhd proj/src/components/mux2t1_N.vhd proj/src/components/register_NBit.vhd proj/src/components/decoder_5to32.vhd proj/src/components/alu_32.vhd 
-- Loading package STANDARD
-- Loading package TEXTIO
-- Loading package std_logic_1164
-- Compiling package RISCV_types
-- Compiling package body RISCV_types
-- Loading package RISCV_types
-- Loading package std_logic_textio
-- Loading package ENV
-- Compiling entity tb
-- Compiling architecture mixed of tb
** Warning: proj/src/RISCV_types.vhd(14): (vcom-1615) Existing package 'RISCV_types' at line 17 will be overwritten.
-- Compiling package RISCV_types
** Warning: proj/src/RISCV_types.vhd(30): (vcom-1615) Existing package body 'RISCV_types(body)' at line 30 will be overwritten.
-- Compiling package body RISCV_types
-- Loading package RISCV_types
-- Compiling entity forwarding_unit
-- Compiling architecture structure of forwarding_unit
** Error: proj/src/TopLevel/forwarding_unit.vhd(91): Labels do not match: 'structure' and 'structural'.
** Note: proj/src/TopLevel/forwarding_unit.vhd(91): VHDL Compiler exiting
End time: 13:30:14 on Apr 27,2026, Elapsed time: 0:00:00
Errors: 1, Warnings: 2
