In clock cycle: 4
Register Write to Reg: 0x1F Val: 0x00000000
In clock cycle: 5
Register Write to Reg: 0x05 Val: 0x00000005
In clock cycle: 6
Register Write to Reg: 0x06 Val: 0x00000007
In clock cycle: 9
Register Write to Reg: 0x07 Val: 0x00000001
In clock cycle: 10
Register Write to Reg: 0x08 Val: 0x00000001
In clock cycle: 13
Register Write to Reg: 0x09 Val: 0x00000000
In clock cycle: 16
Register Write to Reg: 0x1F Val: 0x00000000
In clock cycle: 17
Register Write to Reg: 0x05 Val: 0x00000007
In clock cycle: 20
Register Write to Reg: 0x06 Val: 0x00000005
In clock cycle: 23
Register Write to Reg: 0x07 Val: 0x00000000
In clock cycle: 24
Register Write to Reg: 0x08 Val: 0x00000000
In clock cycle: 27
Register Write to Reg: 0x09 Val: 0x00000000
In clock cycle: 30
Register Write to Reg: 0x1F Val: 0x00000000
In clock cycle: 31
Register Write to Reg: 0x05 Val: 0x00000000
In clock cycle: 32
Register Write to Reg: 0x06 Val: 0x00000000
In clock cycle: 35
Register Write to Reg: 0x07 Val: 0x00000000
In clock cycle: 36
Register Write to Reg: 0x08 Val: 0x00000000
In clock cycle: 39
Register Write to Reg: 0x09 Val: 0x00000000
In clock cycle: 42
Register Write to Reg: 0x1F Val: 0x00000000
In clock cycle: 45
Register Write to Reg: 0x05 Val: 0xFFFFFFFF
In clock cycle: 46
Register Write to Reg: 0x06 Val: 0x00000000
In clock cycle: 49
Register Write to Reg: 0x07 Val: 0x00000001
In clock cycle: 50
Register Write to Reg: 0x08 Val: 0x00000001
In clock cycle: 53
Register Write to Reg: 0x09 Val: 0x00000000
In clock cycle: 56
Register Write to Reg: 0x1F Val: 0x00000000
In clock cycle: 57
Register Write to Reg: 0x05 Val: 0xFFFFFFFC
In clock cycle: 58
Register Write to Reg: 0x06 Val: 0xFFFFFFFD
In clock cycle: 61
Register Write to Reg: 0x07 Val: 0x00000001
In clock cycle: 62
Register Write to Reg: 0x08 Val: 0x00000001
In clock cycle: 65
Register Write to Reg: 0x09 Val: 0x00000000
In clock cycle: 68
Register Write to Reg: 0x1F Val: 0x00000000
In clock cycle: 69
Register Write to Reg: 0x05 Val: 0xFFFFFFFD
In clock cycle: 70
Register Write to Reg: 0x06 Val: 0xFFFFFFFC
In clock cycle: 73
Register Write to Reg: 0x07 Val: 0x00000000
In clock cycle: 74
Register Write to Reg: 0x08 Val: 0x00000000
In clock cycle: 77
Register Write to Reg: 0x09 Val: 0x00000000
In clock cycle: 80
Register Write to Reg: 0x1F Val: 0x00000000
Execution is stopping! Clock Cycle: 81
