In clock cycle: 4
Register Write to Reg: 0x05 Val: 0x00000000
In clock cycle: 7
Register Write to Reg: 0x05 Val: 0x00000001
In clock cycle: 8
Register Write to Reg: 0x05 Val: 0x00000000
In clock cycle: 9
Register Write to Reg: 0x06 Val: 0xBEEF0000
In clock cycle: 10
Register Write to Reg: 0x07 Val: 0x00000004
In clock cycle: 13
Register Write to Reg: 0x05 Val: 0x0BEEF000
In clock cycle: 16
Register Write to Reg: 0x05 Val: 0x00BEEF00
In clock cycle: 19
Register Write to Reg: 0x05 Val: 0x000BEEF0
In clock cycle: 22
Register Write to Reg: 0x05 Val: 0x0000BEEF
In clock cycle: 25
Register Write to Reg: 0x05 Val: 0x00000BEE
In clock cycle: 28
Register Write to Reg: 0x05 Val: 0x000000BE
In clock cycle: 31
Register Write to Reg: 0x05 Val: 0x0000000B
In clock cycle: 34
Register Write to Reg: 0x05 Val: 0x00000000
In clock cycle: 37
Register Write to Reg: 0x05 Val: 0x00000000
Execution is stopping! Clock Cycle: 40
