In clock cycle: 4
Register Write to Reg: 0x1F Val: 0x00000000
In clock cycle: 5
Register Write to Reg: 0x05 Val: 0x80000000
In clock cycle: 6
Register Write to Reg: 0x06 Val: 0x80000000
In clock cycle: 9
Register Write to Reg: 0x06 Val: 0x7FFFFFFF
In clock cycle: 12
Register Write to Reg: 0x07 Val: 0x00000001
In clock cycle: 13
Register Write to Reg: 0x08 Val: 0x00000001
In clock cycle: 16
Register Write to Reg: 0x09 Val: 0x00000000
In clock cycle: 19
Register Write to Reg: 0x1F Val: 0x00000000
In clock cycle: 20
Register Write to Reg: 0x07 Val: 0x00000000
In clock cycle: 21
Register Write to Reg: 0x08 Val: 0x00000000
In clock cycle: 24
Register Write to Reg: 0x09 Val: 0x00000000
In clock cycle: 27
Register Write to Reg: 0x1F Val: 0x00000000
In clock cycle: 30
Register Write to Reg: 0x0A Val: 0xFFFFFFFF
In clock cycle: 33
Register Write to Reg: 0x07 Val: 0x00000001
In clock cycle: 34
Register Write to Reg: 0x08 Val: 0x00000001
In clock cycle: 37
Register Write to Reg: 0x09 Val: 0x00000000
In clock cycle: 40
Register Write to Reg: 0x1F Val: 0x00000000
In clock cycle: 41
Register Write to Reg: 0x07 Val: 0x00000000
In clock cycle: 42
Register Write to Reg: 0x08 Val: 0x00000000
In clock cycle: 45
Register Write to Reg: 0x09 Val: 0x00000000
In clock cycle: 48
Register Write to Reg: 0x1F Val: 0x00000000
In clock cycle: 49
Register Write to Reg: 0x0A Val: 0x00000000
In clock cycle: 52
Register Write to Reg: 0x07 Val: 0x00000000
In clock cycle: 53
Register Write to Reg: 0x08 Val: 0x00000000
In clock cycle: 56
Register Write to Reg: 0x09 Val: 0x00000000
In clock cycle: 59
Register Write to Reg: 0x1F Val: 0x00000000
In clock cycle: 60
Register Write to Reg: 0x07 Val: 0x00000000
In clock cycle: 61
Register Write to Reg: 0x08 Val: 0x00000000
In clock cycle: 64
Register Write to Reg: 0x09 Val: 0x00000000
In clock cycle: 67
Register Write to Reg: 0x1F Val: 0x00000000
Execution is stopping! Clock Cycle: 68
