Info: *******************************************************************
Info: Running Quartus Prime Analysis & Synthesis
    Info: Version 20.1.1 Build 720 11/11/2020 SJ Standard Edition
    Info: Copyright (C) 2020  Intel Corporation. All rights reserved.
    Info: Your use of Intel Corporation's design tools, logic functions 
    Info: and other software and tools, and any partner logic 
    Info: functions, and any output files from any of the foregoing 
    Info: (including device programming or simulation files), and any 
    Info: associated documentation or information are expressly subject 
    Info: to the terms and conditions of the Intel Program License 
    Info: Subscription Agreement, the Intel Quartus Prime License Agreement,
    Info: the Intel FPGA IP License Agreement, or other applicable license
    Info: agreement, including, without limitation, that your use is for
    Info: the sole purpose of programming logic devices manufactured by
    Info: Intel and sold by Intel or its authorized distributors.  Please
    Info: refer to the applicable agreement for further details, at
    Info: https://fpgasoftware.intel.com/eula.
    Info: Processing started: Thu May  7 00:23:23 2026
Info: Command: quartus_map --read_settings_files=on --write_settings_files=off toolflow -c toolflow
Warning (18236): Number of processors has not been specified which may cause overloading on shared machines.  Set the global assignment NUM_PARALLEL_PROCESSORS in your QSF to an appropriate value for best performance.
Info (20030): Parallel compilation is enabled and will use 4 of the 4 processors detected
Info (12021): Found 2 design units, including 0 entities, in source file /home/jaypp123/Desktop/CPRE3810/project1/maintoolflow/risc_v_processor/cpre3810-toolflow-3/proj/src/RISCV_types.vhd
    Info (12022): Found design unit 1: RISCV_types File: /home/jaypp123/Desktop/CPRE3810/project1/maintoolflow/risc_v_processor/cpre3810-toolflow-3/proj/src/RISCV_types.vhd Line: 14
    Info (12022): Found design unit 2: RISCV_types-body File: /home/jaypp123/Desktop/CPRE3810/project1/maintoolflow/risc_v_processor/cpre3810-toolflow-3/proj/src/RISCV_types.vhd Line: 30
Info (12021): Found 2 design units, including 1 entities, in source file /home/jaypp123/Desktop/CPRE3810/project1/maintoolflow/risc_v_processor/cpre3810-toolflow-3/proj/src/TopLevel/EXMEM_PipelineRegister.vhd
    Info (12022): Found design unit 1: EXMEM_PipelineRegister-structural File: /home/jaypp123/Desktop/CPRE3810/project1/maintoolflow/risc_v_processor/cpre3810-toolflow-3/proj/src/TopLevel/EXMEM_PipelineRegister.vhd Line: 78
    Info (12023): Found entity 1: EXMEM_PipelineRegister File: /home/jaypp123/Desktop/CPRE3810/project1/maintoolflow/risc_v_processor/cpre3810-toolflow-3/proj/src/TopLevel/EXMEM_PipelineRegister.vhd Line: 11
Info (12021): Found 2 design units, including 1 entities, in source file /home/jaypp123/Desktop/CPRE3810/project1/maintoolflow/risc_v_processor/cpre3810-toolflow-3/proj/src/TopLevel/IDEX_PipelineRegister.vhd
    Info (12022): Found design unit 1: IDEX_PipelineRegister-structural File: /home/jaypp123/Desktop/CPRE3810/project1/maintoolflow/risc_v_processor/cpre3810-toolflow-3/proj/src/TopLevel/IDEX_PipelineRegister.vhd Line: 73
    Info (12023): Found entity 1: IDEX_PipelineRegister File: /home/jaypp123/Desktop/CPRE3810/project1/maintoolflow/risc_v_processor/cpre3810-toolflow-3/proj/src/TopLevel/IDEX_PipelineRegister.vhd Line: 11
Info (12021): Found 2 design units, including 1 entities, in source file /home/jaypp123/Desktop/CPRE3810/project1/maintoolflow/risc_v_processor/cpre3810-toolflow-3/proj/src/TopLevel/IFID_PipelineRegister.vhd
    Info (12022): Found design unit 1: IFID_PipelineRegister-structural File: /home/jaypp123/Desktop/CPRE3810/project1/maintoolflow/risc_v_processor/cpre3810-toolflow-3/proj/src/TopLevel/IFID_PipelineRegister.vhd Line: 33
    Info (12023): Found entity 1: IFID_PipelineRegister File: /home/jaypp123/Desktop/CPRE3810/project1/maintoolflow/risc_v_processor/cpre3810-toolflow-3/proj/src/TopLevel/IFID_PipelineRegister.vhd Line: 13
Info (12021): Found 2 design units, including 1 entities, in source file /home/jaypp123/Desktop/CPRE3810/project1/maintoolflow/risc_v_processor/cpre3810-toolflow-3/proj/src/TopLevel/MEMWB_PipelineRegister.vhd
    Info (12022): Found design unit 1: MEMWB_PipelineRegister-structural File: /home/jaypp123/Desktop/CPRE3810/project1/maintoolflow/risc_v_processor/cpre3810-toolflow-3/proj/src/TopLevel/MEMWB_PipelineRegister.vhd Line: 49
    Info (12023): Found entity 1: MEMWB_PipelineRegister File: /home/jaypp123/Desktop/CPRE3810/project1/maintoolflow/risc_v_processor/cpre3810-toolflow-3/proj/src/TopLevel/MEMWB_PipelineRegister.vhd Line: 11
Info (12021): Found 2 design units, including 1 entities, in source file /home/jaypp123/Desktop/CPRE3810/project1/maintoolflow/risc_v_processor/cpre3810-toolflow-3/proj/src/TopLevel/RISCV_Processor.vhd
    Info (12022): Found design unit 1: RISCV_Processor-structure File: /home/jaypp123/Desktop/CPRE3810/project1/maintoolflow/risc_v_processor/cpre3810-toolflow-3/proj/src/TopLevel/RISCV_Processor.vhd Line: 37
    Info (12023): Found entity 1: RISCV_Processor File: /home/jaypp123/Desktop/CPRE3810/project1/maintoolflow/risc_v_processor/cpre3810-toolflow-3/proj/src/TopLevel/RISCV_Processor.vhd Line: 25
Info (12021): Found 2 design units, including 1 entities, in source file /home/jaypp123/Desktop/CPRE3810/project1/maintoolflow/risc_v_processor/cpre3810-toolflow-3/proj/src/TopLevel/forwarding_unit.vhd
    Info (12022): Found design unit 1: forwarding_unit-structural File: /home/jaypp123/Desktop/CPRE3810/project1/maintoolflow/risc_v_processor/cpre3810-toolflow-3/proj/src/TopLevel/forwarding_unit.vhd Line: 37
    Info (12023): Found entity 1: forwarding_unit File: /home/jaypp123/Desktop/CPRE3810/project1/maintoolflow/risc_v_processor/cpre3810-toolflow-3/proj/src/TopLevel/forwarding_unit.vhd Line: 18
Info (12021): Found 2 design units, including 1 entities, in source file /home/jaypp123/Desktop/CPRE3810/project1/maintoolflow/risc_v_processor/cpre3810-toolflow-3/proj/src/TopLevel/hazard_detection_unit.vhd
    Info (12022): Found design unit 1: hazard_detection_unit-structural File: /home/jaypp123/Desktop/CPRE3810/project1/maintoolflow/risc_v_processor/cpre3810-toolflow-3/proj/src/TopLevel/hazard_detection_unit.vhd Line: 20
    Info (12023): Found entity 1: hazard_detection_unit File: /home/jaypp123/Desktop/CPRE3810/project1/maintoolflow/risc_v_processor/cpre3810-toolflow-3/proj/src/TopLevel/hazard_detection_unit.vhd Line: 10
Info (12021): Found 2 design units, including 1 entities, in source file /home/jaypp123/Desktop/CPRE3810/project1/maintoolflow/risc_v_processor/cpre3810-toolflow-3/proj/src/TopLevel/mem.vhd
    Info (12022): Found design unit 1: mem-rtl File: /home/jaypp123/Desktop/CPRE3810/project1/maintoolflow/risc_v_processor/cpre3810-toolflow-3/proj/src/TopLevel/mem.vhd Line: 27
    Info (12023): Found entity 1: mem File: /home/jaypp123/Desktop/CPRE3810/project1/maintoolflow/risc_v_processor/cpre3810-toolflow-3/proj/src/TopLevel/mem.vhd Line: 8
Info (12021): Found 2 design units, including 1 entities, in source file /home/jaypp123/Desktop/CPRE3810/project1/maintoolflow/risc_v_processor/cpre3810-toolflow-3/proj/src/TopLevel/mux3t1_N.vhd
    Info (12022): Found design unit 1: mux3t1_N-structural File: /home/jaypp123/Desktop/CPRE3810/project1/maintoolflow/risc_v_processor/cpre3810-toolflow-3/proj/src/TopLevel/mux3t1_N.vhd Line: 23
    Info (12023): Found entity 1: mux3t1_N File: /home/jaypp123/Desktop/CPRE3810/project1/maintoolflow/risc_v_processor/cpre3810-toolflow-3/proj/src/TopLevel/mux3t1_N.vhd Line: 14
Info (12021): Found 2 design units, including 1 entities, in source file /home/jaypp123/Desktop/CPRE3810/project1/maintoolflow/risc_v_processor/cpre3810-toolflow-3/proj/src/TopLevel/pc_register.vhd
    Info (12022): Found design unit 1: pc_register-structure File: /home/jaypp123/Desktop/CPRE3810/project1/maintoolflow/risc_v_processor/cpre3810-toolflow-3/proj/src/TopLevel/pc_register.vhd Line: 12
    Info (12023): Found entity 1: pc_register File: /home/jaypp123/Desktop/CPRE3810/project1/maintoolflow/risc_v_processor/cpre3810-toolflow-3/proj/src/TopLevel/pc_register.vhd Line: 4
Info (12021): Found 2 design units, including 1 entities, in source file /home/jaypp123/Desktop/CPRE3810/project1/maintoolflow/risc_v_processor/cpre3810-toolflow-3/proj/src/TopLevel/sw_fetch_unit.vhd
    Info (12022): Found design unit 1: sw_fetch_unit-structure File: /home/jaypp123/Desktop/CPRE3810/project1/maintoolflow/risc_v_processor/cpre3810-toolflow-3/proj/src/TopLevel/sw_fetch_unit.vhd Line: 30
    Info (12023): Found entity 1: sw_fetch_unit File: /home/jaypp123/Desktop/CPRE3810/project1/maintoolflow/risc_v_processor/cpre3810-toolflow-3/proj/src/TopLevel/sw_fetch_unit.vhd Line: 18
Info (12021): Found 2 design units, including 1 entities, in source file /home/jaypp123/Desktop/CPRE3810/project1/maintoolflow/risc_v_processor/cpre3810-toolflow-3/proj/src/TopLevel/tb_PipelineRegisters.vhd
    Info (12022): Found design unit 1: tb_PipelineRegisters-behavior File: /home/jaypp123/Desktop/CPRE3810/project1/maintoolflow/risc_v_processor/cpre3810-toolflow-3/proj/src/TopLevel/tb_PipelineRegisters.vhd Line: 19
    Info (12023): Found entity 1: tb_PipelineRegisters File: /home/jaypp123/Desktop/CPRE3810/project1/maintoolflow/risc_v_processor/cpre3810-toolflow-3/proj/src/TopLevel/tb_PipelineRegisters.vhd Line: 15
Info (12021): Found 2 design units, including 1 entities, in source file /home/jaypp123/Desktop/CPRE3810/project1/maintoolflow/risc_v_processor/cpre3810-toolflow-3/proj/src/components/addsub_32.vhd
    Info (12022): Found design unit 1: addsub_32-structural File: /home/jaypp123/Desktop/CPRE3810/project1/maintoolflow/risc_v_processor/cpre3810-toolflow-3/proj/src/components/addsub_32.vhd Line: 24
    Info (12023): Found entity 1: addsub_32 File: /home/jaypp123/Desktop/CPRE3810/project1/maintoolflow/risc_v_processor/cpre3810-toolflow-3/proj/src/components/addsub_32.vhd Line: 10
Info (12021): Found 2 design units, including 1 entities, in source file /home/jaypp123/Desktop/CPRE3810/project1/maintoolflow/risc_v_processor/cpre3810-toolflow-3/proj/src/components/alu_32.vhd
    Info (12022): Found design unit 1: alu_32-structural File: /home/jaypp123/Desktop/CPRE3810/project1/maintoolflow/risc_v_processor/cpre3810-toolflow-3/proj/src/components/alu_32.vhd Line: 21
    Info (12023): Found entity 1: alu_32 File: /home/jaypp123/Desktop/CPRE3810/project1/maintoolflow/risc_v_processor/cpre3810-toolflow-3/proj/src/components/alu_32.vhd Line: 8
Info (12021): Found 2 design units, including 1 entities, in source file /home/jaypp123/Desktop/CPRE3810/project1/maintoolflow/risc_v_processor/cpre3810-toolflow-3/proj/src/components/andg2.vhd
    Info (12022): Found design unit 1: andg2-dataflow File: /home/jaypp123/Desktop/CPRE3810/project1/maintoolflow/risc_v_processor/cpre3810-toolflow-3/proj/src/components/andg2.vhd Line: 31
    Info (12023): Found entity 1: andg2 File: /home/jaypp123/Desktop/CPRE3810/project1/maintoolflow/risc_v_processor/cpre3810-toolflow-3/proj/src/components/andg2.vhd Line: 23
Info (12021): Found 2 design units, including 1 entities, in source file /home/jaypp123/Desktop/CPRE3810/project1/maintoolflow/risc_v_processor/cpre3810-toolflow-3/proj/src/components/barrel_shifter.vhd
    Info (12022): Found design unit 1: barrel_shifter-structural File: /home/jaypp123/Desktop/CPRE3810/project1/maintoolflow/risc_v_processor/cpre3810-toolflow-3/proj/src/components/barrel_shifter.vhd Line: 19
    Info (12023): Found entity 1: barrel_shifter File: /home/jaypp123/Desktop/CPRE3810/project1/maintoolflow/risc_v_processor/cpre3810-toolflow-3/proj/src/components/barrel_shifter.vhd Line: 9
Info (12021): Found 2 design units, including 1 entities, in source file /home/jaypp123/Desktop/CPRE3810/project1/maintoolflow/risc_v_processor/cpre3810-toolflow-3/proj/src/components/bitextender_12to32.vhd
    Info (12022): Found design unit 1: bitextender_12to32-behavioral File: /home/jaypp123/Desktop/CPRE3810/project1/maintoolflow/risc_v_processor/cpre3810-toolflow-3/proj/src/components/bitextender_12to32.vhd Line: 27
    Info (12023): Found entity 1: bitextender_12to32 File: /home/jaypp123/Desktop/CPRE3810/project1/maintoolflow/risc_v_processor/cpre3810-toolflow-3/proj/src/components/bitextender_12to32.vhd Line: 18
Info (12021): Found 2 design units, including 1 entities, in source file /home/jaypp123/Desktop/CPRE3810/project1/maintoolflow/risc_v_processor/cpre3810-toolflow-3/proj/src/components/bitextender_20to32.vhd
    Info (12022): Found design unit 1: bitextender_20to32-behavioral File: /home/jaypp123/Desktop/CPRE3810/project1/maintoolflow/risc_v_processor/cpre3810-toolflow-3/proj/src/components/bitextender_20to32.vhd Line: 21
    Info (12023): Found entity 1: bitextender_20to32 File: /home/jaypp123/Desktop/CPRE3810/project1/maintoolflow/risc_v_processor/cpre3810-toolflow-3/proj/src/components/bitextender_20to32.vhd Line: 13
Info (12021): Found 2 design units, including 1 entities, in source file /home/jaypp123/Desktop/CPRE3810/project1/maintoolflow/risc_v_processor/cpre3810-toolflow-3/proj/src/components/branch_resolver.vhd
    Info (12022): Found design unit 1: branch_resolver-dataflow File: /home/jaypp123/Desktop/CPRE3810/project1/maintoolflow/risc_v_processor/cpre3810-toolflow-3/proj/src/components/branch_resolver.vhd Line: 35
    Info (12023): Found entity 1: branch_resolver File: /home/jaypp123/Desktop/CPRE3810/project1/maintoolflow/risc_v_processor/cpre3810-toolflow-3/proj/src/components/branch_resolver.vhd Line: 24
Info (12021): Found 2 design units, including 1 entities, in source file /home/jaypp123/Desktop/CPRE3810/project1/maintoolflow/risc_v_processor/cpre3810-toolflow-3/proj/src/components/carry_lookahead_adderN.vhd
    Info (12022): Found design unit 1: carry_lookahead_adderN-structural File: /home/jaypp123/Desktop/CPRE3810/project1/maintoolflow/risc_v_processor/cpre3810-toolflow-3/proj/src/components/carry_lookahead_adderN.vhd Line: 31
    Info (12023): Found entity 1: carry_lookahead_adderN File: /home/jaypp123/Desktop/CPRE3810/project1/maintoolflow/risc_v_processor/cpre3810-toolflow-3/proj/src/components/carry_lookahead_adderN.vhd Line: 22
Info (12021): Found 2 design units, including 1 entities, in source file /home/jaypp123/Desktop/CPRE3810/project1/maintoolflow/risc_v_processor/cpre3810-toolflow-3/proj/src/components/cla_block_4bit.vhd
    Info (12022): Found design unit 1: cla_block_4bit-dataflow File: /home/jaypp123/Desktop/CPRE3810/project1/maintoolflow/risc_v_processor/cpre3810-toolflow-3/proj/src/components/cla_block_4bit.vhd Line: 35
    Info (12023): Found entity 1: cla_block_4bit File: /home/jaypp123/Desktop/CPRE3810/project1/maintoolflow/risc_v_processor/cpre3810-toolflow-3/proj/src/components/cla_block_4bit.vhd Line: 27
Info (12021): Found 2 design units, including 1 entities, in source file /home/jaypp123/Desktop/CPRE3810/project1/maintoolflow/risc_v_processor/cpre3810-toolflow-3/proj/src/components/decoder_5to32.vhd
    Info (12022): Found design unit 1: decoder_5to32-dataflow File: /home/jaypp123/Desktop/CPRE3810/project1/maintoolflow/risc_v_processor/cpre3810-toolflow-3/proj/src/components/decoder_5to32.vhd Line: 26
    Info (12023): Found entity 1: decoder_5to32 File: /home/jaypp123/Desktop/CPRE3810/project1/maintoolflow/risc_v_processor/cpre3810-toolflow-3/proj/src/components/decoder_5to32.vhd Line: 18
Info (12021): Found 2 design units, including 1 entities, in source file /home/jaypp123/Desktop/CPRE3810/project1/maintoolflow/risc_v_processor/cpre3810-toolflow-3/proj/src/components/dffg.vhd
    Info (12022): Found design unit 1: dffg-mixed File: /home/jaypp123/Desktop/CPRE3810/project1/maintoolflow/risc_v_processor/cpre3810-toolflow-3/proj/src/components/dffg.vhd Line: 33
    Info (12023): Found entity 1: dffg File: /home/jaypp123/Desktop/CPRE3810/project1/maintoolflow/risc_v_processor/cpre3810-toolflow-3/proj/src/components/dffg.vhd Line: 23
Info (12021): Found 2 design units, including 1 entities, in source file /home/jaypp123/Desktop/CPRE3810/project1/maintoolflow/risc_v_processor/cpre3810-toolflow-3/proj/src/components/fetch_unit.vhd
    Info (12022): Found design unit 1: fetch_unit-structure File: /home/jaypp123/Desktop/CPRE3810/project1/maintoolflow/risc_v_processor/cpre3810-toolflow-3/proj/src/components/fetch_unit.vhd Line: 34
    Info (12023): Found entity 1: fetch_unit File: /home/jaypp123/Desktop/CPRE3810/project1/maintoolflow/risc_v_processor/cpre3810-toolflow-3/proj/src/components/fetch_unit.vhd Line: 18
Info (12021): Found 2 design units, including 1 entities, in source file /home/jaypp123/Desktop/CPRE3810/project1/maintoolflow/risc_v_processor/cpre3810-toolflow-3/proj/src/components/full_adder.vhd
    Info (12022): Found design unit 1: full_adder-structure File: /home/jaypp123/Desktop/CPRE3810/project1/maintoolflow/risc_v_processor/cpre3810-toolflow-3/proj/src/components/full_adder.vhd Line: 27
    Info (12023): Found entity 1: full_adder File: /home/jaypp123/Desktop/CPRE3810/project1/maintoolflow/risc_v_processor/cpre3810-toolflow-3/proj/src/components/full_adder.vhd Line: 20
Info (12021): Found 2 design units, including 1 entities, in source file /home/jaypp123/Desktop/CPRE3810/project1/maintoolflow/risc_v_processor/cpre3810-toolflow-3/proj/src/components/immediate_generator.vhd
    Info (12022): Found design unit 1: immediate_generator-dataflow File: /home/jaypp123/Desktop/CPRE3810/project1/maintoolflow/risc_v_processor/cpre3810-toolflow-3/proj/src/components/immediate_generator.vhd Line: 26
    Info (12023): Found entity 1: immediate_generator File: /home/jaypp123/Desktop/CPRE3810/project1/maintoolflow/risc_v_processor/cpre3810-toolflow-3/proj/src/components/immediate_generator.vhd Line: 19
Info (12021): Found 2 design units, including 1 entities, in source file /home/jaypp123/Desktop/CPRE3810/project1/maintoolflow/risc_v_processor/cpre3810-toolflow-3/proj/src/components/invg.vhd
    Info (12022): Found design unit 1: invg-dataflow File: /home/jaypp123/Desktop/CPRE3810/project1/maintoolflow/risc_v_processor/cpre3810-toolflow-3/proj/src/components/invg.vhd Line: 30
    Info (12023): Found entity 1: invg File: /home/jaypp123/Desktop/CPRE3810/project1/maintoolflow/risc_v_processor/cpre3810-toolflow-3/proj/src/components/invg.vhd Line: 23
Info (12021): Found 2 design units, including 1 entities, in source file /home/jaypp123/Desktop/CPRE3810/project1/maintoolflow/risc_v_processor/cpre3810-toolflow-3/proj/src/components/mux2t1.vhd
    Info (12022): Found design unit 1: mux2t1-structure File: /home/jaypp123/Desktop/CPRE3810/project1/maintoolflow/risc_v_processor/cpre3810-toolflow-3/proj/src/components/mux2t1.vhd Line: 27
    Info (12023): Found entity 1: mux2t1 File: /home/jaypp123/Desktop/CPRE3810/project1/maintoolflow/risc_v_processor/cpre3810-toolflow-3/proj/src/components/mux2t1.vhd Line: 20
Info (12021): Found 2 design units, including 1 entities, in source file /home/jaypp123/Desktop/CPRE3810/project1/maintoolflow/risc_v_processor/cpre3810-toolflow-3/proj/src/components/mux2t1_N.vhd
    Info (12022): Found design unit 1: mux2t1_N-structural File: /home/jaypp123/Desktop/CPRE3810/project1/maintoolflow/risc_v_processor/cpre3810-toolflow-3/proj/src/components/mux2t1_N.vhd Line: 30
    Info (12023): Found entity 1: mux2t1_N File: /home/jaypp123/Desktop/CPRE3810/project1/maintoolflow/risc_v_processor/cpre3810-toolflow-3/proj/src/components/mux2t1_N.vhd Line: 21
Info (12021): Found 2 design units, including 1 entities, in source file /home/jaypp123/Desktop/CPRE3810/project1/maintoolflow/risc_v_processor/cpre3810-toolflow-3/proj/src/components/mux_32to1.vhd
    Info (12022): Found design unit 1: mux_32to1-dataflow File: /home/jaypp123/Desktop/CPRE3810/project1/maintoolflow/risc_v_processor/cpre3810-toolflow-3/proj/src/components/mux_32to1.vhd Line: 24
    Info (12023): Found entity 1: mux_32to1 File: /home/jaypp123/Desktop/CPRE3810/project1/maintoolflow/risc_v_processor/cpre3810-toolflow-3/proj/src/components/mux_32to1.vhd Line: 17
Info (12021): Found 2 design units, including 1 entities, in source file /home/jaypp123/Desktop/CPRE3810/project1/maintoolflow/risc_v_processor/cpre3810-toolflow-3/proj/src/components/org2.vhd
    Info (12022): Found design unit 1: org2-dataflow File: /home/jaypp123/Desktop/CPRE3810/project1/maintoolflow/risc_v_processor/cpre3810-toolflow-3/proj/src/components/org2.vhd Line: 31
    Info (12023): Found entity 1: org2 File: /home/jaypp123/Desktop/CPRE3810/project1/maintoolflow/risc_v_processor/cpre3810-toolflow-3/proj/src/components/org2.vhd Line: 23
Info (12021): Found 2 design units, including 1 entities, in source file /home/jaypp123/Desktop/CPRE3810/project1/maintoolflow/risc_v_processor/cpre3810-toolflow-3/proj/src/components/register_NBit.vhd
    Info (12022): Found design unit 1: register_NBit-structural File: /home/jaypp123/Desktop/CPRE3810/project1/maintoolflow/risc_v_processor/cpre3810-toolflow-3/proj/src/components/register_NBit.vhd Line: 27
    Info (12023): Found entity 1: register_NBit File: /home/jaypp123/Desktop/CPRE3810/project1/maintoolflow/risc_v_processor/cpre3810-toolflow-3/proj/src/components/register_NBit.vhd Line: 17
Info (12021): Found 2 design units, including 1 entities, in source file /home/jaypp123/Desktop/CPRE3810/project1/maintoolflow/risc_v_processor/cpre3810-toolflow-3/proj/src/components/register_file.vhd
    Info (12022): Found design unit 1: register_file-structural File: /home/jaypp123/Desktop/CPRE3810/project1/maintoolflow/risc_v_processor/cpre3810-toolflow-3/proj/src/components/register_file.vhd Line: 33
    Info (12023): Found entity 1: register_file File: /home/jaypp123/Desktop/CPRE3810/project1/maintoolflow/risc_v_processor/cpre3810-toolflow-3/proj/src/components/register_file.vhd Line: 18
Info (12021): Found 2 design units, including 1 entities, in source file /home/jaypp123/Desktop/CPRE3810/project1/maintoolflow/risc_v_processor/cpre3810-toolflow-3/proj/src/components/sc_processor_alu_control.vhd
    Info (12022): Found design unit 1: sc_processor_alu_control-dataflow File: /home/jaypp123/Desktop/CPRE3810/project1/maintoolflow/risc_v_processor/cpre3810-toolflow-3/proj/src/components/sc_processor_alu_control.vhd Line: 43
    Info (12023): Found entity 1: sc_processor_alu_control File: /home/jaypp123/Desktop/CPRE3810/project1/maintoolflow/risc_v_processor/cpre3810-toolflow-3/proj/src/components/sc_processor_alu_control.vhd Line: 33
Info (12021): Found 2 design units, including 1 entities, in source file /home/jaypp123/Desktop/CPRE3810/project1/maintoolflow/risc_v_processor/cpre3810-toolflow-3/proj/src/components/sc_processor_control_unit.vhd
    Info (12022): Found design unit 1: sc_processor_control_unit-dataflow File: /home/jaypp123/Desktop/CPRE3810/project1/maintoolflow/risc_v_processor/cpre3810-toolflow-3/proj/src/components/sc_processor_control_unit.vhd Line: 49
    Info (12023): Found entity 1: sc_processor_control_unit File: /home/jaypp123/Desktop/CPRE3810/project1/maintoolflow/risc_v_processor/cpre3810-toolflow-3/proj/src/components/sc_processor_control_unit.vhd Line: 32
Info (12021): Found 2 design units, including 1 entities, in source file /home/jaypp123/Desktop/CPRE3810/project1/maintoolflow/risc_v_processor/cpre3810-toolflow-3/proj/src/components/source_register.vhd
    Info (12022): Found design unit 1: source_register-structural File: /home/jaypp123/Desktop/CPRE3810/project1/maintoolflow/risc_v_processor/cpre3810-toolflow-3/proj/src/components/source_register.vhd Line: 28
    Info (12023): Found entity 1: source_register File: /home/jaypp123/Desktop/CPRE3810/project1/maintoolflow/risc_v_processor/cpre3810-toolflow-3/proj/src/components/source_register.vhd Line: 19
Info (12021): Found 2 design units, including 1 entities, in source file /home/jaypp123/Desktop/CPRE3810/project1/maintoolflow/risc_v_processor/cpre3810-toolflow-3/proj/src/components/xorg2.vhd
    Info (12022): Found design unit 1: xorg2-dataflow File: /home/jaypp123/Desktop/CPRE3810/project1/maintoolflow/risc_v_processor/cpre3810-toolflow-3/proj/src/components/xorg2.vhd Line: 31
    Info (12023): Found entity 1: xorg2 File: /home/jaypp123/Desktop/CPRE3810/project1/maintoolflow/risc_v_processor/cpre3810-toolflow-3/proj/src/components/xorg2.vhd Line: 23
Info (12127): Elaborating entity "RISCV_Processor" for the top level hierarchy
Warning (10036): Verilog HDL or VHDL warning at RISCV_Processor.vhd(56): object "s_Halt" assigned a value but never read File: /home/jaypp123/Desktop/CPRE3810/project1/maintoolflow/risc_v_processor/cpre3810-toolflow-3/proj/src/TopLevel/RISCV_Processor.vhd Line: 56
Warning (10036): Verilog HDL or VHDL warning at RISCV_Processor.vhd(59): object "s_Ovfl" assigned a value but never read File: /home/jaypp123/Desktop/CPRE3810/project1/maintoolflow/risc_v_processor/cpre3810-toolflow-3/proj/src/TopLevel/RISCV_Processor.vhd Line: 59
Warning (10036): Verilog HDL or VHDL warning at RISCV_Processor.vhd(133): object "s_ID_opcode" assigned a value but never read File: /home/jaypp123/Desktop/CPRE3810/project1/maintoolflow/risc_v_processor/cpre3810-toolflow-3/proj/src/TopLevel/RISCV_Processor.vhd Line: 133
Warning (10036): Verilog HDL or VHDL warning at RISCV_Processor.vhd(136): object "s_ID_rd_addr" assigned a value but never read File: /home/jaypp123/Desktop/CPRE3810/project1/maintoolflow/risc_v_processor/cpre3810-toolflow-3/proj/src/TopLevel/RISCV_Processor.vhd Line: 136
Warning (10036): Verilog HDL or VHDL warning at RISCV_Processor.vhd(137): object "s_ID_funct3" assigned a value but never read File: /home/jaypp123/Desktop/CPRE3810/project1/maintoolflow/risc_v_processor/cpre3810-toolflow-3/proj/src/TopLevel/RISCV_Processor.vhd Line: 137
Warning (10036): Verilog HDL or VHDL warning at RISCV_Processor.vhd(162): object "s_EX_funct7_5" assigned a value but never read File: /home/jaypp123/Desktop/CPRE3810/project1/maintoolflow/risc_v_processor/cpre3810-toolflow-3/proj/src/TopLevel/RISCV_Processor.vhd Line: 162
Warning (10036): Verilog HDL or VHDL warning at RISCV_Processor.vhd(177): object "s_MEM_BranchTaken" assigned a value but never read File: /home/jaypp123/Desktop/CPRE3810/project1/maintoolflow/risc_v_processor/cpre3810-toolflow-3/proj/src/TopLevel/RISCV_Processor.vhd Line: 177
Warning (10036): Verilog HDL or VHDL warning at RISCV_Processor.vhd(178): object "s_MEM_rs1_out" assigned a value but never read File: /home/jaypp123/Desktop/CPRE3810/project1/maintoolflow/risc_v_processor/cpre3810-toolflow-3/proj/src/TopLevel/RISCV_Processor.vhd Line: 178
Warning (10036): Verilog HDL or VHDL warning at RISCV_Processor.vhd(179): object "s_MEM_Jump" assigned a value but never read File: /home/jaypp123/Desktop/CPRE3810/project1/maintoolflow/risc_v_processor/cpre3810-toolflow-3/proj/src/TopLevel/RISCV_Processor.vhd Line: 179
Warning (10036): Verilog HDL or VHDL warning at RISCV_Processor.vhd(180): object "s_MEM_PC_SRC" assigned a value but never read File: /home/jaypp123/Desktop/CPRE3810/project1/maintoolflow/risc_v_processor/cpre3810-toolflow-3/proj/src/TopLevel/RISCV_Processor.vhd Line: 180
Warning (10036): Verilog HDL or VHDL warning at RISCV_Processor.vhd(181): object "s_MEM_Branch" assigned a value but never read File: /home/jaypp123/Desktop/CPRE3810/project1/maintoolflow/risc_v_processor/cpre3810-toolflow-3/proj/src/TopLevel/RISCV_Processor.vhd Line: 181
Warning (10036): Verilog HDL or VHDL warning at RISCV_Processor.vhd(182): object "s_MEM_ImmGen" assigned a value but never read File: /home/jaypp123/Desktop/CPRE3810/project1/maintoolflow/risc_v_processor/cpre3810-toolflow-3/proj/src/TopLevel/RISCV_Processor.vhd Line: 182
Warning (10036): Verilog HDL or VHDL warning at RISCV_Processor.vhd(189): object "s_MEM_MemRead" assigned a value but never read File: /home/jaypp123/Desktop/CPRE3810/project1/maintoolflow/risc_v_processor/cpre3810-toolflow-3/proj/src/TopLevel/RISCV_Processor.vhd Line: 189
Warning (10036): Verilog HDL or VHDL warning at RISCV_Processor.vhd(199): object "s_WB_PC" assigned a value but never read File: /home/jaypp123/Desktop/CPRE3810/project1/maintoolflow/risc_v_processor/cpre3810-toolflow-3/proj/src/TopLevel/RISCV_Processor.vhd Line: 199
Info (12128): Elaborating entity "mem" for hierarchy "mem:IMem" File: /home/jaypp123/Desktop/CPRE3810/project1/maintoolflow/risc_v_processor/cpre3810-toolflow-3/proj/src/TopLevel/RISCV_Processor.vhd Line: 683
Info (12128): Elaborating entity "sw_fetch_unit" for hierarchy "sw_fetch_unit:F_UNIT_SW" File: /home/jaypp123/Desktop/CPRE3810/project1/maintoolflow/risc_v_processor/cpre3810-toolflow-3/proj/src/TopLevel/RISCV_Processor.vhd Line: 723
Info (12128): Elaborating entity "invg" for hierarchy "sw_fetch_unit:F_UNIT_SW|invg:STALL_INV" File: /home/jaypp123/Desktop/CPRE3810/project1/maintoolflow/risc_v_processor/cpre3810-toolflow-3/proj/src/TopLevel/sw_fetch_unit.vhd Line: 118
Info (12128): Elaborating entity "carry_lookahead_adderN" for hierarchy "sw_fetch_unit:F_UNIT_SW|carry_lookahead_adderN:PC4_ADD" File: /home/jaypp123/Desktop/CPRE3810/project1/maintoolflow/risc_v_processor/cpre3810-toolflow-3/proj/src/TopLevel/sw_fetch_unit.vhd Line: 122
Info (12128): Elaborating entity "cla_block_4bit" for hierarchy "sw_fetch_unit:F_UNIT_SW|carry_lookahead_adderN:PC4_ADD|cla_block_4bit:BLK0" File: /home/jaypp123/Desktop/CPRE3810/project1/maintoolflow/risc_v_processor/cpre3810-toolflow-3/proj/src/components/carry_lookahead_adderN.vhd Line: 47
Info (12128): Elaborating entity "mux2t1_N" for hierarchy "sw_fetch_unit:F_UNIT_SW|mux2t1_N:NEXT_PC_MUX" File: /home/jaypp123/Desktop/CPRE3810/project1/maintoolflow/risc_v_processor/cpre3810-toolflow-3/proj/src/TopLevel/sw_fetch_unit.vhd Line: 130
Info (12128): Elaborating entity "mux2t1" for hierarchy "sw_fetch_unit:F_UNIT_SW|mux2t1_N:NEXT_PC_MUX|mux2t1:\G_NBit_MUX:0:MUXI" File: /home/jaypp123/Desktop/CPRE3810/project1/maintoolflow/risc_v_processor/cpre3810-toolflow-3/proj/src/components/mux2t1_N.vhd Line: 43
Info (12128): Elaborating entity "andg2" for hierarchy "sw_fetch_unit:F_UNIT_SW|mux2t1_N:NEXT_PC_MUX|mux2t1:\G_NBit_MUX:0:MUXI|andg2:w1And" File: /home/jaypp123/Desktop/CPRE3810/project1/maintoolflow/risc_v_processor/cpre3810-toolflow-3/proj/src/components/mux2t1.vhd Line: 62
Info (12128): Elaborating entity "org2" for hierarchy "sw_fetch_unit:F_UNIT_SW|mux2t1_N:NEXT_PC_MUX|mux2t1:\G_NBit_MUX:0:MUXI|org2:last_or" File: /home/jaypp123/Desktop/CPRE3810/project1/maintoolflow/risc_v_processor/cpre3810-toolflow-3/proj/src/components/mux2t1.vhd Line: 70
Info (12128): Elaborating entity "pc_register" for hierarchy "sw_fetch_unit:F_UNIT_SW|pc_register:PC_REG" File: /home/jaypp123/Desktop/CPRE3810/project1/maintoolflow/risc_v_processor/cpre3810-toolflow-3/proj/src/TopLevel/sw_fetch_unit.vhd Line: 159
Info (12128): Elaborating entity "dffg" for hierarchy "sw_fetch_unit:F_UNIT_SW|pc_register:PC_REG|dffg:\GEN_TOP:31:DFF_i" File: /home/jaypp123/Desktop/CPRE3810/project1/maintoolflow/risc_v_processor/cpre3810-toolflow-3/proj/src/TopLevel/pc_register.vhd Line: 33
Info (12128): Elaborating entity "IFID_PipelineRegister" for hierarchy "IFID_PipelineRegister:IFID_REG" File: /home/jaypp123/Desktop/CPRE3810/project1/maintoolflow/risc_v_processor/cpre3810-toolflow-3/proj/src/TopLevel/RISCV_Processor.vhd Line: 775
Info (12128): Elaborating entity "register_NBit" for hierarchy "IFID_PipelineRegister:IFID_REG|register_NBit:REG_PC" File: /home/jaypp123/Desktop/CPRE3810/project1/maintoolflow/risc_v_processor/cpre3810-toolflow-3/proj/src/TopLevel/IFID_PipelineRegister.vhd Line: 89
Info (12128): Elaborating entity "IDEX_PipelineRegister" for hierarchy "IDEX_PipelineRegister:IDEX_REG" File: /home/jaypp123/Desktop/CPRE3810/project1/maintoolflow/risc_v_processor/cpre3810-toolflow-3/proj/src/TopLevel/RISCV_Processor.vhd Line: 791
Info (12128): Elaborating entity "mux2t1_N" for hierarchy "IDEX_PipelineRegister:IDEX_REG|mux2t1_N:MUX_ALUCtrl" File: /home/jaypp123/Desktop/CPRE3810/project1/maintoolflow/risc_v_processor/cpre3810-toolflow-3/proj/src/TopLevel/IDEX_PipelineRegister.vhd Line: 185
Info (12128): Elaborating entity "mux2t1_N" for hierarchy "IDEX_PipelineRegister:IDEX_REG|mux2t1_N:MUX_Ctrl" File: /home/jaypp123/Desktop/CPRE3810/project1/maintoolflow/risc_v_processor/cpre3810-toolflow-3/proj/src/TopLevel/IDEX_PipelineRegister.vhd Line: 193
Info (12128): Elaborating entity "register_NBit" for hierarchy "IDEX_PipelineRegister:IDEX_REG|register_NBit:REG_ALUCtrl" File: /home/jaypp123/Desktop/CPRE3810/project1/maintoolflow/risc_v_processor/cpre3810-toolflow-3/proj/src/TopLevel/IDEX_PipelineRegister.vhd Line: 262
Info (12128): Elaborating entity "register_NBit" for hierarchy "IDEX_PipelineRegister:IDEX_REG|register_NBit:REG_Ctrl" File: /home/jaypp123/Desktop/CPRE3810/project1/maintoolflow/risc_v_processor/cpre3810-toolflow-3/proj/src/TopLevel/IDEX_PipelineRegister.vhd Line: 270
Info (12128): Elaborating entity "hazard_detection_unit" for hierarchy "hazard_detection_unit:HAZARD_DETECT" File: /home/jaypp123/Desktop/CPRE3810/project1/maintoolflow/risc_v_processor/cpre3810-toolflow-3/proj/src/TopLevel/RISCV_Processor.vhd Line: 848
Info (12128): Elaborating entity "forwarding_unit" for hierarchy "forwarding_unit:FORWARDING" File: /home/jaypp123/Desktop/CPRE3810/project1/maintoolflow/risc_v_processor/cpre3810-toolflow-3/proj/src/TopLevel/RISCV_Processor.vhd Line: 861
Info (12128): Elaborating entity "sc_processor_control_unit" for hierarchy "sc_processor_control_unit:MAIN_CONTROL" File: /home/jaypp123/Desktop/CPRE3810/project1/maintoolflow/risc_v_processor/cpre3810-toolflow-3/proj/src/TopLevel/RISCV_Processor.vhd Line: 873
Info (12128): Elaborating entity "sc_processor_alu_control" for hierarchy "sc_processor_alu_control:ALU_CONTROL" File: /home/jaypp123/Desktop/CPRE3810/project1/maintoolflow/risc_v_processor/cpre3810-toolflow-3/proj/src/TopLevel/RISCV_Processor.vhd Line: 888
Info (12128): Elaborating entity "immediate_generator" for hierarchy "immediate_generator:IMM_GEN" File: /home/jaypp123/Desktop/CPRE3810/project1/maintoolflow/risc_v_processor/cpre3810-toolflow-3/proj/src/TopLevel/RISCV_Processor.vhd Line: 898
Info (12128): Elaborating entity "bitextender_12to32" for hierarchy "immediate_generator:IMM_GEN|bitextender_12to32:I_EXT" File: /home/jaypp123/Desktop/CPRE3810/project1/maintoolflow/risc_v_processor/cpre3810-toolflow-3/proj/src/components/immediate_generator.vhd Line: 83
Info (12128): Elaborating entity "bitextender_20to32" for hierarchy "immediate_generator:IMM_GEN|bitextender_20to32:J_EXT" File: /home/jaypp123/Desktop/CPRE3810/project1/maintoolflow/risc_v_processor/cpre3810-toolflow-3/proj/src/components/immediate_generator.vhd Line: 98
Info (12128): Elaborating entity "register_file" for hierarchy "register_file:REG_FILE" File: /home/jaypp123/Desktop/CPRE3810/project1/maintoolflow/risc_v_processor/cpre3810-toolflow-3/proj/src/TopLevel/RISCV_Processor.vhd Line: 906
Info (12128): Elaborating entity "decoder_5to32" for hierarchy "register_file:REG_FILE|decoder_5to32:WRITE_DECODER" File: /home/jaypp123/Desktop/CPRE3810/project1/maintoolflow/risc_v_processor/cpre3810-toolflow-3/proj/src/components/register_file.vhd Line: 74
Info (12128): Elaborating entity "source_register" for hierarchy "register_file:REG_FILE|source_register:RS1_READ" File: /home/jaypp123/Desktop/CPRE3810/project1/maintoolflow/risc_v_processor/cpre3810-toolflow-3/proj/src/components/register_file.vhd Line: 93
Info (12128): Elaborating entity "mux_32to1" for hierarchy "register_file:REG_FILE|source_register:RS1_READ|mux_32to1:\G_MUX_RS:0:SRC_REGI" File: /home/jaypp123/Desktop/CPRE3810/project1/maintoolflow/risc_v_processor/cpre3810-toolflow-3/proj/src/components/source_register.vhd Line: 54
Info (12128): Elaborating entity "EXMEM_PipelineRegister" for hierarchy "EXMEM_PipelineRegister:EXMEM_REG" File: /home/jaypp123/Desktop/CPRE3810/project1/maintoolflow/risc_v_processor/cpre3810-toolflow-3/proj/src/TopLevel/RISCV_Processor.vhd Line: 926
Info (12128): Elaborating entity "mux2t1_N" for hierarchy "EXMEM_PipelineRegister:EXMEM_REG|mux2t1_N:MUX_Ctrl" File: /home/jaypp123/Desktop/CPRE3810/project1/maintoolflow/risc_v_processor/cpre3810-toolflow-3/proj/src/TopLevel/EXMEM_PipelineRegister.vhd Line: 144
Info (12128): Elaborating entity "register_NBit" for hierarchy "EXMEM_PipelineRegister:EXMEM_REG|register_NBit:REG_rd" File: /home/jaypp123/Desktop/CPRE3810/project1/maintoolflow/risc_v_processor/cpre3810-toolflow-3/proj/src/TopLevel/EXMEM_PipelineRegister.vhd Line: 191
Info (12128): Elaborating entity "register_NBit" for hierarchy "EXMEM_PipelineRegister:EXMEM_REG|register_NBit:REG_Ctrl" File: /home/jaypp123/Desktop/CPRE3810/project1/maintoolflow/risc_v_processor/cpre3810-toolflow-3/proj/src/TopLevel/EXMEM_PipelineRegister.vhd Line: 218
Info (12128): Elaborating entity "mux3t1_N" for hierarchy "mux3t1_N:FWD_MUX_A" File: /home/jaypp123/Desktop/CPRE3810/project1/maintoolflow/risc_v_processor/cpre3810-toolflow-3/proj/src/TopLevel/RISCV_Processor.vhd Line: 1015
Info (12128): Elaborating entity "alu_32" for hierarchy "alu_32:ALU" File: /home/jaypp123/Desktop/CPRE3810/project1/maintoolflow/risc_v_processor/cpre3810-toolflow-3/proj/src/TopLevel/RISCV_Processor.vhd Line: 1035
Warning (10036): Verilog HDL or VHDL warning at alu_32.vhd(73): object "s_Cout_add" assigned a value but never read File: /home/jaypp123/Desktop/CPRE3810/project1/maintoolflow/risc_v_processor/cpre3810-toolflow-3/proj/src/components/alu_32.vhd Line: 73
Warning (10036): Verilog HDL or VHDL warning at alu_32.vhd(74): object "s_Cout_sub" assigned a value but never read File: /home/jaypp123/Desktop/CPRE3810/project1/maintoolflow/risc_v_processor/cpre3810-toolflow-3/proj/src/components/alu_32.vhd Line: 74
Warning (10036): Verilog HDL or VHDL warning at alu_32.vhd(75): object "s_Ovf_add" assigned a value but never read File: /home/jaypp123/Desktop/CPRE3810/project1/maintoolflow/risc_v_processor/cpre3810-toolflow-3/proj/src/components/alu_32.vhd Line: 75
Warning (10036): Verilog HDL or VHDL warning at alu_32.vhd(76): object "s_Ovf_sub" assigned a value but never read File: /home/jaypp123/Desktop/CPRE3810/project1/maintoolflow/risc_v_processor/cpre3810-toolflow-3/proj/src/components/alu_32.vhd Line: 76
Info (12128): Elaborating entity "addsub_32" for hierarchy "alu_32:ALU|addsub_32:ADDER_INST" File: /home/jaypp123/Desktop/CPRE3810/project1/maintoolflow/risc_v_processor/cpre3810-toolflow-3/proj/src/components/alu_32.vhd Line: 86
Info (12128): Elaborating entity "xorg2" for hierarchy "alu_32:ALU|addsub_32:ADDER_INST|xorg2:\G_B_XOR:0:XOR_INST" File: /home/jaypp123/Desktop/CPRE3810/project1/maintoolflow/risc_v_processor/cpre3810-toolflow-3/proj/src/components/addsub_32.vhd Line: 81
Info (12128): Elaborating entity "barrel_shifter" for hierarchy "alu_32:ALU|barrel_shifter:SHIFT_LEFT" File: /home/jaypp123/Desktop/CPRE3810/project1/maintoolflow/risc_v_processor/cpre3810-toolflow-3/proj/src/components/alu_32.vhd Line: 110
Info (12128): Elaborating entity "branch_resolver" for hierarchy "branch_resolver:BRANCH_COND" File: /home/jaypp123/Desktop/CPRE3810/project1/maintoolflow/risc_v_processor/cpre3810-toolflow-3/proj/src/TopLevel/RISCV_Processor.vhd Line: 1050
Info (12128): Elaborating entity "MEMWB_PipelineRegister" for hierarchy "MEMWB_PipelineRegister:MEMWB_REG" File: /home/jaypp123/Desktop/CPRE3810/project1/maintoolflow/risc_v_processor/cpre3810-toolflow-3/proj/src/TopLevel/RISCV_Processor.vhd Line: 1062
Info (276014): Found 2 instances of uninferred RAM logic
    Info (276007): RAM logic "mem:DMem|ram" is uninferred due to asynchronous read logic File: /home/jaypp123/Desktop/CPRE3810/project1/maintoolflow/risc_v_processor/cpre3810-toolflow-3/proj/src/TopLevel/mem.vhd Line: 35
    Info (276007): RAM logic "mem:IMem|ram" is uninferred due to asynchronous read logic File: /home/jaypp123/Desktop/CPRE3810/project1/maintoolflow/risc_v_processor/cpre3810-toolflow-3/proj/src/TopLevel/mem.vhd Line: 35
Warning (276002): Cannot convert all sets of registers into RAM megafunctions when creating nodes; therefore, the resulting number of registers remaining in design can cause longer compilation time or result in insufficient memory to complete Analysis and Synthesis
Info (286030): Timing-Driven Synthesis is running
Info (16010): Generating hard_block partition "hard_block:auto_generated_inst"
    Info (16011): Adding 0 node(s), including 0 DDIO, 0 PLL, 0 transceiver and 0 LCELL
Warning (21074): Design contains 22 input pin(s) that do not drive logic
    Warning (15610): No output dependent on input pin "iInstAddr[0]" File: /home/jaypp123/Desktop/CPRE3810/project1/maintoolflow/risc_v_processor/cpre3810-toolflow-3/proj/src/TopLevel/RISCV_Processor.vhd Line: 30
    Warning (15610): No output dependent on input pin "iInstAddr[1]" File: /home/jaypp123/Desktop/CPRE3810/project1/maintoolflow/risc_v_processor/cpre3810-toolflow-3/proj/src/TopLevel/RISCV_Processor.vhd Line: 30
    Warning (15610): No output dependent on input pin "iInstAddr[12]" File: /home/jaypp123/Desktop/CPRE3810/project1/maintoolflow/risc_v_processor/cpre3810-toolflow-3/proj/src/TopLevel/RISCV_Processor.vhd Line: 30
    Warning (15610): No output dependent on input pin "iInstAddr[13]" File: /home/jaypp123/Desktop/CPRE3810/project1/maintoolflow/risc_v_processor/cpre3810-toolflow-3/proj/src/TopLevel/RISCV_Processor.vhd Line: 30
    Warning (15610): No output dependent on input pin "iInstAddr[14]" File: /home/jaypp123/Desktop/CPRE3810/project1/maintoolflow/risc_v_processor/cpre3810-toolflow-3/proj/src/TopLevel/RISCV_Processor.vhd Line: 30
    Warning (15610): No output dependent on input pin "iInstAddr[15]" File: /home/jaypp123/Desktop/CPRE3810/project1/maintoolflow/risc_v_processor/cpre3810-toolflow-3/proj/src/TopLevel/RISCV_Processor.vhd Line: 30
    Warning (15610): No output dependent on input pin "iInstAddr[16]" File: /home/jaypp123/Desktop/CPRE3810/project1/maintoolflow/risc_v_processor/cpre3810-toolflow-3/proj/src/TopLevel/RISCV_Processor.vhd Line: 30
    Warning (15610): No output dependent on input pin "iInstAddr[17]" File: /home/jaypp123/Desktop/CPRE3810/project1/maintoolflow/risc_v_processor/cpre3810-toolflow-3/proj/src/TopLevel/RISCV_Processor.vhd Line: 30
    Warning (15610): No output dependent on input pin "iInstAddr[18]" File: /home/jaypp123/Desktop/CPRE3810/project1/maintoolflow/risc_v_processor/cpre3810-toolflow-3/proj/src/TopLevel/RISCV_Processor.vhd Line: 30
    Warning (15610): No output dependent on input pin "iInstAddr[19]" File: /home/jaypp123/Desktop/CPRE3810/project1/maintoolflow/risc_v_processor/cpre3810-toolflow-3/proj/src/TopLevel/RISCV_Processor.vhd Line: 30
    Warning (15610): No output dependent on input pin "iInstAddr[20]" File: /home/jaypp123/Desktop/CPRE3810/project1/maintoolflow/risc_v_processor/cpre3810-toolflow-3/proj/src/TopLevel/RISCV_Processor.vhd Line: 30
    Warning (15610): No output dependent on input pin "iInstAddr[21]" File: /home/jaypp123/Desktop/CPRE3810/project1/maintoolflow/risc_v_processor/cpre3810-toolflow-3/proj/src/TopLevel/RISCV_Processor.vhd Line: 30
    Warning (15610): No output dependent on input pin "iInstAddr[22]" File: /home/jaypp123/Desktop/CPRE3810/project1/maintoolflow/risc_v_processor/cpre3810-toolflow-3/proj/src/TopLevel/RISCV_Processor.vhd Line: 30
    Warning (15610): No output dependent on input pin "iInstAddr[23]" File: /home/jaypp123/Desktop/CPRE3810/project1/maintoolflow/risc_v_processor/cpre3810-toolflow-3/proj/src/TopLevel/RISCV_Processor.vhd Line: 30
    Warning (15610): No output dependent on input pin "iInstAddr[24]" File: /home/jaypp123/Desktop/CPRE3810/project1/maintoolflow/risc_v_processor/cpre3810-toolflow-3/proj/src/TopLevel/RISCV_Processor.vhd Line: 30
    Warning (15610): No output dependent on input pin "iInstAddr[25]" File: /home/jaypp123/Desktop/CPRE3810/project1/maintoolflow/risc_v_processor/cpre3810-toolflow-3/proj/src/TopLevel/RISCV_Processor.vhd Line: 30
    Warning (15610): No output dependent on input pin "iInstAddr[26]" File: /home/jaypp123/Desktop/CPRE3810/project1/maintoolflow/risc_v_processor/cpre3810-toolflow-3/proj/src/TopLevel/RISCV_Processor.vhd Line: 30
    Warning (15610): No output dependent on input pin "iInstAddr[27]" File: /home/jaypp123/Desktop/CPRE3810/project1/maintoolflow/risc_v_processor/cpre3810-toolflow-3/proj/src/TopLevel/RISCV_Processor.vhd Line: 30
    Warning (15610): No output dependent on input pin "iInstAddr[28]" File: /home/jaypp123/Desktop/CPRE3810/project1/maintoolflow/risc_v_processor/cpre3810-toolflow-3/proj/src/TopLevel/RISCV_Processor.vhd Line: 30
    Warning (15610): No output dependent on input pin "iInstAddr[29]" File: /home/jaypp123/Desktop/CPRE3810/project1/maintoolflow/risc_v_processor/cpre3810-toolflow-3/proj/src/TopLevel/RISCV_Processor.vhd Line: 30
    Warning (15610): No output dependent on input pin "iInstAddr[30]" File: /home/jaypp123/Desktop/CPRE3810/project1/maintoolflow/risc_v_processor/cpre3810-toolflow-3/proj/src/TopLevel/RISCV_Processor.vhd Line: 30
    Warning (15610): No output dependent on input pin "iInstAddr[31]" File: /home/jaypp123/Desktop/CPRE3810/project1/maintoolflow/risc_v_processor/cpre3810-toolflow-3/proj/src/TopLevel/RISCV_Processor.vhd Line: 30
Info (21057): Implemented 115990 device resources after synthesis - the final resource count might be different
    Info (21058): Implemented 67 input pins
    Info (21059): Implemented 32 output pins
    Info (21061): Implemented 115891 logic cells
Info: Quartus Prime Analysis & Synthesis was successful. 0 errors, 43 warnings
    Info: Peak virtual memory: 1167 megabytes
    Info: Processing ended: Thu May  7 00:26:02 2026
    Info: Elapsed time: 00:02:39
    Info: Total CPU time (on all processors): 00:02:33
Info: *******************************************************************
Info: Running Quartus Prime Fitter
    Info: Version 20.1.1 Build 720 11/11/2020 SJ Standard Edition
    Info: Copyright (C) 2020  Intel Corporation. All rights reserved.
    Info: Your use of Intel Corporation's design tools, logic functions 
    Info: and other software and tools, and any partner logic 
    Info: functions, and any output files from any of the foregoing 
    Info: (including device programming or simulation files), and any 
    Info: associated documentation or information are expressly subject 
    Info: to the terms and conditions of the Intel Program License 
    Info: Subscription Agreement, the Intel Quartus Prime License Agreement,
    Info: the Intel FPGA IP License Agreement, or other applicable license
    Info: agreement, including, without limitation, that your use is for
    Info: the sole purpose of programming logic devices manufactured by
    Info: Intel and sold by Intel or its authorized distributors.  Please
    Info: refer to the applicable agreement for further details, at
    Info: https://fpgasoftware.intel.com/eula.
    Info: Processing started: Thu May  7 00:26:04 2026
Info: Command: quartus_fit --read_settings_files=on --write_settings_files=off toolflow -c toolflow
Info: qfit2_default_script.tcl version: #1
Info: Project  = toolflow
Info: Revision = toolflow
Warning (18236): Number of processors has not been specified which may cause overloading on shared machines.  Set the global assignment NUM_PARALLEL_PROCESSORS in your QSF to an appropriate value for best performance.
Info (20030): Parallel compilation is enabled and will use 4 of the 4 processors detected
Info (119006): Selected device EP4CE115F29C7 for design "toolflow"
Info (21076): High junction temperature operating condition is not set. Assuming a default value of '85'.
Info (21076): Low junction temperature operating condition is not set. Assuming a default value of '0'.
Info (171003): Fitter is performing an Auto Fit compilation, which may decrease Fitter effort to reduce compilation time
Info (176444): Device migration not selected. If you intend to use device migration later, you may need to change the pin assignments as they may be incompatible with other devices
    Info (176445): Device EP4CE40F29C7 is compatible
    Info (176445): Device EP4CE40F29I7 is compatible
    Info (176445): Device EP4CE30F29C7 is compatible
    Info (176445): Device EP4CE30F29I7 is compatible
    Info (176445): Device EP4CE55F29C7 is compatible
    Info (176445): Device EP4CE55F29I7 is compatible
    Info (176445): Device EP4CE75F29C7 is compatible
    Info (176445): Device EP4CE75F29I7 is compatible
    Info (176445): Device EP4CE115F29I7 is compatible
Info (169124): Fitter converted 5 user pins into dedicated programming pins
    Info (169125): Pin ~ALTERA_ASDO_DATA1~ is reserved at location F4
    Info (169125): Pin ~ALTERA_FLASH_nCE_nCSO~ is reserved at location E2
    Info (169125): Pin ~ALTERA_DCLK~ is reserved at location P3
    Info (169125): Pin ~ALTERA_DATA0~ is reserved at location N7
    Info (169125): Pin ~ALTERA_nCEO~ is reserved at location P28
Warning (15714): Some pins have incomplete I/O assignments. Refer to the I/O Assignment Warnings report for details
Critical Warning (169085): No exact pin location assignment(s) for 99 pins of 99 total pins. For the list of pins please refer to the I/O Assignment Warnings table in the fitter report.
Info (332104): Reading SDC File: 'toolflow.sdc'
Info (332129): Detected timing requirements -- optimizing circuit to achieve only the specified requirements
Info (332111): Found 1 clocks
    Info (332111):   Period   Clock Name
    Info (332111): ======== ============
    Info (332111):   20.000         iCLK
Info (176353): Automatically promoted node iCLK~input (placed in PIN J1 (CLK1, DIFFCLK_0n)) File: /home/jaypp123/Desktop/CPRE3810/project1/maintoolflow/risc_v_processor/cpre3810-toolflow-3/proj/src/TopLevel/RISCV_Processor.vhd Line: 27
    Info (176355): Automatically promoted destinations to use location or clock signal Global Clock CLKCTRL_G2
Info (176353): Automatically promoted node iRST~input (placed in PIN Y2 (CLK2, DIFFCLK_1p)) File: /home/jaypp123/Desktop/CPRE3810/project1/maintoolflow/risc_v_processor/cpre3810-toolflow-3/proj/src/TopLevel/RISCV_Processor.vhd Line: 28
    Info (176355): Automatically promoted destinations to use location or clock signal Global Clock CLKCTRL_G4
Info (176233): Starting register packing
Info (176235): Finished register packing
    Extra Info (176219): No registers were packed into other blocks
Info (176214): Statistics of I/O pins that need to be placed that use the same VCCIO and VREF, before I/O pin placement
    Info (176211): Number of I/O pins in group: 97 (unused VREF, 2.5V VCCIO, 65 input, 32 output, 0 bidirectional)
        Info (176212): I/O standards used: 2.5 V.
Info (176215): I/O bank details before I/O pin placement
    Info (176214): Statistics of I/O banks
        Info (176213): I/O bank number 1 does not use VREF pins and has undetermined VCCIO pins. 5 total pin(s) used --  51 pins available
        Info (176213): I/O bank number 2 does not use VREF pins and has undetermined VCCIO pins. 1 total pin(s) used --  62 pins available
        Info (176213): I/O bank number 3 does not use VREF pins and has undetermined VCCIO pins. 0 total pin(s) used --  73 pins available
        Info (176213): I/O bank number 4 does not use VREF pins and has undetermined VCCIO pins. 0 total pin(s) used --  71 pins available
        Info (176213): I/O bank number 5 does not use VREF pins and has undetermined VCCIO pins. 0 total pin(s) used --  65 pins available
        Info (176213): I/O bank number 6 does not use VREF pins and has undetermined VCCIO pins. 1 total pin(s) used --  57 pins available
        Info (176213): I/O bank number 7 does not use VREF pins and has undetermined VCCIO pins. 0 total pin(s) used --  72 pins available
        Info (176213): I/O bank number 8 does not use VREF pins and has undetermined VCCIO pins. 0 total pin(s) used --  71 pins available
Info (171121): Fitter preparation operations ending: elapsed time is 00:01:13
Info (14896): Fitter has disabled Advanced Physical Optimization because it is not supported for the current family.
Info (170189): Fitter placement preparation operations beginning
Info (170190): Fitter placement preparation operations ending: elapsed time is 00:00:27
Info (170191): Fitter placement operations beginning
Info (170137): Fitter placement was successful
Info (170192): Fitter placement operations ending: elapsed time is 00:04:22
Info (170193): Fitter routing operations beginning
Info (170195): Router estimated average interconnect usage is 25% of the available device resources
    Info (170196): Router estimated peak interconnect usage is 39% of the available device resources in the region that extends from location X23_Y24 to location X33_Y36
Info (170199): The Fitter performed an Auto Fit compilation.  Optimizations were skipped to reduce compilation time.
    Info (170201): Optimizations that may affect the design's routability were skipped
    Info (170200): Optimizations that may affect the design's timing were skipped
Info (170194): Fitter routing operations ending: elapsed time is 00:04:07
Info (11888): Total time spent on timing analysis during the Fitter is 58.89 seconds.
Info (334003): Started post-fitting delay annotation
Info (334004): Delay annotation completed successfully
Info (334003): Started post-fitting delay annotation
Info (334004): Delay annotation completed successfully
Info (11218): Fitter post-fit operations ending: elapsed time is 00:00:27
Info (144001): Generated suppressed messages file /home/jaypp123/Desktop/CPRE3810/project1/maintoolflow/risc_v_processor/cpre3810-toolflow-3/internal/QuartusWork/output_files/toolflow.fit.smsg
Info: Quartus Prime Fitter was successful. 0 errors, 3 warnings
    Info: Peak virtual memory: 2584 megabytes
    Info: Processing ended: Thu May  7 00:37:40 2026
    Info: Elapsed time: 00:11:36
    Info: Total CPU time (on all processors): 00:28:41
Info: *******************************************************************
Info: Running Quartus Prime Assembler
    Info: Version 20.1.1 Build 720 11/11/2020 SJ Standard Edition
    Info: Copyright (C) 2020  Intel Corporation. All rights reserved.
    Info: Your use of Intel Corporation's design tools, logic functions 
    Info: and other software and tools, and any partner logic 
    Info: functions, and any output files from any of the foregoing 
    Info: (including device programming or simulation files), and any 
    Info: associated documentation or information are expressly subject 
    Info: to the terms and conditions of the Intel Program License 
    Info: Subscription Agreement, the Intel Quartus Prime License Agreement,
    Info: the Intel FPGA IP License Agreement, or other applicable license
    Info: agreement, including, without limitation, that your use is for
    Info: the sole purpose of programming logic devices manufactured by
    Info: Intel and sold by Intel or its authorized distributors.  Please
    Info: refer to the applicable agreement for further details, at
    Info: https://fpgasoftware.intel.com/eula.
    Info: Processing started: Thu May  7 00:37:43 2026
Info: Command: quartus_asm --read_settings_files=on --write_settings_files=off toolflow -c toolflow
Warning (18236): Number of processors has not been specified which may cause overloading on shared machines.  Set the global assignment NUM_PARALLEL_PROCESSORS in your QSF to an appropriate value for best performance.
Info (115031): Writing out detailed assembly data for power analysis
Info (115030): Assembler is generating device programming files
Info: Quartus Prime Assembler was successful. 0 errors, 1 warning
    Info: Peak virtual memory: 818 megabytes
    Info: Processing ended: Thu May  7 00:37:51 2026
    Info: Elapsed time: 00:00:08
    Info: Total CPU time (on all processors): 00:00:07
