Reading pref.tcl

# 2025.1_2

# vsim -postsimdataflow -debugdb -c -voptargs=""+acc"" tb -do "modelsim_framework.do" -gOUTPUT_TRACE=ms.trace 
# Start time: 11:12:02 on Apr 27,2026
# ** Note: (vsim-8009) Loading existing optimized design _opt
# //  Questa Sim-64
# //  Version 2025.1_2 linux_x86_64 Apr  7 2025
# //
# // Unpublished work. Copyright 2025 Siemens
# //
# // This material contains trade secrets or otherwise confidential information
# // owned by Siemens Industry Software Inc. or its affiliates (collectively,
# // "SISW"), or its licensors. Access to and use of this information is strictly
# // limited as set forth in the Customer's applicable agreements with SISW.
# //
# // This material may not be copied, distributed, or otherwise disclosed outside
# // of the Customer's facilities without the express written permission of SISW,
# // and may not be used in any way not expressly authorized by SISW.
# //
# Loading std.standard
# Loading std.textio(body)
# Loading ieee.std_logic_1164(body)
# Loading ieee.std_logic_textio(body)
# Loading std.env(body)
# Loading work.tb(mixed)#1
# Loading work.riscv_types(body)
# Loading work.riscv_processor(structure)#1
# Loading ieee.numeric_std(body)
# Loading work.mem(rtl)#1
# Loading work.sw_fetch_unit(structure)#1
# Loading work.invg(dataflow)#1
# Loading work.ripple_carry_addern(structural)#1
# Loading work.full_adder(structure)#1
# Loading work.andg2(dataflow)#1
# Loading work.xorg2(dataflow)#1
# Loading work.org2(dataflow)#1
# Loading work.mux2t1_n(structural)#1
# Loading work.mux2t1(structure)#1
# Loading work.pc_register(structure)#1
# Loading work.dffg(mixed)#1
# Loading work.ifid_pipelineregister(structural)#1
# Loading work.register_nbit(structural)#1
# Loading work.idex_pipelineregister(structural)#1
# Loading work.mux2t1_n(structural)#2
# Loading work.mux2t1_n(structural)#3
# Loading work.register_nbit(structural)#2
# Loading work.register_nbit(structural)#3
# Loading work.hazard_detection_unit(structural)#1
# Loading work.sc_processor_control_unit(dataflow)#1
# Loading work.sc_processor_alu_control(dataflow)#1
# Loading work.immediate_generator(dataflow)#1
# Loading work.bitextender_12to32(behavioral)#1
# Loading work.bitextender_20to32(behavioral)#1
# Loading work.register_file(structural)#1
# Loading work.decoder_5to32(dataflow)#1
# Loading work.source_register(structural)#1
# Loading work.mux_32to1(dataflow)#1
# Loading work.exmem_pipelineregister(structural)#1
# Loading work.mux2t1_n(structural)#4
# Loading work.register_nbit(structural)#4
# Loading work.register_nbit(structural)#5
# Loading work.alu_32(structural)#1
# Loading work.addsub_32(structural)#1
# Loading work.barrel_shifter(structural)#1
# Loading work.barrel_shifter(structural)#2
# Loading work.branch_resolver(dataflow)#1
# Loading work.memwb_pipelineregister(structural)#1
# ** Note: (vsim-8716) Reusing existing debug database vsim.dbg.
# do modelsim_framework.do
# ** Warning: NUMERIC_STD.TO_INTEGER: metavalue detected, returning 0
#    Time: 0 ns  Iteration: 0  Instance: /tb/MyRiscv/DMem
# ** Warning: NUMERIC_STD.TO_INTEGER: metavalue detected, returning 0
#    Time: 0 ns  Iteration: 0  Instance: /tb/MyRiscv/IMem
# ** Note: Data structure takes 78242856 bytes of memory
#          Process time 0.13 seconds
#          stop
#    Time: 320 ns  Iteration: 1  Instance: /tb
# Break in Process P_DUMP_STATE at /home/shawnr/CPRE_381/project_one/cpre3810-toolflow-3/internal/testpy/tb.vhd line 150
# Stopped at /home/shawnr/CPRE_381/project_one/cpre3810-toolflow-3/internal/testpy/tb.vhd line 150
# End time: 11:12:02 on Apr 27,2026, Elapsed time: 0:00:00
# Errors: 0, Warnings: 2
