In clock cycle: 4
Register Write to Reg: 0x01 Val: 0x00000001
In clock cycle: 5
Register Write to Reg: 0x02 Val: 0x00000001
In clock cycle: 6
Register Write to Reg: 0x03 Val: 0x00000002
In clock cycle: 7
Register Write to Reg: 0x04 Val: 0x00000003
In clock cycle: 8
Register Write to Reg: 0x05 Val: 0x00000005
In clock cycle: 9
Register Write to Reg: 0x06 Val: 0x00000008
In clock cycle: 10
Register Write to Reg: 0x07 Val: 0x0000000D
In clock cycle: 11
Register Write to Reg: 0x08 Val: 0x00000015
In clock cycle: 12
Register Write to Reg: 0x09 Val: 0x00000022
In clock cycle: 13
Register Write to Reg: 0x0A Val: 0x00000037
In clock cycle: 14
Register Write to Reg: 0x0B Val: 0x00000059
In clock cycle: 15
Register Write to Reg: 0x0C Val: 0x00000090
In clock cycle: 16
Register Write to Reg: 0x0D Val: 0x000000E9
In clock cycle: 17
Register Write to Reg: 0x0E Val: 0x00000179
In clock cycle: 18
Register Write to Reg: 0x0F Val: 0x00000262
In clock cycle: 19
Register Write to Reg: 0x10 Val: 0x000003DB
In clock cycle: 20
Register Write to Reg: 0x11 Val: 0x0000063D
In clock cycle: 21
Register Write to Reg: 0x12 Val: 0x00000A18
In clock cycle: 22
Register Write to Reg: 0x13 Val: 0x00001055
In clock cycle: 23
Register Write to Reg: 0x14 Val: 0x00001A6D
In clock cycle: 24
Register Write to Reg: 0x15 Val: 0x00002AC2
In clock cycle: 25
Register Write to Reg: 0x16 Val: 0x0000452F
In clock cycle: 26
Register Write to Reg: 0x17 Val: 0x00006FF1
In clock cycle: 27
Register Write to Reg: 0x18 Val: 0x0000B520
In clock cycle: 28
Register Write to Reg: 0x19 Val: 0x00012511
In clock cycle: 29
Register Write to Reg: 0x1A Val: 0x0001DA31
In clock cycle: 30
Register Write to Reg: 0x1B Val: 0x0002FF42
In clock cycle: 31
Register Write to Reg: 0x1C Val: 0x0004D973
In clock cycle: 32
Register Write to Reg: 0x1D Val: 0x0007D8B5
In clock cycle: 33
Register Write to Reg: 0x1E Val: 0x000CB228
In clock cycle: 34
Register Write to Reg: 0x1F Val: 0x00148ADD
Execution is stopping! Clock Cycle: 35
