In clock cycle: 4
Register Write to Reg: 0x08 Val: 0x10010000
In clock cycle: 5
Register Write to Reg: 0x08 Val: 0x0000001C
In clock cycle: 6
Register Write to Reg: 0x05 Val: 0x0000002A
In clock cycle: 6
Memory Write to Addr: 0x00000000 Val: 0x00000000
In clock cycle: 7
Memory Write to Addr: 0x1000FFFC Val: 0x00000000
In clock cycle: 8
Memory Write to Addr: 0x00000014 Val: 0x00000000
In clock cycle: 9
Memory Write to Addr: 0x00000010 Val: 0x0000002A
In clock cycle: 10
Memory Write to Addr: 0x0000000C Val: 0x0000002A
In clock cycle: 11
Memory Write to Addr: 0x00000008 Val: 0x0000002A
In clock cycle: 12
Memory Write to Addr: 0x00000004 Val: 0x0000002A
In clock cycle: 13
Memory Write to Addr: 0x00000000 Val: 0x0000002A
Execution is stopping! Clock Cycle: 15
