In clock cycle: 4
Register Write to Reg: 0x05 Val: 0x0000F000
In clock cycle: 7
Register Write to Reg: 0x05 Val: 0x00007800
In clock cycle: 10
Register Write to Reg: 0x05 Val: 0x00003C00
In clock cycle: 13
Register Write to Reg: 0x05 Val: 0x00001E00
In clock cycle: 16
Register Write to Reg: 0x05 Val: 0x00000F00
In clock cycle: 19
Register Write to Reg: 0x05 Val: 0x00000780
In clock cycle: 22
Register Write to Reg: 0x05 Val: 0x000003C0
In clock cycle: 25
Register Write to Reg: 0x05 Val: 0x000001E0
In clock cycle: 28
Register Write to Reg: 0x05 Val: 0x000000F0
In clock cycle: 31
Register Write to Reg: 0x05 Val: 0x000000F0
In clock cycle: 34
Register Write to Reg: 0x05 Val: 0x00000000
Execution is stopping! Clock Cycle: 37
