In clock cycle: 4
Register Write to Reg: 0x01 Val: 0x00000005
In clock cycle: 5
Register Write to Reg: 0x02 Val: 0x00000006
In clock cycle: 7
Register Write to Reg: 0x0A Val: 0x00000001
In clock cycle: 8
Register Write to Reg: 0x03 Val: 0x00000001
In clock cycle: 11
Register Write to Reg: 0x00 Val: 0x00000000
In clock cycle: 12
Register Write to Reg: 0x01 Val: 0x00000001
In clock cycle: 13
Register Write to Reg: 0x02 Val: 0xFFFFFFFF
In clock cycle: 15
Register Write to Reg: 0x0B Val: 0x00000001
In clock cycle: 16
Register Write to Reg: 0x03 Val: 0x00000001
In clock cycle: 19
Register Write to Reg: 0x00 Val: 0x00000000
In clock cycle: 20
Register Write to Reg: 0x01 Val: 0x00000000
In clock cycle: 21
Register Write to Reg: 0x02 Val: 0x00000001
In clock cycle: 23
Register Write to Reg: 0x0C Val: 0x00000001
In clock cycle: 24
Register Write to Reg: 0x03 Val: 0x00000001
In clock cycle: 27
Register Write to Reg: 0x00 Val: 0x00000000
In clock cycle: 28
Register Write to Reg: 0x01 Val: 0x000007FF
In clock cycle: 29
Register Write to Reg: 0x02 Val: 0xFFFFF800
In clock cycle: 31
Register Write to Reg: 0x0D Val: 0x00000001
In clock cycle: 32
Register Write to Reg: 0x03 Val: 0x00000001
In clock cycle: 35
Register Write to Reg: 0x00 Val: 0x00000000
Execution is stopping! Clock Cycle: 36
