In clock cycle: 4
Register Write to Reg: 0x08 Val: 0x10010000
In clock cycle: 7
Register Write to Reg: 0x08 Val: 0x1001001C
In clock cycle: 8
Register Write to Reg: 0x05 Val: 0x0000002A
In clock cycle: 10
Memory Write to Addr: 0x1001001C Val: 0x0000002A
In clock cycle: 11
Memory Write to Addr: 0x10010018 Val: 0x0000002A
In clock cycle: 12
Memory Write to Addr: 0x10010014 Val: 0x0000002A
In clock cycle: 13
Memory Write to Addr: 0x10010010 Val: 0x0000002A
In clock cycle: 14
Memory Write to Addr: 0x1001000C Val: 0x0000002A
In clock cycle: 15
Memory Write to Addr: 0x10010008 Val: 0x0000002A
In clock cycle: 16
Memory Write to Addr: 0x10010004 Val: 0x0000002A
In clock cycle: 17
Memory Write to Addr: 0x10010000 Val: 0x0000002A
Execution is stopping! Clock Cycle: 19
