In clock cycle: 4
Register Write to Reg: 0x01 Val: 0x10010000
In clock cycle: 5
Register Write to Reg: 0x01 Val: 0x10010000
In clock cycle: 6
Register Write to Reg: 0x02 Val: 0xFFFFFFEF
In clock cycle: 7
Register Write to Reg: 0x03 Val: 0xFFFFFFBE
In clock cycle: 8
Register Write to Reg: 0x04 Val: 0xFFFFFFAD
In clock cycle: 9
Register Write to Reg: 0x05 Val: 0xFFFFFFDE
In clock cycle: 10
Register Write to Reg: 0x06 Val: 0x10010000
In clock cycle: 11
Register Write to Reg: 0x06 Val: 0x10010004
In clock cycle: 12
Register Write to Reg: 0x07 Val: 0x00000078
In clock cycle: 13
Register Write to Reg: 0x08 Val: 0x00000012
In clock cycle: 14
Register Write to Reg: 0x09 Val: 0x00000078
In clock cycle: 15
Register Write to Reg: 0x0A Val: 0x10010000
In clock cycle: 16
Register Write to Reg: 0x0A Val: 0x1001000C
In clock cycle: 17
Register Write to Reg: 0x0B Val: 0x00000000
In clock cycle: 18
Register Write to Reg: 0x0C Val: 0x00000055
In clock cycle: 19
Register Write to Reg: 0x0D Val: 0xFFFFFFAA
Execution is stopping! Clock Cycle: 20
