In clock cycle: 4
Register Write to Reg: 0x01 Val: 0x01230000
In clock cycle: 5
Register Write to Reg: 0x01 Val: 0x01230123
In clock cycle: 6
Register Write to Reg: 0x02 Val: 0x12302000
In clock cycle: 7
Register Write to Reg: 0x02 Val: 0x12302301
In clock cycle: 8
Register Write to Reg: 0x03 Val: 0x13532424
In clock cycle: 9
Register Write to Reg: 0x04 Val: 0x13532424
In clock cycle: 10
Register Write to Reg: 0x02 Val: 0x01230000
In clock cycle: 11
Register Write to Reg: 0x02 Val: 0x01230123
In clock cycle: 12
Register Write to Reg: 0x01 Val: 0x12302000
In clock cycle: 13
Register Write to Reg: 0x01 Val: 0x12302301
In clock cycle: 14
Register Write to Reg: 0x05 Val: 0x13532424
In clock cycle: 15
Register Write to Reg: 0x06 Val: 0x13532424
In clock cycle: 16
Register Write to Reg: 0x01 Val: 0x00000001
In clock cycle: 17
Register Write to Reg: 0x02 Val: 0x00000001
In clock cycle: 18
Register Write to Reg: 0x01 Val: 0x13532425
In clock cycle: 19
Register Write to Reg: 0x01 Val: 0x00000002
In clock cycle: 20
Register Write to Reg: 0x02 Val: 0x00000002
In clock cycle: 21
Register Write to Reg: 0x01 Val: 0x13532426
In clock cycle: 22
Register Write to Reg: 0x01 Val: 0x00000004
In clock cycle: 23
Register Write to Reg: 0x02 Val: 0x00000004
In clock cycle: 24
Register Write to Reg: 0x01 Val: 0x13532428
In clock cycle: 25
Register Write to Reg: 0x01 Val: 0x00000008
In clock cycle: 26
Register Write to Reg: 0x02 Val: 0x00000008
In clock cycle: 27
Register Write to Reg: 0x01 Val: 0x1353242C
In clock cycle: 28
Register Write to Reg: 0x01 Val: 0x00000010
In clock cycle: 29
Register Write to Reg: 0x02 Val: 0x00000010
In clock cycle: 30
Register Write to Reg: 0x01 Val: 0x13532434
In clock cycle: 31
Register Write to Reg: 0x01 Val: 0x00000020
In clock cycle: 32
Register Write to Reg: 0x02 Val: 0x00000020
In clock cycle: 33
Register Write to Reg: 0x01 Val: 0x13532444
In clock cycle: 34
Register Write to Reg: 0x01 Val: 0x00000040
In clock cycle: 35
Register Write to Reg: 0x02 Val: 0x00000040
In clock cycle: 36
Register Write to Reg: 0x01 Val: 0x13532464
In clock cycle: 37
Register Write to Reg: 0x01 Val: 0x00000080
In clock cycle: 38
Register Write to Reg: 0x02 Val: 0x00000080
In clock cycle: 39
Register Write to Reg: 0x01 Val: 0x135324A4
In clock cycle: 40
Register Write to Reg: 0x01 Val: 0x00000100
In clock cycle: 41
Register Write to Reg: 0x02 Val: 0x00000100
In clock cycle: 42
Register Write to Reg: 0x01 Val: 0x13532524
In clock cycle: 43
Register Write to Reg: 0x01 Val: 0x00000200
In clock cycle: 44
Register Write to Reg: 0x02 Val: 0x00000200
In clock cycle: 45
Register Write to Reg: 0x01 Val: 0x13532624
In clock cycle: 46
Register Write to Reg: 0x01 Val: 0x00000400
In clock cycle: 47
Register Write to Reg: 0x02 Val: 0x00000400
In clock cycle: 48
Register Write to Reg: 0x01 Val: 0x13532824
In clock cycle: 49
Register Write to Reg: 0x01 Val: 0x00001000
In clock cycle: 50
Register Write to Reg: 0x01 Val: 0x00000FFF
In clock cycle: 51
Register Write to Reg: 0x02 Val: 0x00001000
In clock cycle: 52
Register Write to Reg: 0x02 Val: 0x00000FFF
In clock cycle: 53
Register Write to Reg: 0x01 Val: 0x13533423
In clock cycle: 54
Register Write to Reg: 0x01 Val: 0x00010000
In clock cycle: 55
Register Write to Reg: 0x02 Val: 0x00010000
In clock cycle: 56
Register Write to Reg: 0x03 Val: 0x00020000
In clock cycle: 57
Register Write to Reg: 0x01 Val: 0x00020000
In clock cycle: 58
Register Write to Reg: 0x02 Val: 0x00020000
In clock cycle: 59
Register Write to Reg: 0x03 Val: 0x00040000
In clock cycle: 60
Register Write to Reg: 0x01 Val: 0x00040000
In clock cycle: 61
Register Write to Reg: 0x02 Val: 0x00040000
In clock cycle: 62
Register Write to Reg: 0x03 Val: 0x00080000
In clock cycle: 63
Register Write to Reg: 0x01 Val: 0x00080000
In clock cycle: 64
Register Write to Reg: 0x02 Val: 0x00080000
In clock cycle: 65
Register Write to Reg: 0x03 Val: 0x00100000
In clock cycle: 66
Register Write to Reg: 0x01 Val: 0x00100000
In clock cycle: 67
Register Write to Reg: 0x02 Val: 0x00100000
In clock cycle: 68
Register Write to Reg: 0x03 Val: 0x00200000
In clock cycle: 69
Register Write to Reg: 0x01 Val: 0x00200000
In clock cycle: 70
Register Write to Reg: 0x02 Val: 0x00200000
In clock cycle: 71
Register Write to Reg: 0x03 Val: 0x00400000
In clock cycle: 72
Register Write to Reg: 0x01 Val: 0x00400000
In clock cycle: 73
Register Write to Reg: 0x02 Val: 0x00400000
In clock cycle: 74
Register Write to Reg: 0x03 Val: 0x00800000
In clock cycle: 75
Register Write to Reg: 0x01 Val: 0x00800000
In clock cycle: 76
Register Write to Reg: 0x02 Val: 0x00800000
In clock cycle: 77
Register Write to Reg: 0x03 Val: 0x01000000
In clock cycle: 78
Register Write to Reg: 0x01 Val: 0x01000000
In clock cycle: 79
Register Write to Reg: 0x02 Val: 0x01000000
In clock cycle: 80
Register Write to Reg: 0x03 Val: 0x02000000
In clock cycle: 81
Register Write to Reg: 0x01 Val: 0x02000000
In clock cycle: 82
Register Write to Reg: 0x02 Val: 0x02000000
In clock cycle: 83
Register Write to Reg: 0x03 Val: 0x04000000
In clock cycle: 84
Register Write to Reg: 0x01 Val: 0x04000000
In clock cycle: 85
Register Write to Reg: 0x02 Val: 0x04000000
In clock cycle: 86
Register Write to Reg: 0x03 Val: 0x08000000
In clock cycle: 87
Register Write to Reg: 0x01 Val: 0x08000000
In clock cycle: 88
Register Write to Reg: 0x02 Val: 0x08000000
In clock cycle: 89
Register Write to Reg: 0x03 Val: 0x10000000
In clock cycle: 90
Register Write to Reg: 0x01 Val: 0x10000000
In clock cycle: 91
Register Write to Reg: 0x02 Val: 0x10000000
In clock cycle: 92
Register Write to Reg: 0x03 Val: 0x20000000
In clock cycle: 93
Register Write to Reg: 0x01 Val: 0x20000000
In clock cycle: 94
Register Write to Reg: 0x02 Val: 0x20000000
In clock cycle: 95
Register Write to Reg: 0x03 Val: 0x40000000
In clock cycle: 96
Register Write to Reg: 0x01 Val: 0x40000000
In clock cycle: 97
Register Write to Reg: 0x02 Val: 0x40000000
In clock cycle: 98
Register Write to Reg: 0x03 Val: 0x80000000
In clock cycle: 99
Register Write to Reg: 0x01 Val: 0x80000000
In clock cycle: 100
Register Write to Reg: 0x02 Val: 0x80000000
In clock cycle: 101
Register Write to Reg: 0x03 Val: 0x00000000
Execution is stopping! Clock Cycle: 102
