In clock cycle: 4
Register Write to Reg: 0x05 Val: 0xFFFF0000
In clock cycle: 7
Register Write to Reg: 0x05 Val: 0xFFFF0000
In clock cycle: 8
Register Write to Reg: 0x07 Val: 0x00000000
In clock cycle: 11
Register Write to Reg: 0x06 Val: 0xFFFF0000
In clock cycle: 12
Register Write to Reg: 0x1C Val: 0xFFFF0000
In clock cycle: 15
Register Write to Reg: 0x1C Val: 0xFFFF0000
In clock cycle: 19
Register Write to Reg: 0x07 Val: 0x00000001
In clock cycle: 22
Register Write to Reg: 0x06 Val: 0x7FFF8000
In clock cycle: 23
Register Write to Reg: 0x1C Val: 0x7FFF8000
In clock cycle: 26
Register Write to Reg: 0x1C Val: 0x7FFF8000
In clock cycle: 30
Register Write to Reg: 0x07 Val: 0x0000001F
In clock cycle: 33
Register Write to Reg: 0x06 Val: 0x00000001
In clock cycle: 34
Register Write to Reg: 0x1C Val: 0x00000001
In clock cycle: 38
Register Write to Reg: 0x07 Val: 0x00000020
In clock cycle: 41
Register Write to Reg: 0x06 Val: 0xFFFF0000
In clock cycle: 42
Register Write to Reg: 0x1C Val: 0xFFFF0000
In clock cycle: 45
Register Write to Reg: 0x1C Val: 0xFFFF0000
In clock cycle: 49
Register Write to Reg: 0x1E Val: 0x00000001
In clock cycle: 50
Register Write to Reg: 0x00 Val: 0x0040005C
In clock cycle: 52
Register Write to Reg: 0x00 Val: 0x00000000
Execution is stopping! Clock Cycle: 53
