In clock cycle: 4
Register Write to Reg: 0x05 Val: 0xFFFFFFFF
In clock cycle: 5
Register Write to Reg: 0x0A Val: 0x00000000
In clock cycle: 6
Register Write to Reg: 0x05 Val: 0xFFFFF000
In clock cycle: 7
Register Write to Reg: 0x05 Val: 0x00000000
In clock cycle: 8
Register Write to Reg: 0x0A Val: 0x00000000
In clock cycle: 9
Register Write to Reg: 0x05 Val: 0xAAAAB000
In clock cycle: 10
Register Write to Reg: 0x05 Val: 0xFFFFEAAA
In clock cycle: 11
Register Write to Reg: 0x0A Val: 0x00000555
In clock cycle: 12
Register Write to Reg: 0x05 Val: 0x80000000
In clock cycle: 13
Register Write to Reg: 0x05 Val: 0xAAAAB000
In clock cycle: 14
Register Write to Reg: 0x0A Val: 0x00001555
In clock cycle: 15
Register Write to Reg: 0x05 Val: 0x0000000F
In clock cycle: 16
Register Write to Reg: 0x0A Val: 0x8000000F
Execution is stopping! Clock Cycle: 17
