In clock cycle: 4
Register Write to Reg: 0x01 Val: 0x10010000
In clock cycle: 5
Register Write to Reg: 0x01 Val: 0x10010000
In clock cycle: 6
Register Write to Reg: 0x05 Val: 0xFFFFFFFF
In clock cycle: 7
Register Write to Reg: 0x06 Val: 0xFFFFFFFF
In clock cycle: 8
Register Write to Reg: 0x07 Val: 0xFFFFFFFF
In clock cycle: 9
Register Write to Reg: 0x08 Val: 0xFFFFFFFF
In clock cycle: 10
Register Write to Reg: 0x05 Val: 0x00000000
In clock cycle: 11
Register Write to Reg: 0x06 Val: 0x0000007F
In clock cycle: 12
Register Write to Reg: 0x07 Val: 0x00000080
In clock cycle: 13
Register Write to Reg: 0x08 Val: 0x000000FF
Execution is stopping! Clock Cycle: 14
