In clock cycle: 4
Register Write to Reg: 0x17 Val: 0x00000000
In clock cycle: 5
Register Write to Reg: 0x08 Val: 0x0000000F
In clock cycle: 6
Register Write to Reg: 0x09 Val: 0x00FF0000
In clock cycle: 7
Register Write to Reg: 0x12 Val: 0x80000000
In clock cycle: 9
Register Write to Reg: 0x13 Val: 0x00FF000F
In clock cycle: 12
Register Write to Reg: 0x13 Val: 0x80FF000F
In clock cycle: 13
Register Write to Reg: 0x05 Val: 0x00000000
In clock cycle: 16
Register Write to Reg: 0x05 Val: 0x0000000F
In clock cycle: 19
Register Write to Reg: 0x05 Val: 0x00FF000F
In clock cycle: 22
Register Write to Reg: 0x05 Val: 0x80FF000F
In clock cycle: 25
Register Write to Reg: 0x06 Val: 0x00000000
In clock cycle: 28
Register Write to Reg: 0x17 Val: 0x00000000
In clock cycle: 29
Register Write to Reg: 0x07 Val: 0x0000000F
In clock cycle: 32
Register Write to Reg: 0x1C Val: 0x00000000
In clock cycle: 35
Register Write to Reg: 0x17 Val: 0x00000000
In clock cycle: 36
Register Write to Reg: 0x00 Val: 0x00FF000F
In clock cycle: 37
Register Write to Reg: 0x1D Val: 0x00000000
In clock cycle: 40
Register Write to Reg: 0x17 Val: 0x00000000
In clock cycle: 43
Register Write to Reg: 0x03 Val: 0x00000000
Execution is stopping! Clock Cycle: 44
