QuestaSim-64 vcom 2025.1_2 Compiler 2025.04 Apr  7 2025
Start time: 11:06:22 on Mar 31,2026
vcom -2008 -work internal/ModelSimContainer/work proj/src/RISCV_types.vhd internal/testpy/tb.vhd proj/src/RISCV_types.vhd proj/src/TopLevel/RISCV_Processor.vhd proj/src/TopLevel/mem.vhd proj/src/TopLevel/components/bitextender_12to32.vhd proj/src/TopLevel/components/sc_processor_control_unit.vhd proj/src/TopLevel/components/dffg.vhd proj/src/TopLevel/components/org2.vhd proj/src/TopLevel/components/alu_32.vhd proj/src/TopLevel/components/sc_processor_alu_control.vhd proj/src/TopLevel/components/mux2t1_N.vhd proj/src/TopLevel/components/bitextender_20to32.vhd proj/src/TopLevel/components/ripple_carry_adderN.vhd proj/src/TopLevel/components/register_file.vhd proj/src/TopLevel/components/andg2.vhd proj/src/TopLevel/components/fetch_unit.vhd proj/src/TopLevel/components/immediate_generator.vhd proj/src/TopLevel/components/mux2t1.vhd proj/src/TopLevel/components/full_adder.vhd proj/src/TopLevel/components/mux_32to1.vhd proj/src/TopLevel/components/xorg2.vhd proj/src/TopLevel/components/addsub_32.vhd proj/src/TopLevel/components/branch_resolver.vhd proj/src/TopLevel/components/barrel_shifter.vhd proj/src/TopLevel/components/decoder_5to32.vhd proj/src/TopLevel/components/invg.vhd proj/src/TopLevel/components/source_register.vhd proj/src/TopLevel/components/register_NBit.vhd 
-- Loading package STANDARD
-- Loading package TEXTIO
-- Loading package std_logic_1164
-- Compiling package RISCV_types
-- Compiling package body RISCV_types
-- Loading package RISCV_types
-- Loading package std_logic_textio
-- Loading package ENV
-- Compiling entity tb
-- Compiling architecture mixed of tb
** Warning: proj/src/RISCV_types.vhd(15): (vcom-1615) Existing package 'RISCV_types' at line 18 will be overwritten.
-- Compiling package RISCV_types
** Warning: proj/src/RISCV_types.vhd(33): (vcom-1615) Existing package body 'RISCV_types(body)' at line 33 will be overwritten.
-- Compiling package body RISCV_types
-- Loading package RISCV_types
-- Loading package RISCV_types
-- Compiling entity RISCV_Processor
-- Compiling architecture structure of RISCV_Processor
-- Loading package NUMERIC_STD
-- Compiling entity mem
-- Compiling architecture rtl of mem
-- Compiling entity bitextender_12to32
-- Compiling architecture behavioral of bitextender_12to32
-- Compiling entity sc_processor_control_unit
-- Compiling architecture dataflow of sc_processor_control_unit
-- Compiling entity dffg
-- Compiling architecture mixed of dffg
-- Compiling entity org2
-- Compiling architecture dataflow of org2
-- Compiling entity alu_32
-- Compiling architecture structural of alu_32
-- Compiling entity sc_processor_alu_control
-- Compiling architecture dataflow of sc_processor_alu_control
-- Compiling entity mux2t1_N
-- Compiling architecture structural of mux2t1_N
-- Compiling entity bitextender_20to32
-- Compiling architecture behavioral of bitextender_20to32
-- Compiling entity ripple_carry_adderN
-- Compiling architecture structural of ripple_carry_adderN
-- Compiling entity register_file
-- Compiling architecture structural of register_file
** Error: proj/src/TopLevel/components/register_file.vhd(73): near ";": (vcom-1576) expecting == or '+' or '-' or '&'.
** Note: proj/src/TopLevel/components/register_file.vhd(105): VHDL Compiler exiting
End time: 11:06:22 on Mar 31,2026, Elapsed time: 0:00:00
Errors: 1, Warnings: 2
