[inst #1] auipc x8,64528
Register Write to Reg: 0x08 Val: 0x10010000
[inst #2] addi x8,x8,0
Register Write to Reg: 0x08 Val: 0x10010000
[inst #3] auipc x21,64528
Register Write to Reg: 0x15 Val: 0x10010008
[inst #4] addi x21,x21,68
Register Write to Reg: 0x15 Val: 0x1001004C
[inst #5] lw x21,0(x21)
Register Write to Reg: 0x15 Val: 0x00000013
[inst #6] addi x0,x0,0
Register Write to Reg: 0x00 Val: 0x00000000
[inst #7] addi x0,x0,0
Register Write to Reg: 0x00 Val: 0x00000000
[inst #8] addi x18,x0,1
Register Write to Reg: 0x12 Val: 0x00000001
[inst #9] sw x18,0(x8)
Memory Write to Addr: 0x10010000 Val: 0x00000001
[inst #10] sw x18,4(x8)
Memory Write to Addr: 0x10010004 Val: 0x00000001
[inst #11] addi x9,x21,-2
Register Write to Reg: 0x09 Val: 0x00000011
[inst #12] addi x0,x0,0
Register Write to Reg: 0x00 Val: 0x00000000
[inst #13] lw x19,0(x8)
Register Write to Reg: 0x13 Val: 0x00000001
[inst #14] lw x20,4(x8)
Register Write to Reg: 0x14 Val: 0x00000001
[inst #15] addi x0,x0,0
Register Write to Reg: 0x00 Val: 0x00000000
[inst #16] addi x0,x0,0
Register Write to Reg: 0x00 Val: 0x00000000
[inst #17] add x18,x19,x20
Register Write to Reg: 0x12 Val: 0x00000002
[inst #18] addi x0,x0,0
Register Write to Reg: 0x00 Val: 0x00000000
[inst #19] sw x18,8(x8)
Memory Write to Addr: 0x10010008 Val: 0x00000002
[inst #20] addi x8,x8,4
Register Write to Reg: 0x08 Val: 0x10010004
[inst #21] addi x9,x9,-1
Register Write to Reg: 0x09 Val: 0x00000010
[inst #22] addi x0,x0,0
Register Write to Reg: 0x00 Val: 0x00000000
[inst #23] bne x9,x0,-40
[inst #24] lw x19,0(x8)
Register Write to Reg: 0x13 Val: 0x00000001
[inst #25] lw x20,4(x8)
Register Write to Reg: 0x14 Val: 0x00000002
[inst #26] addi x0,x0,0
Register Write to Reg: 0x00 Val: 0x00000000
[inst #27] addi x0,x0,0
Register Write to Reg: 0x00 Val: 0x00000000
[inst #28] add x18,x19,x20
Register Write to Reg: 0x12 Val: 0x00000003
[inst #29] addi x0,x0,0
Register Write to Reg: 0x00 Val: 0x00000000
[inst #30] sw x18,8(x8)
Memory Write to Addr: 0x1001000C Val: 0x00000003
[inst #31] addi x8,x8,4
Register Write to Reg: 0x08 Val: 0x10010008
[inst #32] addi x9,x9,-1
Register Write to Reg: 0x09 Val: 0x0000000F
[inst #33] addi x0,x0,0
Register Write to Reg: 0x00 Val: 0x00000000
[inst #34] bne x9,x0,-40
[inst #35] lw x19,0(x8)
Register Write to Reg: 0x13 Val: 0x00000002
[inst #36] lw x20,4(x8)
Register Write to Reg: 0x14 Val: 0x00000003
[inst #37] addi x0,x0,0
Register Write to Reg: 0x00 Val: 0x00000000
[inst #38] addi x0,x0,0
Register Write to Reg: 0x00 Val: 0x00000000
[inst #39] add x18,x19,x20
Register Write to Reg: 0x12 Val: 0x00000005
[inst #40] addi x0,x0,0
Register Write to Reg: 0x00 Val: 0x00000000
[inst #41] sw x18,8(x8)
Memory Write to Addr: 0x10010010 Val: 0x00000005
[inst #42] addi x8,x8,4
Register Write to Reg: 0x08 Val: 0x1001000C
[inst #43] addi x9,x9,-1
Register Write to Reg: 0x09 Val: 0x0000000E
[inst #44] addi x0,x0,0
Register Write to Reg: 0x00 Val: 0x00000000
[inst #45] bne x9,x0,-40
[inst #46] lw x19,0(x8)
Register Write to Reg: 0x13 Val: 0x00000003
[inst #47] lw x20,4(x8)
Register Write to Reg: 0x14 Val: 0x00000005
[inst #48] addi x0,x0,0
Register Write to Reg: 0x00 Val: 0x00000000
[inst #49] addi x0,x0,0
Register Write to Reg: 0x00 Val: 0x00000000
[inst #50] add x18,x19,x20
Register Write to Reg: 0x12 Val: 0x00000008
[inst #51] addi x0,x0,0
Register Write to Reg: 0x00 Val: 0x00000000
[inst #52] sw x18,8(x8)
Memory Write to Addr: 0x10010014 Val: 0x00000008
[inst #53] addi x8,x8,4
Register Write to Reg: 0x08 Val: 0x10010010
[inst #54] addi x9,x9,-1
Register Write to Reg: 0x09 Val: 0x0000000D
[inst #55] addi x0,x0,0
Register Write to Reg: 0x00 Val: 0x00000000
[inst #56] bne x9,x0,-40
[inst #57] lw x19,0(x8)
Register Write to Reg: 0x13 Val: 0x00000005
[inst #58] lw x20,4(x8)
Register Write to Reg: 0x14 Val: 0x00000008
[inst #59] addi x0,x0,0
Register Write to Reg: 0x00 Val: 0x00000000
[inst #60] addi x0,x0,0
Register Write to Reg: 0x00 Val: 0x00000000
[inst #61] add x18,x19,x20
Register Write to Reg: 0x12 Val: 0x0000000D
[inst #62] addi x0,x0,0
Register Write to Reg: 0x00 Val: 0x00000000
[inst #63] sw x18,8(x8)
Memory Write to Addr: 0x10010018 Val: 0x0000000D
[inst #64] addi x8,x8,4
Register Write to Reg: 0x08 Val: 0x10010014
[inst #65] addi x9,x9,-1
Register Write to Reg: 0x09 Val: 0x0000000C
[inst #66] addi x0,x0,0
Register Write to Reg: 0x00 Val: 0x00000000
[inst #67] bne x9,x0,-40
[inst #68] lw x19,0(x8)
Register Write to Reg: 0x13 Val: 0x00000008
[inst #69] lw x20,4(x8)
Register Write to Reg: 0x14 Val: 0x0000000D
[inst #70] addi x0,x0,0
Register Write to Reg: 0x00 Val: 0x00000000
[inst #71] addi x0,x0,0
Register Write to Reg: 0x00 Val: 0x00000000
[inst #72] add x18,x19,x20
Register Write to Reg: 0x12 Val: 0x00000015
[inst #73] addi x0,x0,0
Register Write to Reg: 0x00 Val: 0x00000000
[inst #74] sw x18,8(x8)
Memory Write to Addr: 0x1001001C Val: 0x00000015
[inst #75] addi x8,x8,4
Register Write to Reg: 0x08 Val: 0x10010018
[inst #76] addi x9,x9,-1
Register Write to Reg: 0x09 Val: 0x0000000B
[inst #77] addi x0,x0,0
Register Write to Reg: 0x00 Val: 0x00000000
[inst #78] bne x9,x0,-40
[inst #79] lw x19,0(x8)
Register Write to Reg: 0x13 Val: 0x0000000D
[inst #80] lw x20,4(x8)
Register Write to Reg: 0x14 Val: 0x00000015
[inst #81] addi x0,x0,0
Register Write to Reg: 0x00 Val: 0x00000000
[inst #82] addi x0,x0,0
Register Write to Reg: 0x00 Val: 0x00000000
[inst #83] add x18,x19,x20
Register Write to Reg: 0x12 Val: 0x00000022
[inst #84] addi x0,x0,0
Register Write to Reg: 0x00 Val: 0x00000000
[inst #85] sw x18,8(x8)
Memory Write to Addr: 0x10010020 Val: 0x00000022
[inst #86] addi x8,x8,4
Register Write to Reg: 0x08 Val: 0x1001001C
[inst #87] addi x9,x9,-1
Register Write to Reg: 0x09 Val: 0x0000000A
[inst #88] addi x0,x0,0
Register Write to Reg: 0x00 Val: 0x00000000
[inst #89] bne x9,x0,-40
[inst #90] lw x19,0(x8)
Register Write to Reg: 0x13 Val: 0x00000015
[inst #91] lw x20,4(x8)
Register Write to Reg: 0x14 Val: 0x00000022
[inst #92] addi x0,x0,0
Register Write to Reg: 0x00 Val: 0x00000000
[inst #93] addi x0,x0,0
Register Write to Reg: 0x00 Val: 0x00000000
[inst #94] add x18,x19,x20
Register Write to Reg: 0x12 Val: 0x00000037
[inst #95] addi x0,x0,0
Register Write to Reg: 0x00 Val: 0x00000000
[inst #96] sw x18,8(x8)
Memory Write to Addr: 0x10010024 Val: 0x00000037
[inst #97] addi x8,x8,4
Register Write to Reg: 0x08 Val: 0x10010020
[inst #98] addi x9,x9,-1
Register Write to Reg: 0x09 Val: 0x00000009
[inst #99] addi x0,x0,0
Register Write to Reg: 0x00 Val: 0x00000000
[inst #100] bne x9,x0,-40
[inst #101] lw x19,0(x8)
Register Write to Reg: 0x13 Val: 0x00000022
[inst #102] lw x20,4(x8)
Register Write to Reg: 0x14 Val: 0x00000037
[inst #103] addi x0,x0,0
Register Write to Reg: 0x00 Val: 0x00000000
[inst #104] addi x0,x0,0
Register Write to Reg: 0x00 Val: 0x00000000
[inst #105] add x18,x19,x20
Register Write to Reg: 0x12 Val: 0x00000059
[inst #106] addi x0,x0,0
Register Write to Reg: 0x00 Val: 0x00000000
[inst #107] sw x18,8(x8)
Memory Write to Addr: 0x10010028 Val: 0x00000059
[inst #108] addi x8,x8,4
Register Write to Reg: 0x08 Val: 0x10010024
[inst #109] addi x9,x9,-1
Register Write to Reg: 0x09 Val: 0x00000008
[inst #110] addi x0,x0,0
Register Write to Reg: 0x00 Val: 0x00000000
[inst #111] bne x9,x0,-40
[inst #112] lw x19,0(x8)
Register Write to Reg: 0x13 Val: 0x00000037
[inst #113] lw x20,4(x8)
Register Write to Reg: 0x14 Val: 0x00000059
[inst #114] addi x0,x0,0
Register Write to Reg: 0x00 Val: 0x00000000
[inst #115] addi x0,x0,0
Register Write to Reg: 0x00 Val: 0x00000000
[inst #116] add x18,x19,x20
Register Write to Reg: 0x12 Val: 0x00000090
[inst #117] addi x0,x0,0
Register Write to Reg: 0x00 Val: 0x00000000
[inst #118] sw x18,8(x8)
Memory Write to Addr: 0x1001002C Val: 0x00000090
[inst #119] addi x8,x8,4
Register Write to Reg: 0x08 Val: 0x10010028
[inst #120] addi x9,x9,-1
Register Write to Reg: 0x09 Val: 0x00000007
[inst #121] addi x0,x0,0
Register Write to Reg: 0x00 Val: 0x00000000
[inst #122] bne x9,x0,-40
[inst #123] lw x19,0(x8)
Register Write to Reg: 0x13 Val: 0x00000059
[inst #124] lw x20,4(x8)
Register Write to Reg: 0x14 Val: 0x00000090
[inst #125] addi x0,x0,0
Register Write to Reg: 0x00 Val: 0x00000000
[inst #126] addi x0,x0,0
Register Write to Reg: 0x00 Val: 0x00000000
[inst #127] add x18,x19,x20
Register Write to Reg: 0x12 Val: 0x000000E9
[inst #128] addi x0,x0,0
Register Write to Reg: 0x00 Val: 0x00000000
[inst #129] sw x18,8(x8)
Memory Write to Addr: 0x10010030 Val: 0x000000E9
[inst #130] addi x8,x8,4
Register Write to Reg: 0x08 Val: 0x1001002C
[inst #131] addi x9,x9,-1
Register Write to Reg: 0x09 Val: 0x00000006
[inst #132] addi x0,x0,0
Register Write to Reg: 0x00 Val: 0x00000000
[inst #133] bne x9,x0,-40
[inst #134] lw x19,0(x8)
Register Write to Reg: 0x13 Val: 0x00000090
[inst #135] lw x20,4(x8)
Register Write to Reg: 0x14 Val: 0x000000E9
[inst #136] addi x0,x0,0
Register Write to Reg: 0x00 Val: 0x00000000
[inst #137] addi x0,x0,0
Register Write to Reg: 0x00 Val: 0x00000000
[inst #138] add x18,x19,x20
Register Write to Reg: 0x12 Val: 0x00000179
[inst #139] addi x0,x0,0
Register Write to Reg: 0x00 Val: 0x00000000
[inst #140] sw x18,8(x8)
Memory Write to Addr: 0x10010034 Val: 0x00000179
[inst #141] addi x8,x8,4
Register Write to Reg: 0x08 Val: 0x10010030
[inst #142] addi x9,x9,-1
Register Write to Reg: 0x09 Val: 0x00000005
[inst #143] addi x0,x0,0
Register Write to Reg: 0x00 Val: 0x00000000
[inst #144] bne x9,x0,-40
[inst #145] lw x19,0(x8)
Register Write to Reg: 0x13 Val: 0x000000E9
[inst #146] lw x20,4(x8)
Register Write to Reg: 0x14 Val: 0x00000179
[inst #147] addi x0,x0,0
Register Write to Reg: 0x00 Val: 0x00000000
[inst #148] addi x0,x0,0
Register Write to Reg: 0x00 Val: 0x00000000
[inst #149] add x18,x19,x20
Register Write to Reg: 0x12 Val: 0x00000262
[inst #150] addi x0,x0,0
Register Write to Reg: 0x00 Val: 0x00000000
[inst #151] sw x18,8(x8)
Memory Write to Addr: 0x10010038 Val: 0x00000262
[inst #152] addi x8,x8,4
Register Write to Reg: 0x08 Val: 0x10010034
[inst #153] addi x9,x9,-1
Register Write to Reg: 0x09 Val: 0x00000004
[inst #154] addi x0,x0,0
Register Write to Reg: 0x00 Val: 0x00000000
[inst #155] bne x9,x0,-40
[inst #156] lw x19,0(x8)
Register Write to Reg: 0x13 Val: 0x00000179
[inst #157] lw x20,4(x8)
Register Write to Reg: 0x14 Val: 0x00000262
[inst #158] addi x0,x0,0
Register Write to Reg: 0x00 Val: 0x00000000
[inst #159] addi x0,x0,0
Register Write to Reg: 0x00 Val: 0x00000000
[inst #160] add x18,x19,x20
Register Write to Reg: 0x12 Val: 0x000003DB
[inst #161] addi x0,x0,0
Register Write to Reg: 0x00 Val: 0x00000000
[inst #162] sw x18,8(x8)
Memory Write to Addr: 0x1001003C Val: 0x000003DB
[inst #163] addi x8,x8,4
Register Write to Reg: 0x08 Val: 0x10010038
[inst #164] addi x9,x9,-1
Register Write to Reg: 0x09 Val: 0x00000003
[inst #165] addi x0,x0,0
Register Write to Reg: 0x00 Val: 0x00000000
[inst #166] bne x9,x0,-40
[inst #167] lw x19,0(x8)
Register Write to Reg: 0x13 Val: 0x00000262
[inst #168] lw x20,4(x8)
Register Write to Reg: 0x14 Val: 0x000003DB
[inst #169] addi x0,x0,0
Register Write to Reg: 0x00 Val: 0x00000000
[inst #170] addi x0,x0,0
Register Write to Reg: 0x00 Val: 0x00000000
[inst #171] add x18,x19,x20
Register Write to Reg: 0x12 Val: 0x0000063D
[inst #172] addi x0,x0,0
Register Write to Reg: 0x00 Val: 0x00000000
[inst #173] sw x18,8(x8)
Memory Write to Addr: 0x10010040 Val: 0x0000063D
[inst #174] addi x8,x8,4
Register Write to Reg: 0x08 Val: 0x1001003C
[inst #175] addi x9,x9,-1
Register Write to Reg: 0x09 Val: 0x00000002
[inst #176] addi x0,x0,0
Register Write to Reg: 0x00 Val: 0x00000000
[inst #177] bne x9,x0,-40
[inst #178] lw x19,0(x8)
Register Write to Reg: 0x13 Val: 0x000003DB
[inst #179] lw x20,4(x8)
Register Write to Reg: 0x14 Val: 0x0000063D
[inst #180] addi x0,x0,0
Register Write to Reg: 0x00 Val: 0x00000000
[inst #181] addi x0,x0,0
Register Write to Reg: 0x00 Val: 0x00000000
[inst #182] add x18,x19,x20
Register Write to Reg: 0x12 Val: 0x00000A18
[inst #183] addi x0,x0,0
Register Write to Reg: 0x00 Val: 0x00000000
[inst #184] sw x18,8(x8)
Memory Write to Addr: 0x10010044 Val: 0x00000A18
[inst #185] addi x8,x8,4
Register Write to Reg: 0x08 Val: 0x10010040
[inst #186] addi x9,x9,-1
Register Write to Reg: 0x09 Val: 0x00000001
[inst #187] addi x0,x0,0
Register Write to Reg: 0x00 Val: 0x00000000
[inst #188] bne x9,x0,-40
[inst #189] lw x19,0(x8)
Register Write to Reg: 0x13 Val: 0x0000063D
[inst #190] lw x20,4(x8)
Register Write to Reg: 0x14 Val: 0x00000A18
[inst #191] addi x0,x0,0
Register Write to Reg: 0x00 Val: 0x00000000
[inst #192] addi x0,x0,0
Register Write to Reg: 0x00 Val: 0x00000000
[inst #193] add x18,x19,x20
Register Write to Reg: 0x12 Val: 0x00001055
[inst #194] addi x0,x0,0
Register Write to Reg: 0x00 Val: 0x00000000
[inst #195] sw x18,8(x8)
Memory Write to Addr: 0x10010048 Val: 0x00001055
[inst #196] addi x8,x8,4
Register Write to Reg: 0x08 Val: 0x10010044
[inst #197] addi x9,x9,-1
Register Write to Reg: 0x09 Val: 0x00000000
[inst #198] addi x0,x0,0
Register Write to Reg: 0x00 Val: 0x00000000
[inst #199] bne x9,x0,-40
[inst #200] addi x0,x0,0
Register Write to Reg: 0x00 Val: 0x00000000
[inst #201] auipc x10,64528
Register Write to Reg: 0x0A Val: 0x10010060
[inst #202] addi x10,x10,-96
Register Write to Reg: 0x0A Val: 0x10010000
[inst #203] add x11,x0,x21
Register Write to Reg: 0x0B Val: 0x00000013
[inst #204] addi x0,x0,0
Register Write to Reg: 0x00 Val: 0x00000000
[inst #205] jal x1,12
Register Write to Reg: 0x01 Val: 0x00400074
[inst #206] add x5,x0,x10
Register Write to Reg: 0x05 Val: 0x10010000
[inst #207] add x6,x0,x11
Register Write to Reg: 0x06 Val: 0x00000013
[inst #208] auipc x10,64528
Register Write to Reg: 0x0A Val: 0x10010084
[inst #209] addi x10,x10,-50
Register Write to Reg: 0x0A Val: 0x10010052
[inst #210] ori x17,x0,4
Register Write to Reg: 0x11 Val: 0x00000004
[inst #211] addi x0,x0,0
Register Write to Reg: 0x00 Val: 0x00000000
[inst #212] ecall 
The Fibonacci numbers are:
[inst #213] lw x10,0(x5)
Register Write to Reg: 0x0A Val: 0x00000001
[inst #214] addi x0,x0,0
Register Write to Reg: 0x00 Val: 0x00000000
[inst #215] addi x0,x0,0
Register Write to Reg: 0x00 Val: 0x00000000
[inst #216] ori x17,x0,1
Register Write to Reg: 0x11 Val: 0x00000001
[inst #217] addi x0,x0,0
Register Write to Reg: 0x00 Val: 0x00000000
[inst #218] ecall 
1[inst #219] auipc x10,64528
Register Write to Reg: 0x0A Val: 0x100100B0
[inst #220] addi x10,x10,-96
Register Write to Reg: 0x0A Val: 0x10010050
[inst #221] ori x17,x0,4
Register Write to Reg: 0x11 Val: 0x00000004
[inst #222] addi x0,x0,0
Register Write to Reg: 0x00 Val: 0x00000000
[inst #223] ecall 
 [inst #224] addi x5,x5,4
Register Write to Reg: 0x05 Val: 0x10010004
[inst #225] addi x6,x6,-1
Register Write to Reg: 0x06 Val: 0x00000012
[inst #226] addi x0,x0,0
Register Write to Reg: 0x00 Val: 0x00000000
[inst #227] bne x6,x0,-56
[inst #228] lw x10,0(x5)
Register Write to Reg: 0x0A Val: 0x00000001
[inst #229] addi x0,x0,0
Register Write to Reg: 0x00 Val: 0x00000000
[inst #230] addi x0,x0,0
Register Write to Reg: 0x00 Val: 0x00000000
[inst #231] ori x17,x0,1
Register Write to Reg: 0x11 Val: 0x00000001
[inst #232] addi x0,x0,0
Register Write to Reg: 0x00 Val: 0x00000000
[inst #233] ecall 
1[inst #234] auipc x10,64528
Register Write to Reg: 0x0A Val: 0x100100B0
[inst #235] addi x10,x10,-96
Register Write to Reg: 0x0A Val: 0x10010050
[inst #236] ori x17,x0,4
Register Write to Reg: 0x11 Val: 0x00000004
[inst #237] addi x0,x0,0
Register Write to Reg: 0x00 Val: 0x00000000
[inst #238] ecall 
 [inst #239] addi x5,x5,4
Register Write to Reg: 0x05 Val: 0x10010008
[inst #240] addi x6,x6,-1
Register Write to Reg: 0x06 Val: 0x00000011
[inst #241] addi x0,x0,0
Register Write to Reg: 0x00 Val: 0x00000000
[inst #242] bne x6,x0,-56
[inst #243] lw x10,0(x5)
Register Write to Reg: 0x0A Val: 0x00000002
[inst #244] addi x0,x0,0
Register Write to Reg: 0x00 Val: 0x00000000
[inst #245] addi x0,x0,0
Register Write to Reg: 0x00 Val: 0x00000000
[inst #246] ori x17,x0,1
Register Write to Reg: 0x11 Val: 0x00000001
[inst #247] addi x0,x0,0
Register Write to Reg: 0x00 Val: 0x00000000
[inst #248] ecall 
2[inst #249] auipc x10,64528
Register Write to Reg: 0x0A Val: 0x100100B0
[inst #250] addi x10,x10,-96
Register Write to Reg: 0x0A Val: 0x10010050
[inst #251] ori x17,x0,4
Register Write to Reg: 0x11 Val: 0x00000004
[inst #252] addi x0,x0,0
Register Write to Reg: 0x00 Val: 0x00000000
[inst #253] ecall 
 [inst #254] addi x5,x5,4
Register Write to Reg: 0x05 Val: 0x1001000C
[inst #255] addi x6,x6,-1
Register Write to Reg: 0x06 Val: 0x00000010
[inst #256] addi x0,x0,0
Register Write to Reg: 0x00 Val: 0x00000000
[inst #257] bne x6,x0,-56
[inst #258] lw x10,0(x5)
Register Write to Reg: 0x0A Val: 0x00000003
[inst #259] addi x0,x0,0
Register Write to Reg: 0x00 Val: 0x00000000
[inst #260] addi x0,x0,0
Register Write to Reg: 0x00 Val: 0x00000000
[inst #261] ori x17,x0,1
Register Write to Reg: 0x11 Val: 0x00000001
[inst #262] addi x0,x0,0
Register Write to Reg: 0x00 Val: 0x00000000
[inst #263] ecall 
3[inst #264] auipc x10,64528
Register Write to Reg: 0x0A Val: 0x100100B0
[inst #265] addi x10,x10,-96
Register Write to Reg: 0x0A Val: 0x10010050
[inst #266] ori x17,x0,4
Register Write to Reg: 0x11 Val: 0x00000004
[inst #267] addi x0,x0,0
Register Write to Reg: 0x00 Val: 0x00000000
[inst #268] ecall 
 [inst #269] addi x5,x5,4
Register Write to Reg: 0x05 Val: 0x10010010
[inst #270] addi x6,x6,-1
Register Write to Reg: 0x06 Val: 0x0000000F
[inst #271] addi x0,x0,0
Register Write to Reg: 0x00 Val: 0x00000000
[inst #272] bne x6,x0,-56
[inst #273] lw x10,0(x5)
Register Write to Reg: 0x0A Val: 0x00000005
[inst #274] addi x0,x0,0
Register Write to Reg: 0x00 Val: 0x00000000
[inst #275] addi x0,x0,0
Register Write to Reg: 0x00 Val: 0x00000000
[inst #276] ori x17,x0,1
Register Write to Reg: 0x11 Val: 0x00000001
[inst #277] addi x0,x0,0
Register Write to Reg: 0x00 Val: 0x00000000
[inst #278] ecall 
5[inst #279] auipc x10,64528
Register Write to Reg: 0x0A Val: 0x100100B0
[inst #280] addi x10,x10,-96
Register Write to Reg: 0x0A Val: 0x10010050
[inst #281] ori x17,x0,4
Register Write to Reg: 0x11 Val: 0x00000004
[inst #282] addi x0,x0,0
Register Write to Reg: 0x00 Val: 0x00000000
[inst #283] ecall 
 [inst #284] addi x5,x5,4
Register Write to Reg: 0x05 Val: 0x10010014
[inst #285] addi x6,x6,-1
Register Write to Reg: 0x06 Val: 0x0000000E
[inst #286] addi x0,x0,0
Register Write to Reg: 0x00 Val: 0x00000000
[inst #287] bne x6,x0,-56
[inst #288] lw x10,0(x5)
Register Write to Reg: 0x0A Val: 0x00000008
[inst #289] addi x0,x0,0
Register Write to Reg: 0x00 Val: 0x00000000
[inst #290] addi x0,x0,0
Register Write to Reg: 0x00 Val: 0x00000000
[inst #291] ori x17,x0,1
Register Write to Reg: 0x11 Val: 0x00000001
[inst #292] addi x0,x0,0
Register Write to Reg: 0x00 Val: 0x00000000
[inst #293] ecall 
8[inst #294] auipc x10,64528
Register Write to Reg: 0x0A Val: 0x100100B0
[inst #295] addi x10,x10,-96
Register Write to Reg: 0x0A Val: 0x10010050
[inst #296] ori x17,x0,4
Register Write to Reg: 0x11 Val: 0x00000004
[inst #297] addi x0,x0,0
Register Write to Reg: 0x00 Val: 0x00000000
[inst #298] ecall 
 [inst #299] addi x5,x5,4
Register Write to Reg: 0x05 Val: 0x10010018
[inst #300] addi x6,x6,-1
Register Write to Reg: 0x06 Val: 0x0000000D
[inst #301] addi x0,x0,0
Register Write to Reg: 0x00 Val: 0x00000000
[inst #302] bne x6,x0,-56
[inst #303] lw x10,0(x5)
Register Write to Reg: 0x0A Val: 0x0000000D
[inst #304] addi x0,x0,0
Register Write to Reg: 0x00 Val: 0x00000000
[inst #305] addi x0,x0,0
Register Write to Reg: 0x00 Val: 0x00000000
[inst #306] ori x17,x0,1
Register Write to Reg: 0x11 Val: 0x00000001
[inst #307] addi x0,x0,0
Register Write to Reg: 0x00 Val: 0x00000000
[inst #308] ecall 
13[inst #309] auipc x10,64528
Register Write to Reg: 0x0A Val: 0x100100B0
[inst #310] addi x10,x10,-96
Register Write to Reg: 0x0A Val: 0x10010050
[inst #311] ori x17,x0,4
Register Write to Reg: 0x11 Val: 0x00000004
[inst #312] addi x0,x0,0
Register Write to Reg: 0x00 Val: 0x00000000
[inst #313] ecall 
 [inst #314] addi x5,x5,4
Register Write to Reg: 0x05 Val: 0x1001001C
[inst #315] addi x6,x6,-1
Register Write to Reg: 0x06 Val: 0x0000000C
[inst #316] addi x0,x0,0
Register Write to Reg: 0x00 Val: 0x00000000
[inst #317] bne x6,x0,-56
[inst #318] lw x10,0(x5)
Register Write to Reg: 0x0A Val: 0x00000015
[inst #319] addi x0,x0,0
Register Write to Reg: 0x00 Val: 0x00000000
[inst #320] addi x0,x0,0
Register Write to Reg: 0x00 Val: 0x00000000
[inst #321] ori x17,x0,1
Register Write to Reg: 0x11 Val: 0x00000001
[inst #322] addi x0,x0,0
Register Write to Reg: 0x00 Val: 0x00000000
[inst #323] ecall 
21[inst #324] auipc x10,64528
Register Write to Reg: 0x0A Val: 0x100100B0
[inst #325] addi x10,x10,-96
Register Write to Reg: 0x0A Val: 0x10010050
[inst #326] ori x17,x0,4
Register Write to Reg: 0x11 Val: 0x00000004
[inst #327] addi x0,x0,0
Register Write to Reg: 0x00 Val: 0x00000000
[inst #328] ecall 
 [inst #329] addi x5,x5,4
Register Write to Reg: 0x05 Val: 0x10010020
[inst #330] addi x6,x6,-1
Register Write to Reg: 0x06 Val: 0x0000000B
[inst #331] addi x0,x0,0
Register Write to Reg: 0x00 Val: 0x00000000
[inst #332] bne x6,x0,-56
[inst #333] lw x10,0(x5)
Register Write to Reg: 0x0A Val: 0x00000022
[inst #334] addi x0,x0,0
Register Write to Reg: 0x00 Val: 0x00000000
[inst #335] addi x0,x0,0
Register Write to Reg: 0x00 Val: 0x00000000
[inst #336] ori x17,x0,1
Register Write to Reg: 0x11 Val: 0x00000001
[inst #337] addi x0,x0,0
Register Write to Reg: 0x00 Val: 0x00000000
[inst #338] ecall 
34[inst #339] auipc x10,64528
Register Write to Reg: 0x0A Val: 0x100100B0
[inst #340] addi x10,x10,-96
Register Write to Reg: 0x0A Val: 0x10010050
[inst #341] ori x17,x0,4
Register Write to Reg: 0x11 Val: 0x00000004
[inst #342] addi x0,x0,0
Register Write to Reg: 0x00 Val: 0x00000000
[inst #343] ecall 
 [inst #344] addi x5,x5,4
Register Write to Reg: 0x05 Val: 0x10010024
[inst #345] addi x6,x6,-1
Register Write to Reg: 0x06 Val: 0x0000000A
[inst #346] addi x0,x0,0
Register Write to Reg: 0x00 Val: 0x00000000
[inst #347] bne x6,x0,-56
[inst #348] lw x10,0(x5)
Register Write to Reg: 0x0A Val: 0x00000037
[inst #349] addi x0,x0,0
Register Write to Reg: 0x00 Val: 0x00000000
[inst #350] addi x0,x0,0
Register Write to Reg: 0x00 Val: 0x00000000
[inst #351] ori x17,x0,1
Register Write to Reg: 0x11 Val: 0x00000001
[inst #352] addi x0,x0,0
Register Write to Reg: 0x00 Val: 0x00000000
[inst #353] ecall 
55[inst #354] auipc x10,64528
Register Write to Reg: 0x0A Val: 0x100100B0
[inst #355] addi x10,x10,-96
Register Write to Reg: 0x0A Val: 0x10010050
[inst #356] ori x17,x0,4
Register Write to Reg: 0x11 Val: 0x00000004
[inst #357] addi x0,x0,0
Register Write to Reg: 0x00 Val: 0x00000000
[inst #358] ecall 
 [inst #359] addi x5,x5,4
Register Write to Reg: 0x05 Val: 0x10010028
[inst #360] addi x6,x6,-1
Register Write to Reg: 0x06 Val: 0x00000009
[inst #361] addi x0,x0,0
Register Write to Reg: 0x00 Val: 0x00000000
[inst #362] bne x6,x0,-56
[inst #363] lw x10,0(x5)
Register Write to Reg: 0x0A Val: 0x00000059
[inst #364] addi x0,x0,0
Register Write to Reg: 0x00 Val: 0x00000000
[inst #365] addi x0,x0,0
Register Write to Reg: 0x00 Val: 0x00000000
[inst #366] ori x17,x0,1
Register Write to Reg: 0x11 Val: 0x00000001
[inst #367] addi x0,x0,0
Register Write to Reg: 0x00 Val: 0x00000000
[inst #368] ecall 
89[inst #369] auipc x10,64528
Register Write to Reg: 0x0A Val: 0x100100B0
[inst #370] addi x10,x10,-96
Register Write to Reg: 0x0A Val: 0x10010050
[inst #371] ori x17,x0,4
Register Write to Reg: 0x11 Val: 0x00000004
[inst #372] addi x0,x0,0
Register Write to Reg: 0x00 Val: 0x00000000
[inst #373] ecall 
 [inst #374] addi x5,x5,4
Register Write to Reg: 0x05 Val: 0x1001002C
[inst #375] addi x6,x6,-1
Register Write to Reg: 0x06 Val: 0x00000008
[inst #376] addi x0,x0,0
Register Write to Reg: 0x00 Val: 0x00000000
[inst #377] bne x6,x0,-56
[inst #378] lw x10,0(x5)
Register Write to Reg: 0x0A Val: 0x00000090
[inst #379] addi x0,x0,0
Register Write to Reg: 0x00 Val: 0x00000000
[inst #380] addi x0,x0,0
Register Write to Reg: 0x00 Val: 0x00000000
[inst #381] ori x17,x0,1
Register Write to Reg: 0x11 Val: 0x00000001
[inst #382] addi x0,x0,0
Register Write to Reg: 0x00 Val: 0x00000000
[inst #383] ecall 
144[inst #384] auipc x10,64528
Register Write to Reg: 0x0A Val: 0x100100B0
[inst #385] addi x10,x10,-96
Register Write to Reg: 0x0A Val: 0x10010050
[inst #386] ori x17,x0,4
Register Write to Reg: 0x11 Val: 0x00000004
[inst #387] addi x0,x0,0
Register Write to Reg: 0x00 Val: 0x00000000
[inst #388] ecall 
 [inst #389] addi x5,x5,4
Register Write to Reg: 0x05 Val: 0x10010030
[inst #390] addi x6,x6,-1
Register Write to Reg: 0x06 Val: 0x00000007
[inst #391] addi x0,x0,0
Register Write to Reg: 0x00 Val: 0x00000000
[inst #392] bne x6,x0,-56
[inst #393] lw x10,0(x5)
Register Write to Reg: 0x0A Val: 0x000000E9
[inst #394] addi x0,x0,0
Register Write to Reg: 0x00 Val: 0x00000000
[inst #395] addi x0,x0,0
Register Write to Reg: 0x00 Val: 0x00000000
[inst #396] ori x17,x0,1
Register Write to Reg: 0x11 Val: 0x00000001
[inst #397] addi x0,x0,0
Register Write to Reg: 0x00 Val: 0x00000000
[inst #398] ecall 
233[inst #399] auipc x10,64528
Register Write to Reg: 0x0A Val: 0x100100B0
[inst #400] addi x10,x10,-96
Register Write to Reg: 0x0A Val: 0x10010050
[inst #401] ori x17,x0,4
Register Write to Reg: 0x11 Val: 0x00000004
[inst #402] addi x0,x0,0
Register Write to Reg: 0x00 Val: 0x00000000
[inst #403] ecall 
 [inst #404] addi x5,x5,4
Register Write to Reg: 0x05 Val: 0x10010034
[inst #405] addi x6,x6,-1
Register Write to Reg: 0x06 Val: 0x00000006
[inst #406] addi x0,x0,0
Register Write to Reg: 0x00 Val: 0x00000000
[inst #407] bne x6,x0,-56
[inst #408] lw x10,0(x5)
Register Write to Reg: 0x0A Val: 0x00000179
[inst #409] addi x0,x0,0
Register Write to Reg: 0x00 Val: 0x00000000
[inst #410] addi x0,x0,0
Register Write to Reg: 0x00 Val: 0x00000000
[inst #411] ori x17,x0,1
Register Write to Reg: 0x11 Val: 0x00000001
[inst #412] addi x0,x0,0
Register Write to Reg: 0x00 Val: 0x00000000
[inst #413] ecall 
377[inst #414] auipc x10,64528
Register Write to Reg: 0x0A Val: 0x100100B0
[inst #415] addi x10,x10,-96
Register Write to Reg: 0x0A Val: 0x10010050
[inst #416] ori x17,x0,4
Register Write to Reg: 0x11 Val: 0x00000004
[inst #417] addi x0,x0,0
Register Write to Reg: 0x00 Val: 0x00000000
[inst #418] ecall 
 [inst #419] addi x5,x5,4
Register Write to Reg: 0x05 Val: 0x10010038
[inst #420] addi x6,x6,-1
Register Write to Reg: 0x06 Val: 0x00000005
[inst #421] addi x0,x0,0
Register Write to Reg: 0x00 Val: 0x00000000
[inst #422] bne x6,x0,-56
[inst #423] lw x10,0(x5)
Register Write to Reg: 0x0A Val: 0x00000262
[inst #424] addi x0,x0,0
Register Write to Reg: 0x00 Val: 0x00000000
[inst #425] addi x0,x0,0
Register Write to Reg: 0x00 Val: 0x00000000
[inst #426] ori x17,x0,1
Register Write to Reg: 0x11 Val: 0x00000001
[inst #427] addi x0,x0,0
Register Write to Reg: 0x00 Val: 0x00000000
[inst #428] ecall 
610[inst #429] auipc x10,64528
Register Write to Reg: 0x0A Val: 0x100100B0
[inst #430] addi x10,x10,-96
Register Write to Reg: 0x0A Val: 0x10010050
[inst #431] ori x17,x0,4
Register Write to Reg: 0x11 Val: 0x00000004
[inst #432] addi x0,x0,0
Register Write to Reg: 0x00 Val: 0x00000000
[inst #433] ecall 
 [inst #434] addi x5,x5,4
Register Write to Reg: 0x05 Val: 0x1001003C
[inst #435] addi x6,x6,-1
Register Write to Reg: 0x06 Val: 0x00000004
[inst #436] addi x0,x0,0
Register Write to Reg: 0x00 Val: 0x00000000
[inst #437] bne x6,x0,-56
[inst #438] lw x10,0(x5)
Register Write to Reg: 0x0A Val: 0x000003DB
[inst #439] addi x0,x0,0
Register Write to Reg: 0x00 Val: 0x00000000
[inst #440] addi x0,x0,0
Register Write to Reg: 0x00 Val: 0x00000000
[inst #441] ori x17,x0,1
Register Write to Reg: 0x11 Val: 0x00000001
[inst #442] addi x0,x0,0
Register Write to Reg: 0x00 Val: 0x00000000
[inst #443] ecall 
987[inst #444] auipc x10,64528
Register Write to Reg: 0x0A Val: 0x100100B0
[inst #445] addi x10,x10,-96
Register Write to Reg: 0x0A Val: 0x10010050
[inst #446] ori x17,x0,4
Register Write to Reg: 0x11 Val: 0x00000004
[inst #447] addi x0,x0,0
Register Write to Reg: 0x00 Val: 0x00000000
[inst #448] ecall 
 [inst #449] addi x5,x5,4
Register Write to Reg: 0x05 Val: 0x10010040
[inst #450] addi x6,x6,-1
Register Write to Reg: 0x06 Val: 0x00000003
[inst #451] addi x0,x0,0
Register Write to Reg: 0x00 Val: 0x00000000
[inst #452] bne x6,x0,-56
[inst #453] lw x10,0(x5)
Register Write to Reg: 0x0A Val: 0x0000063D
[inst #454] addi x0,x0,0
Register Write to Reg: 0x00 Val: 0x00000000
[inst #455] addi x0,x0,0
Register Write to Reg: 0x00 Val: 0x00000000
[inst #456] ori x17,x0,1
Register Write to Reg: 0x11 Val: 0x00000001
[inst #457] addi x0,x0,0
Register Write to Reg: 0x00 Val: 0x00000000
[inst #458] ecall 
1597[inst #459] auipc x10,64528
Register Write to Reg: 0x0A Val: 0x100100B0
[inst #460] addi x10,x10,-96
Register Write to Reg: 0x0A Val: 0x10010050
[inst #461] ori x17,x0,4
Register Write to Reg: 0x11 Val: 0x00000004
[inst #462] addi x0,x0,0
Register Write to Reg: 0x00 Val: 0x00000000
[inst #463] ecall 
 [inst #464] addi x5,x5,4
Register Write to Reg: 0x05 Val: 0x10010044
[inst #465] addi x6,x6,-1
Register Write to Reg: 0x06 Val: 0x00000002
[inst #466] addi x0,x0,0
Register Write to Reg: 0x00 Val: 0x00000000
[inst #467] bne x6,x0,-56
[inst #468] lw x10,0(x5)
Register Write to Reg: 0x0A Val: 0x00000A18
[inst #469] addi x0,x0,0
Register Write to Reg: 0x00 Val: 0x00000000
[inst #470] addi x0,x0,0
Register Write to Reg: 0x00 Val: 0x00000000
[inst #471] ori x17,x0,1
Register Write to Reg: 0x11 Val: 0x00000001
[inst #472] addi x0,x0,0
Register Write to Reg: 0x00 Val: 0x00000000
[inst #473] ecall 
2584[inst #474] auipc x10,64528
Register Write to Reg: 0x0A Val: 0x100100B0
[inst #475] addi x10,x10,-96
Register Write to Reg: 0x0A Val: 0x10010050
[inst #476] ori x17,x0,4
Register Write to Reg: 0x11 Val: 0x00000004
[inst #477] addi x0,x0,0
Register Write to Reg: 0x00 Val: 0x00000000
[inst #478] ecall 
 [inst #479] addi x5,x5,4
Register Write to Reg: 0x05 Val: 0x10010048
[inst #480] addi x6,x6,-1
Register Write to Reg: 0x06 Val: 0x00000001
[inst #481] addi x0,x0,0
Register Write to Reg: 0x00 Val: 0x00000000
[inst #482] bne x6,x0,-56
[inst #483] lw x10,0(x5)
Register Write to Reg: 0x0A Val: 0x00001055
[inst #484] addi x0,x0,0
Register Write to Reg: 0x00 Val: 0x00000000
[inst #485] addi x0,x0,0
Register Write to Reg: 0x00 Val: 0x00000000
[inst #486] ori x17,x0,1
Register Write to Reg: 0x11 Val: 0x00000001
[inst #487] addi x0,x0,0
Register Write to Reg: 0x00 Val: 0x00000000
[inst #488] ecall 
4181[inst #489] auipc x10,64528
Register Write to Reg: 0x0A Val: 0x100100B0
[inst #490] addi x10,x10,-96
Register Write to Reg: 0x0A Val: 0x10010050
[inst #491] ori x17,x0,4
Register Write to Reg: 0x11 Val: 0x00000004
[inst #492] addi x0,x0,0
Register Write to Reg: 0x00 Val: 0x00000000
[inst #493] ecall 
 [inst #494] addi x5,x5,4
Register Write to Reg: 0x05 Val: 0x1001004C
[inst #495] addi x6,x6,-1
Register Write to Reg: 0x06 Val: 0x00000000
[inst #496] addi x0,x0,0
Register Write to Reg: 0x00 Val: 0x00000000
[inst #497] bne x6,x0,-56
[inst #498] addi x0,x0,0
Register Write to Reg: 0x00 Val: 0x00000000
[inst #499] jalr x0,x1,0
Register Write to Reg: 0x00 Val: 0x004000DC
[inst #500] addi x0,x0,0
Register Write to Reg: 0x00 Val: 0x00000000
[inst #501] jal x0,104
Register Write to Reg: 0x00 Val: 0x0040007C
[inst #502] wfi 
