In clock cycle: 4
Register Write to Reg: 0x05 Val: 0x00000000
In clock cycle: 5
Register Write to Reg: 0x06 Val: 0x00000064
In clock cycle: 6
Register Write to Reg: 0x07 Val: 0x0000001F
In clock cycle: 9
Register Write to Reg: 0x05 Val: 0x00000000
In clock cycle: 10
Register Write to Reg: 0x06 Val: 0x00000001
In clock cycle: 11
Register Write to Reg: 0x07 Val: 0x0000001F
In clock cycle: 14
Register Write to Reg: 0x05 Val: 0x00000000
In clock cycle: 15
Register Write to Reg: 0x06 Val: 0x0BEEF000
In clock cycle: 16
Register Write to Reg: 0x07 Val: 0x0000001F
In clock cycle: 19
Register Write to Reg: 0x05 Val: 0x00000000
Execution is stopping! Clock Cycle: 22
