Info: *******************************************************************
Info: Running Quartus Prime Analysis & Synthesis
    Info: Version 20.1.1 Build 720 11/11/2020 SJ Standard Edition
    Info: Copyright (C) 2020  Intel Corporation. All rights reserved.
    Info: Your use of Intel Corporation's design tools, logic functions 
    Info: and other software and tools, and any partner logic 
    Info: functions, and any output files from any of the foregoing 
    Info: (including device programming or simulation files), and any 
    Info: associated documentation or information are expressly subject 
    Info: to the terms and conditions of the Intel Program License 
    Info: Subscription Agreement, the Intel Quartus Prime License Agreement,
    Info: the Intel FPGA IP License Agreement, or other applicable license
    Info: agreement, including, without limitation, that your use is for
    Info: the sole purpose of programming logic devices manufactured by
    Info: Intel and sold by Intel or its authorized distributors.  Please
    Info: refer to the applicable agreement for further details, at
    Info: https://fpgasoftware.intel.com/eula.
    Info: Processing started: Mon Apr 27 18:39:30 2026
Info: Command: quartus_map --read_settings_files=on --write_settings_files=off toolflow -c toolflow
Warning (18236): Number of processors has not been specified which may cause overloading on shared machines.  Set the global assignment NUM_PARALLEL_PROCESSORS in your QSF to an appropriate value for best performance.
Info (20030): Parallel compilation is enabled and will use 12 of the 12 processors detected
Info (12021): Found 2 design units, including 0 entities, in source file /home/shawnr/CPRE_381/project_one/cpre3810-toolflow-2/proj/src/RISCV_types.vhd
    Info (12022): Found design unit 1: RISCV_types File: /home/shawnr/CPRE_381/project_one/cpre3810-toolflow-2/proj/src/RISCV_types.vhd Line: 15
    Info (12022): Found design unit 2: RISCV_types-body File: /home/shawnr/CPRE_381/project_one/cpre3810-toolflow-2/proj/src/RISCV_types.vhd Line: 31
Info (12021): Found 2 design units, including 1 entities, in source file /home/shawnr/CPRE_381/project_one/cpre3810-toolflow-2/proj/src/TopLevel/EXMEM_PipelineRegister.vhd
    Info (12022): Found design unit 1: EXMEM_PipelineRegister-structural File: /home/shawnr/CPRE_381/project_one/cpre3810-toolflow-2/proj/src/TopLevel/EXMEM_PipelineRegister.vhd Line: 78
    Info (12023): Found entity 1: EXMEM_PipelineRegister File: /home/shawnr/CPRE_381/project_one/cpre3810-toolflow-2/proj/src/TopLevel/EXMEM_PipelineRegister.vhd Line: 11
Info (12021): Found 2 design units, including 1 entities, in source file /home/shawnr/CPRE_381/project_one/cpre3810-toolflow-2/proj/src/TopLevel/IDEX_PipelineRegister.vhd
    Info (12022): Found design unit 1: IDEX_PipelineRegister-structural File: /home/shawnr/CPRE_381/project_one/cpre3810-toolflow-2/proj/src/TopLevel/IDEX_PipelineRegister.vhd Line: 73
    Info (12023): Found entity 1: IDEX_PipelineRegister File: /home/shawnr/CPRE_381/project_one/cpre3810-toolflow-2/proj/src/TopLevel/IDEX_PipelineRegister.vhd Line: 11
Info (12021): Found 2 design units, including 1 entities, in source file /home/shawnr/CPRE_381/project_one/cpre3810-toolflow-2/proj/src/TopLevel/IFID_PipelineRegister.vhd
    Info (12022): Found design unit 1: IFID_PipelineRegister-structural File: /home/shawnr/CPRE_381/project_one/cpre3810-toolflow-2/proj/src/TopLevel/IFID_PipelineRegister.vhd Line: 33
    Info (12023): Found entity 1: IFID_PipelineRegister File: /home/shawnr/CPRE_381/project_one/cpre3810-toolflow-2/proj/src/TopLevel/IFID_PipelineRegister.vhd Line: 13
Info (12021): Found 2 design units, including 1 entities, in source file /home/shawnr/CPRE_381/project_one/cpre3810-toolflow-2/proj/src/TopLevel/MEMWB_PipelineRegister.vhd
    Info (12022): Found design unit 1: MEMWB_PipelineRegister-structural File: /home/shawnr/CPRE_381/project_one/cpre3810-toolflow-2/proj/src/TopLevel/MEMWB_PipelineRegister.vhd Line: 49
    Info (12023): Found entity 1: MEMWB_PipelineRegister File: /home/shawnr/CPRE_381/project_one/cpre3810-toolflow-2/proj/src/TopLevel/MEMWB_PipelineRegister.vhd Line: 11
Info (12021): Found 2 design units, including 1 entities, in source file /home/shawnr/CPRE_381/project_one/cpre3810-toolflow-2/proj/src/TopLevel/RISCV_Processor.vhd
    Info (12022): Found design unit 1: RISCV_Processor-structure File: /home/shawnr/CPRE_381/project_one/cpre3810-toolflow-2/proj/src/TopLevel/RISCV_Processor.vhd Line: 37
    Info (12023): Found entity 1: RISCV_Processor File: /home/shawnr/CPRE_381/project_one/cpre3810-toolflow-2/proj/src/TopLevel/RISCV_Processor.vhd Line: 25
Info (12021): Found 2 design units, including 1 entities, in source file /home/shawnr/CPRE_381/project_one/cpre3810-toolflow-2/proj/src/TopLevel/mem.vhd
    Info (12022): Found design unit 1: mem-rtl File: /home/shawnr/CPRE_381/project_one/cpre3810-toolflow-2/proj/src/TopLevel/mem.vhd Line: 27
    Info (12023): Found entity 1: mem File: /home/shawnr/CPRE_381/project_one/cpre3810-toolflow-2/proj/src/TopLevel/mem.vhd Line: 8
Info (12021): Found 2 design units, including 1 entities, in source file /home/shawnr/CPRE_381/project_one/cpre3810-toolflow-2/proj/src/TopLevel/pc_register.vhd
    Info (12022): Found design unit 1: pc_register-structure File: /home/shawnr/CPRE_381/project_one/cpre3810-toolflow-2/proj/src/TopLevel/pc_register.vhd Line: 12
    Info (12023): Found entity 1: pc_register File: /home/shawnr/CPRE_381/project_one/cpre3810-toolflow-2/proj/src/TopLevel/pc_register.vhd Line: 4
Info (12021): Found 2 design units, including 1 entities, in source file /home/shawnr/CPRE_381/project_one/cpre3810-toolflow-2/proj/src/TopLevel/sw_fetch_unit.vhd
    Info (12022): Found design unit 1: sw_fetch_unit-structure File: /home/shawnr/CPRE_381/project_one/cpre3810-toolflow-2/proj/src/TopLevel/sw_fetch_unit.vhd Line: 29
    Info (12023): Found entity 1: sw_fetch_unit File: /home/shawnr/CPRE_381/project_one/cpre3810-toolflow-2/proj/src/TopLevel/sw_fetch_unit.vhd Line: 18
Info (12021): Found 2 design units, including 1 entities, in source file /home/shawnr/CPRE_381/project_one/cpre3810-toolflow-2/proj/src/components/addsub_32.vhd
    Info (12022): Found design unit 1: addsub_32-structural File: /home/shawnr/CPRE_381/project_one/cpre3810-toolflow-2/proj/src/components/addsub_32.vhd Line: 24
    Info (12023): Found entity 1: addsub_32 File: /home/shawnr/CPRE_381/project_one/cpre3810-toolflow-2/proj/src/components/addsub_32.vhd Line: 10
Info (12021): Found 2 design units, including 1 entities, in source file /home/shawnr/CPRE_381/project_one/cpre3810-toolflow-2/proj/src/components/alu_32.vhd
    Info (12022): Found design unit 1: alu_32-structural File: /home/shawnr/CPRE_381/project_one/cpre3810-toolflow-2/proj/src/components/alu_32.vhd Line: 21
    Info (12023): Found entity 1: alu_32 File: /home/shawnr/CPRE_381/project_one/cpre3810-toolflow-2/proj/src/components/alu_32.vhd Line: 8
Info (12021): Found 2 design units, including 1 entities, in source file /home/shawnr/CPRE_381/project_one/cpre3810-toolflow-2/proj/src/components/andg2.vhd
    Info (12022): Found design unit 1: andg2-dataflow File: /home/shawnr/CPRE_381/project_one/cpre3810-toolflow-2/proj/src/components/andg2.vhd Line: 31
    Info (12023): Found entity 1: andg2 File: /home/shawnr/CPRE_381/project_one/cpre3810-toolflow-2/proj/src/components/andg2.vhd Line: 23
Info (12021): Found 2 design units, including 1 entities, in source file /home/shawnr/CPRE_381/project_one/cpre3810-toolflow-2/proj/src/components/barrel_shifter.vhd
    Info (12022): Found design unit 1: barrel_shifter-structural File: /home/shawnr/CPRE_381/project_one/cpre3810-toolflow-2/proj/src/components/barrel_shifter.vhd Line: 19
    Info (12023): Found entity 1: barrel_shifter File: /home/shawnr/CPRE_381/project_one/cpre3810-toolflow-2/proj/src/components/barrel_shifter.vhd Line: 9
Info (12021): Found 2 design units, including 1 entities, in source file /home/shawnr/CPRE_381/project_one/cpre3810-toolflow-2/proj/src/components/bitextender_12to32.vhd
    Info (12022): Found design unit 1: bitextender_12to32-behavioral File: /home/shawnr/CPRE_381/project_one/cpre3810-toolflow-2/proj/src/components/bitextender_12to32.vhd Line: 27
    Info (12023): Found entity 1: bitextender_12to32 File: /home/shawnr/CPRE_381/project_one/cpre3810-toolflow-2/proj/src/components/bitextender_12to32.vhd Line: 18
Info (12021): Found 2 design units, including 1 entities, in source file /home/shawnr/CPRE_381/project_one/cpre3810-toolflow-2/proj/src/components/bitextender_20to32.vhd
    Info (12022): Found design unit 1: bitextender_20to32-behavioral File: /home/shawnr/CPRE_381/project_one/cpre3810-toolflow-2/proj/src/components/bitextender_20to32.vhd Line: 21
    Info (12023): Found entity 1: bitextender_20to32 File: /home/shawnr/CPRE_381/project_one/cpre3810-toolflow-2/proj/src/components/bitextender_20to32.vhd Line: 13
Info (12021): Found 2 design units, including 1 entities, in source file /home/shawnr/CPRE_381/project_one/cpre3810-toolflow-2/proj/src/components/branch_resolver.vhd
    Info (12022): Found design unit 1: branch_resolver-dataflow File: /home/shawnr/CPRE_381/project_one/cpre3810-toolflow-2/proj/src/components/branch_resolver.vhd Line: 35
    Info (12023): Found entity 1: branch_resolver File: /home/shawnr/CPRE_381/project_one/cpre3810-toolflow-2/proj/src/components/branch_resolver.vhd Line: 24
Info (12021): Found 2 design units, including 1 entities, in source file /home/shawnr/CPRE_381/project_one/cpre3810-toolflow-2/proj/src/components/decoder_5to32.vhd
    Info (12022): Found design unit 1: decoder_5to32-dataflow File: /home/shawnr/CPRE_381/project_one/cpre3810-toolflow-2/proj/src/components/decoder_5to32.vhd Line: 26
    Info (12023): Found entity 1: decoder_5to32 File: /home/shawnr/CPRE_381/project_one/cpre3810-toolflow-2/proj/src/components/decoder_5to32.vhd Line: 18
Info (12021): Found 2 design units, including 1 entities, in source file /home/shawnr/CPRE_381/project_one/cpre3810-toolflow-2/proj/src/components/dffg.vhd
    Info (12022): Found design unit 1: dffg-mixed File: /home/shawnr/CPRE_381/project_one/cpre3810-toolflow-2/proj/src/components/dffg.vhd Line: 33
    Info (12023): Found entity 1: dffg File: /home/shawnr/CPRE_381/project_one/cpre3810-toolflow-2/proj/src/components/dffg.vhd Line: 23
Info (12021): Found 2 design units, including 1 entities, in source file /home/shawnr/CPRE_381/project_one/cpre3810-toolflow-2/proj/src/components/fetch_unit.vhd
    Info (12022): Found design unit 1: fetch_unit-structure File: /home/shawnr/CPRE_381/project_one/cpre3810-toolflow-2/proj/src/components/fetch_unit.vhd Line: 34
    Info (12023): Found entity 1: fetch_unit File: /home/shawnr/CPRE_381/project_one/cpre3810-toolflow-2/proj/src/components/fetch_unit.vhd Line: 18
Info (12021): Found 2 design units, including 1 entities, in source file /home/shawnr/CPRE_381/project_one/cpre3810-toolflow-2/proj/src/components/full_adder.vhd
    Info (12022): Found design unit 1: full_adder-structure File: /home/shawnr/CPRE_381/project_one/cpre3810-toolflow-2/proj/src/components/full_adder.vhd Line: 27
    Info (12023): Found entity 1: full_adder File: /home/shawnr/CPRE_381/project_one/cpre3810-toolflow-2/proj/src/components/full_adder.vhd Line: 20
Info (12021): Found 2 design units, including 1 entities, in source file /home/shawnr/CPRE_381/project_one/cpre3810-toolflow-2/proj/src/components/immediate_generator.vhd
    Info (12022): Found design unit 1: immediate_generator-dataflow File: /home/shawnr/CPRE_381/project_one/cpre3810-toolflow-2/proj/src/components/immediate_generator.vhd Line: 26
    Info (12023): Found entity 1: immediate_generator File: /home/shawnr/CPRE_381/project_one/cpre3810-toolflow-2/proj/src/components/immediate_generator.vhd Line: 19
Info (12021): Found 2 design units, including 1 entities, in source file /home/shawnr/CPRE_381/project_one/cpre3810-toolflow-2/proj/src/components/invg.vhd
    Info (12022): Found design unit 1: invg-dataflow File: /home/shawnr/CPRE_381/project_one/cpre3810-toolflow-2/proj/src/components/invg.vhd Line: 30
    Info (12023): Found entity 1: invg File: /home/shawnr/CPRE_381/project_one/cpre3810-toolflow-2/proj/src/components/invg.vhd Line: 23
Info (12021): Found 2 design units, including 1 entities, in source file /home/shawnr/CPRE_381/project_one/cpre3810-toolflow-2/proj/src/components/mux2t1.vhd
    Info (12022): Found design unit 1: mux2t1-structure File: /home/shawnr/CPRE_381/project_one/cpre3810-toolflow-2/proj/src/components/mux2t1.vhd Line: 27
    Info (12023): Found entity 1: mux2t1 File: /home/shawnr/CPRE_381/project_one/cpre3810-toolflow-2/proj/src/components/mux2t1.vhd Line: 20
Info (12021): Found 2 design units, including 1 entities, in source file /home/shawnr/CPRE_381/project_one/cpre3810-toolflow-2/proj/src/components/mux2t1_N.vhd
    Info (12022): Found design unit 1: mux2t1_N-structural File: /home/shawnr/CPRE_381/project_one/cpre3810-toolflow-2/proj/src/components/mux2t1_N.vhd Line: 30
    Info (12023): Found entity 1: mux2t1_N File: /home/shawnr/CPRE_381/project_one/cpre3810-toolflow-2/proj/src/components/mux2t1_N.vhd Line: 21
Info (12021): Found 2 design units, including 1 entities, in source file /home/shawnr/CPRE_381/project_one/cpre3810-toolflow-2/proj/src/components/mux_32to1.vhd
    Info (12022): Found design unit 1: mux_32to1-dataflow File: /home/shawnr/CPRE_381/project_one/cpre3810-toolflow-2/proj/src/components/mux_32to1.vhd Line: 24
    Info (12023): Found entity 1: mux_32to1 File: /home/shawnr/CPRE_381/project_one/cpre3810-toolflow-2/proj/src/components/mux_32to1.vhd Line: 17
Info (12021): Found 2 design units, including 1 entities, in source file /home/shawnr/CPRE_381/project_one/cpre3810-toolflow-2/proj/src/components/org2.vhd
    Info (12022): Found design unit 1: org2-dataflow File: /home/shawnr/CPRE_381/project_one/cpre3810-toolflow-2/proj/src/components/org2.vhd Line: 31
    Info (12023): Found entity 1: org2 File: /home/shawnr/CPRE_381/project_one/cpre3810-toolflow-2/proj/src/components/org2.vhd Line: 23
Info (12021): Found 2 design units, including 1 entities, in source file /home/shawnr/CPRE_381/project_one/cpre3810-toolflow-2/proj/src/components/register_NBit.vhd
    Info (12022): Found design unit 1: register_NBit-structural File: /home/shawnr/CPRE_381/project_one/cpre3810-toolflow-2/proj/src/components/register_NBit.vhd Line: 27
    Info (12023): Found entity 1: register_NBit File: /home/shawnr/CPRE_381/project_one/cpre3810-toolflow-2/proj/src/components/register_NBit.vhd Line: 17
Info (12021): Found 2 design units, including 1 entities, in source file /home/shawnr/CPRE_381/project_one/cpre3810-toolflow-2/proj/src/components/register_file.vhd
    Info (12022): Found design unit 1: register_file-structural File: /home/shawnr/CPRE_381/project_one/cpre3810-toolflow-2/proj/src/components/register_file.vhd Line: 33
    Info (12023): Found entity 1: register_file File: /home/shawnr/CPRE_381/project_one/cpre3810-toolflow-2/proj/src/components/register_file.vhd Line: 18
Info (12021): Found 2 design units, including 1 entities, in source file /home/shawnr/CPRE_381/project_one/cpre3810-toolflow-2/proj/src/components/ripple_carry_adderN.vhd
    Info (12022): Found design unit 1: ripple_carry_adderN-structural File: /home/shawnr/CPRE_381/project_one/cpre3810-toolflow-2/proj/src/components/ripple_carry_adderN.vhd Line: 27
    Info (12023): Found entity 1: ripple_carry_adderN File: /home/shawnr/CPRE_381/project_one/cpre3810-toolflow-2/proj/src/components/ripple_carry_adderN.vhd Line: 17
Info (12021): Found 2 design units, including 1 entities, in source file /home/shawnr/CPRE_381/project_one/cpre3810-toolflow-2/proj/src/components/sc_processor_alu_control.vhd
    Info (12022): Found design unit 1: sc_processor_alu_control-dataflow File: /home/shawnr/CPRE_381/project_one/cpre3810-toolflow-2/proj/src/components/sc_processor_alu_control.vhd Line: 43
    Info (12023): Found entity 1: sc_processor_alu_control File: /home/shawnr/CPRE_381/project_one/cpre3810-toolflow-2/proj/src/components/sc_processor_alu_control.vhd Line: 33
Info (12021): Found 2 design units, including 1 entities, in source file /home/shawnr/CPRE_381/project_one/cpre3810-toolflow-2/proj/src/components/sc_processor_control_unit.vhd
    Info (12022): Found design unit 1: sc_processor_control_unit-dataflow File: /home/shawnr/CPRE_381/project_one/cpre3810-toolflow-2/proj/src/components/sc_processor_control_unit.vhd Line: 49
    Info (12023): Found entity 1: sc_processor_control_unit File: /home/shawnr/CPRE_381/project_one/cpre3810-toolflow-2/proj/src/components/sc_processor_control_unit.vhd Line: 32
Info (12021): Found 2 design units, including 1 entities, in source file /home/shawnr/CPRE_381/project_one/cpre3810-toolflow-2/proj/src/components/source_register.vhd
    Info (12022): Found design unit 1: source_register-structural File: /home/shawnr/CPRE_381/project_one/cpre3810-toolflow-2/proj/src/components/source_register.vhd Line: 28
    Info (12023): Found entity 1: source_register File: /home/shawnr/CPRE_381/project_one/cpre3810-toolflow-2/proj/src/components/source_register.vhd Line: 19
Info (12021): Found 2 design units, including 1 entities, in source file /home/shawnr/CPRE_381/project_one/cpre3810-toolflow-2/proj/src/components/xorg2.vhd
    Info (12022): Found design unit 1: xorg2-dataflow File: /home/shawnr/CPRE_381/project_one/cpre3810-toolflow-2/proj/src/components/xorg2.vhd Line: 31
    Info (12023): Found entity 1: xorg2 File: /home/shawnr/CPRE_381/project_one/cpre3810-toolflow-2/proj/src/components/xorg2.vhd Line: 23
Info (12127): Elaborating entity "RISCV_Processor" for the top level hierarchy
Warning (10036): Verilog HDL or VHDL warning at RISCV_Processor.vhd(56): object "s_Halt" assigned a value but never read File: /home/shawnr/CPRE_381/project_one/cpre3810-toolflow-2/proj/src/TopLevel/RISCV_Processor.vhd Line: 56
Warning (10036): Verilog HDL or VHDL warning at RISCV_Processor.vhd(59): object "s_Ovfl" assigned a value but never read File: /home/shawnr/CPRE_381/project_one/cpre3810-toolflow-2/proj/src/TopLevel/RISCV_Processor.vhd Line: 59
Warning (10036): Verilog HDL or VHDL warning at RISCV_Processor.vhd(128): object "s_ID_opcode" assigned a value but never read File: /home/shawnr/CPRE_381/project_one/cpre3810-toolflow-2/proj/src/TopLevel/RISCV_Processor.vhd Line: 128
Warning (10036): Verilog HDL or VHDL warning at RISCV_Processor.vhd(129): object "s_ID_rs1_addr" assigned a value but never read File: /home/shawnr/CPRE_381/project_one/cpre3810-toolflow-2/proj/src/TopLevel/RISCV_Processor.vhd Line: 129
Warning (10036): Verilog HDL or VHDL warning at RISCV_Processor.vhd(130): object "s_ID_rs2_addr" assigned a value but never read File: /home/shawnr/CPRE_381/project_one/cpre3810-toolflow-2/proj/src/TopLevel/RISCV_Processor.vhd Line: 130
Warning (10036): Verilog HDL or VHDL warning at RISCV_Processor.vhd(131): object "s_ID_rd_addr" assigned a value but never read File: /home/shawnr/CPRE_381/project_one/cpre3810-toolflow-2/proj/src/TopLevel/RISCV_Processor.vhd Line: 131
Warning (10036): Verilog HDL or VHDL warning at RISCV_Processor.vhd(132): object "s_ID_funct3" assigned a value but never read File: /home/shawnr/CPRE_381/project_one/cpre3810-toolflow-2/proj/src/TopLevel/RISCV_Processor.vhd Line: 132
Warning (10036): Verilog HDL or VHDL warning at RISCV_Processor.vhd(157): object "s_EX_funct7_5" assigned a value but never read File: /home/shawnr/CPRE_381/project_one/cpre3810-toolflow-2/proj/src/TopLevel/RISCV_Processor.vhd Line: 157
Warning (10036): Verilog HDL or VHDL warning at RISCV_Processor.vhd(159): object "s_EX_rs1_addr" assigned a value but never read File: /home/shawnr/CPRE_381/project_one/cpre3810-toolflow-2/proj/src/TopLevel/RISCV_Processor.vhd Line: 159
Warning (10036): Verilog HDL or VHDL warning at RISCV_Processor.vhd(160): object "s_EX_rs2_addr" assigned a value but never read File: /home/shawnr/CPRE_381/project_one/cpre3810-toolflow-2/proj/src/TopLevel/RISCV_Processor.vhd Line: 160
Warning (10036): Verilog HDL or VHDL warning at RISCV_Processor.vhd(172): object "s_MEM_BranchTaken" assigned a value but never read File: /home/shawnr/CPRE_381/project_one/cpre3810-toolflow-2/proj/src/TopLevel/RISCV_Processor.vhd Line: 172
Warning (10036): Verilog HDL or VHDL warning at RISCV_Processor.vhd(173): object "s_MEM_rs1_out" assigned a value but never read File: /home/shawnr/CPRE_381/project_one/cpre3810-toolflow-2/proj/src/TopLevel/RISCV_Processor.vhd Line: 173
Warning (10036): Verilog HDL or VHDL warning at RISCV_Processor.vhd(174): object "s_MEM_Jump" assigned a value but never read File: /home/shawnr/CPRE_381/project_one/cpre3810-toolflow-2/proj/src/TopLevel/RISCV_Processor.vhd Line: 174
Warning (10036): Verilog HDL or VHDL warning at RISCV_Processor.vhd(175): object "s_MEM_PC_SRC" assigned a value but never read File: /home/shawnr/CPRE_381/project_one/cpre3810-toolflow-2/proj/src/TopLevel/RISCV_Processor.vhd Line: 175
Warning (10036): Verilog HDL or VHDL warning at RISCV_Processor.vhd(176): object "s_MEM_Branch" assigned a value but never read File: /home/shawnr/CPRE_381/project_one/cpre3810-toolflow-2/proj/src/TopLevel/RISCV_Processor.vhd Line: 176
Warning (10036): Verilog HDL or VHDL warning at RISCV_Processor.vhd(177): object "s_MEM_ImmGen" assigned a value but never read File: /home/shawnr/CPRE_381/project_one/cpre3810-toolflow-2/proj/src/TopLevel/RISCV_Processor.vhd Line: 177
Warning (10036): Verilog HDL or VHDL warning at RISCV_Processor.vhd(184): object "s_MEM_MemRead" assigned a value but never read File: /home/shawnr/CPRE_381/project_one/cpre3810-toolflow-2/proj/src/TopLevel/RISCV_Processor.vhd Line: 184
Warning (10036): Verilog HDL or VHDL warning at RISCV_Processor.vhd(194): object "s_WB_PC" assigned a value but never read File: /home/shawnr/CPRE_381/project_one/cpre3810-toolflow-2/proj/src/TopLevel/RISCV_Processor.vhd Line: 194
Info (12128): Elaborating entity "mem" for hierarchy "mem:IMem" File: /home/shawnr/CPRE_381/project_one/cpre3810-toolflow-2/proj/src/TopLevel/RISCV_Processor.vhd Line: 625
Info (12128): Elaborating entity "sw_fetch_unit" for hierarchy "sw_fetch_unit:F_UNIT_SW" File: /home/shawnr/CPRE_381/project_one/cpre3810-toolflow-2/proj/src/TopLevel/RISCV_Processor.vhd Line: 665
Info (12128): Elaborating entity "ripple_carry_adderN" for hierarchy "sw_fetch_unit:F_UNIT_SW|ripple_carry_adderN:PC4_ADD" File: /home/shawnr/CPRE_381/project_one/cpre3810-toolflow-2/proj/src/TopLevel/sw_fetch_unit.vhd Line: 109
Info (12128): Elaborating entity "full_adder" for hierarchy "sw_fetch_unit:F_UNIT_SW|ripple_carry_adderN:PC4_ADD|full_adder:\G_NBit_ADDS:0:ADDERS" File: /home/shawnr/CPRE_381/project_one/cpre3810-toolflow-2/proj/src/components/ripple_carry_adderN.vhd Line: 44
Info (12128): Elaborating entity "andg2" for hierarchy "sw_fetch_unit:F_UNIT_SW|ripple_carry_adderN:PC4_ADD|full_adder:\G_NBit_ADDS:0:ADDERS|andg2:ABand" File: /home/shawnr/CPRE_381/project_one/cpre3810-toolflow-2/proj/src/components/full_adder.vhd Line: 59
Info (12128): Elaborating entity "xorg2" for hierarchy "sw_fetch_unit:F_UNIT_SW|ripple_carry_adderN:PC4_ADD|full_adder:\G_NBit_ADDS:0:ADDERS|xorg2:ABxor" File: /home/shawnr/CPRE_381/project_one/cpre3810-toolflow-2/proj/src/components/full_adder.vhd Line: 63
Info (12128): Elaborating entity "org2" for hierarchy "sw_fetch_unit:F_UNIT_SW|ripple_carry_adderN:PC4_ADD|full_adder:\G_NBit_ADDS:0:ADDERS|org2:Cout_or" File: /home/shawnr/CPRE_381/project_one/cpre3810-toolflow-2/proj/src/components/full_adder.vhd Line: 71
Info (12128): Elaborating entity "mux2t1_N" for hierarchy "sw_fetch_unit:F_UNIT_SW|mux2t1_N:NEXT_PC_MUX" File: /home/shawnr/CPRE_381/project_one/cpre3810-toolflow-2/proj/src/TopLevel/sw_fetch_unit.vhd Line: 117
Info (12128): Elaborating entity "mux2t1" for hierarchy "sw_fetch_unit:F_UNIT_SW|mux2t1_N:NEXT_PC_MUX|mux2t1:\G_NBit_MUX:0:MUXI" File: /home/shawnr/CPRE_381/project_one/cpre3810-toolflow-2/proj/src/components/mux2t1_N.vhd Line: 43
Info (12128): Elaborating entity "invg" for hierarchy "sw_fetch_unit:F_UNIT_SW|mux2t1_N:NEXT_PC_MUX|mux2t1:\G_NBit_MUX:0:MUXI|invg:select_not" File: /home/shawnr/CPRE_381/project_one/cpre3810-toolflow-2/proj/src/components/mux2t1.vhd Line: 58
Info (12128): Elaborating entity "register_NBit" for hierarchy "sw_fetch_unit:F_UNIT_SW|register_NBit:PC_REG" File: /home/shawnr/CPRE_381/project_one/cpre3810-toolflow-2/proj/src/TopLevel/sw_fetch_unit.vhd Line: 146
Info (12128): Elaborating entity "dffg" for hierarchy "sw_fetch_unit:F_UNIT_SW|register_NBit:PC_REG|dffg:\G_Register_NBit:0:REGI" File: /home/shawnr/CPRE_381/project_one/cpre3810-toolflow-2/proj/src/components/register_NBit.vhd Line: 40
Info (12128): Elaborating entity "IFID_PipelineRegister" for hierarchy "IFID_PipelineRegister:IFID_REG" File: /home/shawnr/CPRE_381/project_one/cpre3810-toolflow-2/proj/src/TopLevel/RISCV_Processor.vhd Line: 716
Info (12128): Elaborating entity "IDEX_PipelineRegister" for hierarchy "IDEX_PipelineRegister:IDEX_REG" File: /home/shawnr/CPRE_381/project_one/cpre3810-toolflow-2/proj/src/TopLevel/RISCV_Processor.vhd Line: 735
Info (12128): Elaborating entity "register_NBit" for hierarchy "IDEX_PipelineRegister:IDEX_REG|register_NBit:REG_ALUCtrl" File: /home/shawnr/CPRE_381/project_one/cpre3810-toolflow-2/proj/src/TopLevel/IDEX_PipelineRegister.vhd Line: 181
Info (12128): Elaborating entity "register_NBit" for hierarchy "IDEX_PipelineRegister:IDEX_REG|register_NBit:REG_Ctrl" File: /home/shawnr/CPRE_381/project_one/cpre3810-toolflow-2/proj/src/TopLevel/IDEX_PipelineRegister.vhd Line: 189
Info (12128): Elaborating entity "sc_processor_control_unit" for hierarchy "sc_processor_control_unit:MAIN_CONTROL" File: /home/shawnr/CPRE_381/project_one/cpre3810-toolflow-2/proj/src/TopLevel/RISCV_Processor.vhd Line: 789
Info (12128): Elaborating entity "sc_processor_alu_control" for hierarchy "sc_processor_alu_control:ALU_CONTROL" File: /home/shawnr/CPRE_381/project_one/cpre3810-toolflow-2/proj/src/TopLevel/RISCV_Processor.vhd Line: 804
Info (12128): Elaborating entity "immediate_generator" for hierarchy "immediate_generator:IMM_GEN" File: /home/shawnr/CPRE_381/project_one/cpre3810-toolflow-2/proj/src/TopLevel/RISCV_Processor.vhd Line: 814
Info (12128): Elaborating entity "bitextender_12to32" for hierarchy "immediate_generator:IMM_GEN|bitextender_12to32:I_EXT" File: /home/shawnr/CPRE_381/project_one/cpre3810-toolflow-2/proj/src/components/immediate_generator.vhd Line: 83
Info (12128): Elaborating entity "bitextender_20to32" for hierarchy "immediate_generator:IMM_GEN|bitextender_20to32:J_EXT" File: /home/shawnr/CPRE_381/project_one/cpre3810-toolflow-2/proj/src/components/immediate_generator.vhd Line: 98
Info (12128): Elaborating entity "register_file" for hierarchy "register_file:REG_FILE" File: /home/shawnr/CPRE_381/project_one/cpre3810-toolflow-2/proj/src/TopLevel/RISCV_Processor.vhd Line: 822
Info (12128): Elaborating entity "decoder_5to32" for hierarchy "register_file:REG_FILE|decoder_5to32:WRITE_DECODER" File: /home/shawnr/CPRE_381/project_one/cpre3810-toolflow-2/proj/src/components/register_file.vhd Line: 66
Info (12128): Elaborating entity "source_register" for hierarchy "register_file:REG_FILE|source_register:RS1_READ" File: /home/shawnr/CPRE_381/project_one/cpre3810-toolflow-2/proj/src/components/register_file.vhd Line: 92
Info (12128): Elaborating entity "mux_32to1" for hierarchy "register_file:REG_FILE|source_register:RS1_READ|mux_32to1:\G_MUX_RS:0:SRC_REGI" File: /home/shawnr/CPRE_381/project_one/cpre3810-toolflow-2/proj/src/components/source_register.vhd Line: 54
Info (12128): Elaborating entity "EXMEM_PipelineRegister" for hierarchy "EXMEM_PipelineRegister:EXMEM_REG" File: /home/shawnr/CPRE_381/project_one/cpre3810-toolflow-2/proj/src/TopLevel/RISCV_Processor.vhd Line: 842
Info (12128): Elaborating entity "register_NBit" for hierarchy "EXMEM_PipelineRegister:EXMEM_REG|register_NBit:REG_rd" File: /home/shawnr/CPRE_381/project_one/cpre3810-toolflow-2/proj/src/TopLevel/EXMEM_PipelineRegister.vhd Line: 170
Info (12128): Elaborating entity "register_NBit" for hierarchy "EXMEM_PipelineRegister:EXMEM_REG|register_NBit:REG_Ctrl" File: /home/shawnr/CPRE_381/project_one/cpre3810-toolflow-2/proj/src/TopLevel/EXMEM_PipelineRegister.vhd Line: 197
Info (12128): Elaborating entity "alu_32" for hierarchy "alu_32:ALU" File: /home/shawnr/CPRE_381/project_one/cpre3810-toolflow-2/proj/src/TopLevel/RISCV_Processor.vhd Line: 934
Warning (10036): Verilog HDL or VHDL warning at alu_32.vhd(73): object "s_Cout_add" assigned a value but never read File: /home/shawnr/CPRE_381/project_one/cpre3810-toolflow-2/proj/src/components/alu_32.vhd Line: 73
Warning (10036): Verilog HDL or VHDL warning at alu_32.vhd(74): object "s_Cout_sub" assigned a value but never read File: /home/shawnr/CPRE_381/project_one/cpre3810-toolflow-2/proj/src/components/alu_32.vhd Line: 74
Warning (10036): Verilog HDL or VHDL warning at alu_32.vhd(75): object "s_Ovf_add" assigned a value but never read File: /home/shawnr/CPRE_381/project_one/cpre3810-toolflow-2/proj/src/components/alu_32.vhd Line: 75
Warning (10036): Verilog HDL or VHDL warning at alu_32.vhd(76): object "s_Ovf_sub" assigned a value but never read File: /home/shawnr/CPRE_381/project_one/cpre3810-toolflow-2/proj/src/components/alu_32.vhd Line: 76
Info (12128): Elaborating entity "addsub_32" for hierarchy "alu_32:ALU|addsub_32:ADDER_INST" File: /home/shawnr/CPRE_381/project_one/cpre3810-toolflow-2/proj/src/components/alu_32.vhd Line: 86
Info (12128): Elaborating entity "barrel_shifter" for hierarchy "alu_32:ALU|barrel_shifter:SHIFT_LEFT" File: /home/shawnr/CPRE_381/project_one/cpre3810-toolflow-2/proj/src/components/alu_32.vhd Line: 110
Info (12128): Elaborating entity "branch_resolver" for hierarchy "branch_resolver:BRANCH_COND" File: /home/shawnr/CPRE_381/project_one/cpre3810-toolflow-2/proj/src/TopLevel/RISCV_Processor.vhd Line: 949
Info (12128): Elaborating entity "MEMWB_PipelineRegister" for hierarchy "MEMWB_PipelineRegister:MEMWB_REG" File: /home/shawnr/CPRE_381/project_one/cpre3810-toolflow-2/proj/src/TopLevel/RISCV_Processor.vhd Line: 961
Info (276014): Found 1 instances of uninferred RAM logic
    Info (276007): RAM logic "mem:DMem|ram" is uninferred due to asynchronous read logic File: /home/shawnr/CPRE_381/project_one/cpre3810-toolflow-2/proj/src/TopLevel/mem.vhd Line: 35
Info (19000): Inferred 2 megafunctions from design logic
    Info (276029): Inferred altsyncram megafunction from the following design logic: "mem:IMem|ram_rtl_0" 
        Info (286033): Parameter OPERATION_MODE set to SINGLE_PORT
        Info (286033): Parameter WIDTH_A set to 32
        Info (286033): Parameter WIDTHAD_A set to 10
        Info (286033): Parameter NUMWORDS_A set to 1024
        Info (286033): Parameter OUTDATA_REG_A set to UNREGISTERED
        Info (286033): Parameter ADDRESS_ACLR_A set to NONE
        Info (286033): Parameter OUTDATA_ACLR_A set to NONE
        Info (286033): Parameter READ_DURING_WRITE_MODE_PORT_A set to OLD_DATA
        Info (286033): Parameter INDATA_ACLR_A set to NONE
        Info (286033): Parameter WRCONTROL_ACLR_A set to NONE
    Info (276034): Inferred altshift_taps megafunction from the following design logic: "IFID_PipelineRegister:IFID_REG|register_NBit:REG_PC_Plus4|dffg:\G_Register_NBit:30:REGI|s_Q_rtl_0"
        Info (286033): Parameter NUMBER_OF_TAPS set to 1
        Info (286033): Parameter TAP_DISTANCE set to 4
        Info (286033): Parameter WIDTH set to 30
Info (12130): Elaborated megafunction instantiation "mem:IMem|altsyncram:ram_rtl_0"
Info (12133): Instantiated megafunction "mem:IMem|altsyncram:ram_rtl_0" with the following parameter:
    Info (12134): Parameter "OPERATION_MODE" = "SINGLE_PORT"
    Info (12134): Parameter "WIDTH_A" = "32"
    Info (12134): Parameter "WIDTHAD_A" = "10"
    Info (12134): Parameter "NUMWORDS_A" = "1024"
    Info (12134): Parameter "OUTDATA_REG_A" = "UNREGISTERED"
    Info (12134): Parameter "ADDRESS_ACLR_A" = "NONE"
    Info (12134): Parameter "OUTDATA_ACLR_A" = "NONE"
    Info (12134): Parameter "READ_DURING_WRITE_MODE_PORT_A" = "OLD_DATA"
    Info (12134): Parameter "INDATA_ACLR_A" = "NONE"
    Info (12134): Parameter "WRCONTROL_ACLR_A" = "NONE"
Info (12021): Found 1 design units, including 1 entities, in source file db/altsyncram_eg81.tdf
    Info (12023): Found entity 1: altsyncram_eg81 File: /home/shawnr/CPRE_381/project_one/cpre3810-toolflow-2/internal/QuartusWork/db/altsyncram_eg81.tdf Line: 28
Info (12130): Elaborated megafunction instantiation "IFID_PipelineRegister:IFID_REG|register_NBit:REG_PC_Plus4|dffg:\G_Register_NBit:30:REGI|altshift_taps:s_Q_rtl_0"
Info (12133): Instantiated megafunction "IFID_PipelineRegister:IFID_REG|register_NBit:REG_PC_Plus4|dffg:\G_Register_NBit:30:REGI|altshift_taps:s_Q_rtl_0" with the following parameter:
    Info (12134): Parameter "NUMBER_OF_TAPS" = "1"
    Info (12134): Parameter "TAP_DISTANCE" = "4"
    Info (12134): Parameter "WIDTH" = "30"
Info (12021): Found 1 design units, including 1 entities, in source file db/shift_taps_bkm.tdf
    Info (12023): Found entity 1: shift_taps_bkm File: /home/shawnr/CPRE_381/project_one/cpre3810-toolflow-2/internal/QuartusWork/db/shift_taps_bkm.tdf Line: 29
Info (12021): Found 1 design units, including 1 entities, in source file db/altsyncram_k1b1.tdf
    Info (12023): Found entity 1: altsyncram_k1b1 File: /home/shawnr/CPRE_381/project_one/cpre3810-toolflow-2/internal/QuartusWork/db/altsyncram_k1b1.tdf Line: 28
Info (12021): Found 1 design units, including 1 entities, in source file db/cntr_4pf.tdf
    Info (12023): Found entity 1: cntr_4pf File: /home/shawnr/CPRE_381/project_one/cpre3810-toolflow-2/internal/QuartusWork/db/cntr_4pf.tdf Line: 26
Info (12021): Found 1 design units, including 1 entities, in source file db/cntr_r8h.tdf
    Info (12023): Found entity 1: cntr_r8h File: /home/shawnr/CPRE_381/project_one/cpre3810-toolflow-2/internal/QuartusWork/db/cntr_r8h.tdf Line: 26
Info (13000): Registers with preset signals will power-up high File: /home/shawnr/CPRE_381/project_one/cpre3810-toolflow-2/internal/QuartusWork/db/shift_taps_bkm.tdf Line: 39
Info (13003): DEV_CLRn pin will set, and not reset, register with preset signal due to NOT Gate Push-Back
Info (286030): Timing-Driven Synthesis is running
Info (16010): Generating hard_block partition "hard_block:auto_generated_inst"
    Info (16011): Adding 0 node(s), including 0 DDIO, 0 PLL, 0 transceiver and 0 LCELL
Warning (21074): Design contains 22 input pin(s) that do not drive logic
    Warning (15610): No output dependent on input pin "iInstAddr[0]" File: /home/shawnr/CPRE_381/project_one/cpre3810-toolflow-2/proj/src/TopLevel/RISCV_Processor.vhd Line: 30
    Warning (15610): No output dependent on input pin "iInstAddr[1]" File: /home/shawnr/CPRE_381/project_one/cpre3810-toolflow-2/proj/src/TopLevel/RISCV_Processor.vhd Line: 30
    Warning (15610): No output dependent on input pin "iInstAddr[12]" File: /home/shawnr/CPRE_381/project_one/cpre3810-toolflow-2/proj/src/TopLevel/RISCV_Processor.vhd Line: 30
    Warning (15610): No output dependent on input pin "iInstAddr[13]" File: /home/shawnr/CPRE_381/project_one/cpre3810-toolflow-2/proj/src/TopLevel/RISCV_Processor.vhd Line: 30
    Warning (15610): No output dependent on input pin "iInstAddr[14]" File: /home/shawnr/CPRE_381/project_one/cpre3810-toolflow-2/proj/src/TopLevel/RISCV_Processor.vhd Line: 30
    Warning (15610): No output dependent on input pin "iInstAddr[15]" File: /home/shawnr/CPRE_381/project_one/cpre3810-toolflow-2/proj/src/TopLevel/RISCV_Processor.vhd Line: 30
    Warning (15610): No output dependent on input pin "iInstAddr[16]" File: /home/shawnr/CPRE_381/project_one/cpre3810-toolflow-2/proj/src/TopLevel/RISCV_Processor.vhd Line: 30
    Warning (15610): No output dependent on input pin "iInstAddr[17]" File: /home/shawnr/CPRE_381/project_one/cpre3810-toolflow-2/proj/src/TopLevel/RISCV_Processor.vhd Line: 30
    Warning (15610): No output dependent on input pin "iInstAddr[18]" File: /home/shawnr/CPRE_381/project_one/cpre3810-toolflow-2/proj/src/TopLevel/RISCV_Processor.vhd Line: 30
    Warning (15610): No output dependent on input pin "iInstAddr[19]" File: /home/shawnr/CPRE_381/project_one/cpre3810-toolflow-2/proj/src/TopLevel/RISCV_Processor.vhd Line: 30
    Warning (15610): No output dependent on input pin "iInstAddr[20]" File: /home/shawnr/CPRE_381/project_one/cpre3810-toolflow-2/proj/src/TopLevel/RISCV_Processor.vhd Line: 30
    Warning (15610): No output dependent on input pin "iInstAddr[21]" File: /home/shawnr/CPRE_381/project_one/cpre3810-toolflow-2/proj/src/TopLevel/RISCV_Processor.vhd Line: 30
    Warning (15610): No output dependent on input pin "iInstAddr[22]" File: /home/shawnr/CPRE_381/project_one/cpre3810-toolflow-2/proj/src/TopLevel/RISCV_Processor.vhd Line: 30
    Warning (15610): No output dependent on input pin "iInstAddr[23]" File: /home/shawnr/CPRE_381/project_one/cpre3810-toolflow-2/proj/src/TopLevel/RISCV_Processor.vhd Line: 30
    Warning (15610): No output dependent on input pin "iInstAddr[24]" File: /home/shawnr/CPRE_381/project_one/cpre3810-toolflow-2/proj/src/TopLevel/RISCV_Processor.vhd Line: 30
    Warning (15610): No output dependent on input pin "iInstAddr[25]" File: /home/shawnr/CPRE_381/project_one/cpre3810-toolflow-2/proj/src/TopLevel/RISCV_Processor.vhd Line: 30
    Warning (15610): No output dependent on input pin "iInstAddr[26]" File: /home/shawnr/CPRE_381/project_one/cpre3810-toolflow-2/proj/src/TopLevel/RISCV_Processor.vhd Line: 30
    Warning (15610): No output dependent on input pin "iInstAddr[27]" File: /home/shawnr/CPRE_381/project_one/cpre3810-toolflow-2/proj/src/TopLevel/RISCV_Processor.vhd Line: 30
    Warning (15610): No output dependent on input pin "iInstAddr[28]" File: /home/shawnr/CPRE_381/project_one/cpre3810-toolflow-2/proj/src/TopLevel/RISCV_Processor.vhd Line: 30
    Warning (15610): No output dependent on input pin "iInstAddr[29]" File: /home/shawnr/CPRE_381/project_one/cpre3810-toolflow-2/proj/src/TopLevel/RISCV_Processor.vhd Line: 30
    Warning (15610): No output dependent on input pin "iInstAddr[30]" File: /home/shawnr/CPRE_381/project_one/cpre3810-toolflow-2/proj/src/TopLevel/RISCV_Processor.vhd Line: 30
    Warning (15610): No output dependent on input pin "iInstAddr[31]" File: /home/shawnr/CPRE_381/project_one/cpre3810-toolflow-2/proj/src/TopLevel/RISCV_Processor.vhd Line: 30
Info (21057): Implemented 59767 device resources after synthesis - the final resource count might be different
    Info (21058): Implemented 67 input pins
    Info (21059): Implemented 32 output pins
    Info (21061): Implemented 59606 logic cells
    Info (21064): Implemented 62 RAM segments
Info: Quartus Prime Analysis & Synthesis was successful. 0 errors, 46 warnings
    Info: Peak virtual memory: 982 megabytes
    Info: Processing ended: Mon Apr 27 18:40:34 2026
    Info: Elapsed time: 00:01:04
    Info: Total CPU time (on all processors): 00:01:10
Info: *******************************************************************
Info: Running Quartus Prime Fitter
    Info: Version 20.1.1 Build 720 11/11/2020 SJ Standard Edition
    Info: Copyright (C) 2020  Intel Corporation. All rights reserved.
    Info: Your use of Intel Corporation's design tools, logic functions 
    Info: and other software and tools, and any partner logic 
    Info: functions, and any output files from any of the foregoing 
    Info: (including device programming or simulation files), and any 
    Info: associated documentation or information are expressly subject 
    Info: to the terms and conditions of the Intel Program License 
    Info: Subscription Agreement, the Intel Quartus Prime License Agreement,
    Info: the Intel FPGA IP License Agreement, or other applicable license
    Info: agreement, including, without limitation, that your use is for
    Info: the sole purpose of programming logic devices manufactured by
    Info: Intel and sold by Intel or its authorized distributors.  Please
    Info: refer to the applicable agreement for further details, at
    Info: https://fpgasoftware.intel.com/eula.
    Info: Processing started: Mon Apr 27 18:40:34 2026
Info: Command: quartus_fit --read_settings_files=on --write_settings_files=off toolflow -c toolflow
Info: qfit2_default_script.tcl version: #1
Info: Project  = toolflow
Info: Revision = toolflow
Warning (18236): Number of processors has not been specified which may cause overloading on shared machines.  Set the global assignment NUM_PARALLEL_PROCESSORS in your QSF to an appropriate value for best performance.
Info (20030): Parallel compilation is enabled and will use 12 of the 12 processors detected
Info (119006): Selected device EP4CE115F29C7 for design "toolflow"
Info (21076): High junction temperature operating condition is not set. Assuming a default value of '85'.
Info (21076): Low junction temperature operating condition is not set. Assuming a default value of '0'.
Info (171003): Fitter is performing an Auto Fit compilation, which may decrease Fitter effort to reduce compilation time
Info (176444): Device migration not selected. If you intend to use device migration later, you may need to change the pin assignments as they may be incompatible with other devices
    Info (176445): Device EP4CE40F29C7 is compatible
    Info (176445): Device EP4CE40F29I7 is compatible
    Info (176445): Device EP4CE30F29C7 is compatible
    Info (176445): Device EP4CE30F29I7 is compatible
    Info (176445): Device EP4CE55F29C7 is compatible
    Info (176445): Device EP4CE55F29I7 is compatible
    Info (176445): Device EP4CE75F29C7 is compatible
    Info (176445): Device EP4CE75F29I7 is compatible
    Info (176445): Device EP4CE115F29I7 is compatible
Info (169124): Fitter converted 5 user pins into dedicated programming pins
    Info (169125): Pin ~ALTERA_ASDO_DATA1~ is reserved at location F4
    Info (169125): Pin ~ALTERA_FLASH_nCE_nCSO~ is reserved at location E2
    Info (169125): Pin ~ALTERA_DCLK~ is reserved at location P3
    Info (169125): Pin ~ALTERA_DATA0~ is reserved at location N7
    Info (169125): Pin ~ALTERA_nCEO~ is reserved at location P28
Warning (15714): Some pins have incomplete I/O assignments. Refer to the I/O Assignment Warnings report for details
Info (176045): Design uses memory blocks. Violating setup or hold times of memory block address registers for either read or write operations could cause memory contents to be corrupted. Make sure that all memory block address registers meet the setup and hold time requirements.
Critical Warning (169085): No exact pin location assignment(s) for 99 pins of 99 total pins. For the list of pins please refer to the I/O Assignment Warnings table in the fitter report.
Info (332104): Reading SDC File: 'toolflow.sdc'
Info (332129): Detected timing requirements -- optimizing circuit to achieve only the specified requirements
Info (332111): Found 1 clocks
    Info (332111):   Period   Clock Name
    Info (332111): ======== ============
    Info (332111):   20.000         iCLK
Info (176353): Automatically promoted node iCLK~input (placed in PIN J1 (CLK1, DIFFCLK_0n)) File: /home/shawnr/CPRE_381/project_one/cpre3810-toolflow-2/proj/src/TopLevel/RISCV_Processor.vhd Line: 27
    Info (176355): Automatically promoted destinations to use location or clock signal Global Clock CLKCTRL_G2
Info (176353): Automatically promoted node iRST~input (placed in PIN Y2 (CLK2, DIFFCLK_1p)) File: /home/shawnr/CPRE_381/project_one/cpre3810-toolflow-2/proj/src/TopLevel/RISCV_Processor.vhd Line: 28
    Info (176355): Automatically promoted destinations to use location or clock signal Global Clock CLKCTRL_G4
    Info (176356): Following destination nodes may be non-global or may not use global or regional clocks
        Info (176357): Destination node sw_fetch_unit:F_UNIT_SW|register_NBit:PC_REG|dffg:\G_Register_NBit:0:REGI|s_Q File: /home/shawnr/CPRE_381/project_one/cpre3810-toolflow-2/proj/src/components/dffg.vhd Line: 53
        Info (176357): Destination node sw_fetch_unit:F_UNIT_SW|register_NBit:PC_REG|dffg:\G_Register_NBit:1:REGI|s_Q File: /home/shawnr/CPRE_381/project_one/cpre3810-toolflow-2/proj/src/components/dffg.vhd Line: 53
        Info (176357): Destination node sw_fetch_unit:F_UNIT_SW|register_NBit:PC_REG|dffg:\G_Register_NBit:2:REGI|s_Q File: /home/shawnr/CPRE_381/project_one/cpre3810-toolflow-2/proj/src/components/dffg.vhd Line: 53
        Info (176357): Destination node sw_fetch_unit:F_UNIT_SW|register_NBit:PC_REG|dffg:\G_Register_NBit:3:REGI|s_Q File: /home/shawnr/CPRE_381/project_one/cpre3810-toolflow-2/proj/src/components/dffg.vhd Line: 53
        Info (176357): Destination node sw_fetch_unit:F_UNIT_SW|register_NBit:PC_REG|dffg:\G_Register_NBit:4:REGI|s_Q File: /home/shawnr/CPRE_381/project_one/cpre3810-toolflow-2/proj/src/components/dffg.vhd Line: 53
        Info (176357): Destination node sw_fetch_unit:F_UNIT_SW|register_NBit:PC_REG|dffg:\G_Register_NBit:5:REGI|s_Q File: /home/shawnr/CPRE_381/project_one/cpre3810-toolflow-2/proj/src/components/dffg.vhd Line: 53
        Info (176357): Destination node sw_fetch_unit:F_UNIT_SW|register_NBit:PC_REG|dffg:\G_Register_NBit:6:REGI|s_Q File: /home/shawnr/CPRE_381/project_one/cpre3810-toolflow-2/proj/src/components/dffg.vhd Line: 53
        Info (176357): Destination node sw_fetch_unit:F_UNIT_SW|register_NBit:PC_REG|dffg:\G_Register_NBit:7:REGI|s_Q File: /home/shawnr/CPRE_381/project_one/cpre3810-toolflow-2/proj/src/components/dffg.vhd Line: 53
        Info (176357): Destination node sw_fetch_unit:F_UNIT_SW|register_NBit:PC_REG|dffg:\G_Register_NBit:8:REGI|s_Q File: /home/shawnr/CPRE_381/project_one/cpre3810-toolflow-2/proj/src/components/dffg.vhd Line: 53
        Info (176357): Destination node sw_fetch_unit:F_UNIT_SW|register_NBit:PC_REG|dffg:\G_Register_NBit:9:REGI|s_Q File: /home/shawnr/CPRE_381/project_one/cpre3810-toolflow-2/proj/src/components/dffg.vhd Line: 53
        Info (176358): Non-global destination nodes limited to 10 nodes
Info (176233): Starting register packing
Info (176235): Finished register packing
    Extra Info (176219): No registers were packed into other blocks
Info (176214): Statistics of I/O pins that need to be placed that use the same VCCIO and VREF, before I/O pin placement
    Info (176211): Number of I/O pins in group: 97 (unused VREF, 2.5V VCCIO, 65 input, 32 output, 0 bidirectional)
        Info (176212): I/O standards used: 2.5 V.
Info (176215): I/O bank details before I/O pin placement
    Info (176214): Statistics of I/O banks
        Info (176213): I/O bank number 1 does not use VREF pins and has undetermined VCCIO pins. 5 total pin(s) used --  51 pins available
        Info (176213): I/O bank number 2 does not use VREF pins and has undetermined VCCIO pins. 1 total pin(s) used --  62 pins available
        Info (176213): I/O bank number 3 does not use VREF pins and has undetermined VCCIO pins. 0 total pin(s) used --  73 pins available
        Info (176213): I/O bank number 4 does not use VREF pins and has undetermined VCCIO pins. 0 total pin(s) used --  71 pins available
        Info (176213): I/O bank number 5 does not use VREF pins and has undetermined VCCIO pins. 0 total pin(s) used --  65 pins available
        Info (176213): I/O bank number 6 does not use VREF pins and has undetermined VCCIO pins. 1 total pin(s) used --  57 pins available
        Info (176213): I/O bank number 7 does not use VREF pins and has undetermined VCCIO pins. 0 total pin(s) used --  72 pins available
        Info (176213): I/O bank number 8 does not use VREF pins and has undetermined VCCIO pins. 0 total pin(s) used --  71 pins available
Info (171121): Fitter preparation operations ending: elapsed time is 00:00:23
Info (14896): Fitter has disabled Advanced Physical Optimization because it is not supported for the current family.
Info (170189): Fitter placement preparation operations beginning
Info (170190): Fitter placement preparation operations ending: elapsed time is 00:00:05
Info (170191): Fitter placement operations beginning
Info (170137): Fitter placement was successful
Info (170192): Fitter placement operations ending: elapsed time is 00:00:56
Info (170193): Fitter routing operations beginning
Info (170195): Router estimated average interconnect usage is 14% of the available device resources
    Info (170196): Router estimated peak interconnect usage is 32% of the available device resources in the region that extends from location X58_Y37 to location X68_Y48
Info (170199): The Fitter performed an Auto Fit compilation.  Optimizations were skipped to reduce compilation time.
    Info (170201): Optimizations that may affect the design's routability were skipped
    Info (170200): Optimizations that may affect the design's timing were skipped
Info (170194): Fitter routing operations ending: elapsed time is 00:00:57
Info (11888): Total time spent on timing analysis during the Fitter is 16.91 seconds.
Info (334003): Started post-fitting delay annotation
Info (334004): Delay annotation completed successfully
Info (334003): Started post-fitting delay annotation
Info (334004): Delay annotation completed successfully
Info (11218): Fitter post-fit operations ending: elapsed time is 00:00:08
Info (144001): Generated suppressed messages file /home/shawnr/CPRE_381/project_one/cpre3810-toolflow-2/internal/QuartusWork/output_files/toolflow.fit.smsg
Info: Quartus Prime Fitter was successful. 0 errors, 3 warnings
    Info: Peak virtual memory: 2544 megabytes
    Info: Processing ended: Mon Apr 27 18:43:26 2026
    Info: Elapsed time: 00:02:52
    Info: Total CPU time (on all processors): 00:07:28
Info: *******************************************************************
Info: Running Quartus Prime Assembler
    Info: Version 20.1.1 Build 720 11/11/2020 SJ Standard Edition
    Info: Copyright (C) 2020  Intel Corporation. All rights reserved.
    Info: Your use of Intel Corporation's design tools, logic functions 
    Info: and other software and tools, and any partner logic 
    Info: functions, and any output files from any of the foregoing 
    Info: (including device programming or simulation files), and any 
    Info: associated documentation or information are expressly subject 
    Info: to the terms and conditions of the Intel Program License 
    Info: Subscription Agreement, the Intel Quartus Prime License Agreement,
    Info: the Intel FPGA IP License Agreement, or other applicable license
    Info: agreement, including, without limitation, that your use is for
    Info: the sole purpose of programming logic devices manufactured by
    Info: Intel and sold by Intel or its authorized distributors.  Please
    Info: refer to the applicable agreement for further details, at
    Info: https://fpgasoftware.intel.com/eula.
    Info: Processing started: Mon Apr 27 18:43:27 2026
Info: Command: quartus_asm --read_settings_files=on --write_settings_files=off toolflow -c toolflow
Warning (18236): Number of processors has not been specified which may cause overloading on shared machines.  Set the global assignment NUM_PARALLEL_PROCESSORS in your QSF to an appropriate value for best performance.
Info (115031): Writing out detailed assembly data for power analysis
Info (115030): Assembler is generating device programming files
Info: Quartus Prime Assembler was successful. 0 errors, 1 warning
    Info: Peak virtual memory: 702 megabytes
    Info: Processing ended: Mon Apr 27 18:43:30 2026
    Info: Elapsed time: 00:00:03
    Info: Total CPU time (on all processors): 00:00:03
