In clock cycle: 4
Register Write to Reg: 0x01 Val: 0x10010000
In clock cycle: 5
Register Write to Reg: 0x01 Val: 0x10010000
In clock cycle: 6
Register Write to Reg: 0x02 Val: 0x00000011
In clock cycle: 8
Register Write to Reg: 0x03 Val: 0xFFFFFFFF
In clock cycle: 9
Register Write to Reg: 0x04 Val: 0x00000055
In clock cycle: 10
Register Write to Reg: 0x01 Val: 0x1001000C
In clock cycle: 11
Register Write to Reg: 0x05 Val: 0x00000011
In clock cycle: 12
Register Write to Reg: 0x07 Val: 0x00000033
In clock cycle: 13
Register Write to Reg: 0x0A Val: 0x00000033
In clock cycle: 14
Register Write to Reg: 0x0F Val: 0x00000033
In clock cycle: 15
Register Write to Reg: 0x02 Val: 0x00000066
In clock cycle: 16
Register Write to Reg: 0x06 Val: 0xFFFF8AAA
Execution is stopping! Clock Cycle: 17
