In clock cycle: 4
Register Write to Reg: 0x01 Val: 0x00000001
In clock cycle: 7
Register Write to Reg: 0x01 Val: 0x00010000
In clock cycle: 10
Register Write to Reg: 0x01 Val: 0x00000000
In clock cycle: 11
Register Write to Reg: 0x02 Val: 0xFFFFFFFF
In clock cycle: 14
Register Write to Reg: 0x02 Val: 0xFFFF0000
In clock cycle: 17
Register Write to Reg: 0x02 Val: 0x00000000
In clock cycle: 18
Register Write to Reg: 0x03 Val: 0x00000123
In clock cycle: 21
Register Write to Reg: 0x03 Val: 0x01230000
In clock cycle: 24
Register Write to Reg: 0x03 Val: 0x00000000
In clock cycle: 25
Register Write to Reg: 0x04 Val: 0x00000000
In clock cycle: 26
Register Write to Reg: 0x04 Val: 0x0DEAD000
In clock cycle: 29
Register Write to Reg: 0x04 Val: 0xD0000000
In clock cycle: 32
Register Write to Reg: 0x04 Val: 0x00000000
In clock cycle: 33
Register Write to Reg: 0x05 Val: 0x00000000
In clock cycle: 34
Register Write to Reg: 0x05 Val: 0xF00D0000
In clock cycle: 37
Register Write to Reg: 0x05 Val: 0xF00D0101
In clock cycle: 40
Register Write to Reg: 0x05 Val: 0x01010000
In clock cycle: 43
Register Write to Reg: 0x05 Val: 0x00000000
Execution is stopping! Clock Cycle: 46
