In clock cycle: 4
Register Write to Reg: 0x07 Val: 0x00000004
In clock cycle: 5
Register Write to Reg: 0x05 Val: 0x00000000
In clock cycle: 8
Register Write to Reg: 0x06 Val: 0x00000000
In clock cycle: 9
Register Write to Reg: 0x1C Val: 0x00000000
In clock cycle: 13
Register Write to Reg: 0x05 Val: 0x00000001
In clock cycle: 16
Register Write to Reg: 0x06 Val: 0x00000010
In clock cycle: 17
Register Write to Reg: 0x1C Val: 0x00000010
In clock cycle: 21
Register Write to Reg: 0x05 Val: 0x80000000
In clock cycle: 24
Register Write to Reg: 0x05 Val: 0x80000000
In clock cycle: 27
Register Write to Reg: 0x06 Val: 0x00000000
In clock cycle: 28
Register Write to Reg: 0x1C Val: 0x00000000
In clock cycle: 32
Register Write to Reg: 0x05 Val: 0xFFFFFFFF
In clock cycle: 35
Register Write to Reg: 0x06 Val: 0xFFFFFFF0
In clock cycle: 36
Register Write to Reg: 0x1C Val: 0xFFFFFFF0
In clock cycle: 40
Register Write to Reg: 0x1E Val: 0x00000001
In clock cycle: 41
Register Write to Reg: 0x00 Val: 0x00400050
In clock cycle: 43
Register Write to Reg: 0x00 Val: 0x00000000
Execution is stopping! Clock Cycle: 44
