[inst #1] addi x1,x0,5
Register Write to Reg: 0x01 Val: 0x00000005
[inst #2] addi x2,x0,5
Register Write to Reg: 0x02 Val: 0x00000005
[inst #3] addi x0,x0,0
Register Write to Reg: 0x00 Val: 0x00000000
[inst #4] addi x0,x0,0
Register Write to Reg: 0x00 Val: 0x00000000
[inst #5] addi x0,x0,0
Register Write to Reg: 0x00 Val: 0x00000000
[inst #6] addi x0,x0,0
Register Write to Reg: 0x00 Val: 0x00000000
[inst #7] addi x0,x0,0
Register Write to Reg: 0x00 Val: 0x00000000
[inst #8] beq x1,x2,8
[inst #9] addi x4,x0,3
Register Write to Reg: 0x04 Val: 0x00000003
[inst #10] addi x5,x0,9
Register Write to Reg: 0x05 Val: 0x00000009
[inst #11] addi x0,x0,0
Register Write to Reg: 0x00 Val: 0x00000000
[inst #12] addi x0,x0,0
Register Write to Reg: 0x00 Val: 0x00000000
[inst #13] addi x0,x0,0
Register Write to Reg: 0x00 Val: 0x00000000
[inst #14] addi x0,x0,0
Register Write to Reg: 0x00 Val: 0x00000000
[inst #15] addi x0,x0,0
Register Write to Reg: 0x00 Val: 0x00000000
[inst #16] beq x4,x5,48
[inst #17] addi x6,x0,1
Register Write to Reg: 0x06 Val: 0x00000001
[inst #18] addi x7,x0,42
Register Write to Reg: 0x07 Val: 0x0000002A
[inst #19] addi x0,x0,0
Register Write to Reg: 0x00 Val: 0x00000000
[inst #20] addi x0,x0,0
Register Write to Reg: 0x00 Val: 0x00000000
[inst #21] addi x0,x0,0
Register Write to Reg: 0x00 Val: 0x00000000
[inst #22] addi x0,x0,0
Register Write to Reg: 0x00 Val: 0x00000000
[inst #23] addi x0,x0,0
Register Write to Reg: 0x00 Val: 0x00000000
[inst #24] beq x7,x7,8
[inst #25] addi x9,x0,1
Register Write to Reg: 0x09 Val: 0x00000001
[inst #26] wfi 
[inst #27] wfi 

Program terminated by dropping off the bottom.
