In clock cycle: 4
Register Write to Reg: 0x1F Val: 0x00000000
In clock cycle: 5
Register Write to Reg: 0x05 Val: 0x00000000
In clock cycle: 6
Register Write to Reg: 0x06 Val: 0x00000000
In clock cycle: 9
Register Write to Reg: 0x07 Val: 0x00000000
In clock cycle: 10
Register Write to Reg: 0x08 Val: 0x00000000
In clock cycle: 13
Register Write to Reg: 0x09 Val: 0x00000000
In clock cycle: 16
Register Write to Reg: 0x1F Val: 0x00000000
In clock cycle: 17
Register Write to Reg: 0x05 Val: 0xFFFFF800
In clock cycle: 18
Register Write to Reg: 0x06 Val: 0x00000000
In clock cycle: 21
Register Write to Reg: 0x07 Val: 0x00000001
In clock cycle: 22
Register Write to Reg: 0x08 Val: 0x00000001
In clock cycle: 25
Register Write to Reg: 0x09 Val: 0x00000000
In clock cycle: 28
Register Write to Reg: 0x1F Val: 0x00000000
In clock cycle: 31
Register Write to Reg: 0x05 Val: 0x000007FF
In clock cycle: 32
Register Write to Reg: 0x06 Val: 0x00000000
In clock cycle: 35
Register Write to Reg: 0x07 Val: 0x00000000
In clock cycle: 36
Register Write to Reg: 0x08 Val: 0x00000000
In clock cycle: 39
Register Write to Reg: 0x09 Val: 0x00000000
In clock cycle: 42
Register Write to Reg: 0x1F Val: 0x00000000
In clock cycle: 43
Register Write to Reg: 0x05 Val: 0xFFFFF800
In clock cycle: 45
Register Write to Reg: 0x06 Val: 0x000007FF
In clock cycle: 48
Register Write to Reg: 0x07 Val: 0x00000001
In clock cycle: 49
Register Write to Reg: 0x08 Val: 0x00000001
In clock cycle: 52
Register Write to Reg: 0x09 Val: 0x00000000
In clock cycle: 55
Register Write to Reg: 0x1F Val: 0x00000000
In clock cycle: 58
Register Write to Reg: 0x05 Val: 0x000007FF
In clock cycle: 61
Register Write to Reg: 0x05 Val: 0x00000800
In clock cycle: 62
Register Write to Reg: 0x06 Val: 0xFFFFF800
In clock cycle: 65
Register Write to Reg: 0x07 Val: 0x00000000
In clock cycle: 66
Register Write to Reg: 0x08 Val: 0x00000000
In clock cycle: 69
Register Write to Reg: 0x09 Val: 0x00000000
In clock cycle: 72
Register Write to Reg: 0x1F Val: 0x00000000
Execution is stopping! Clock Cycle: 73
