In clock cycle: 4
Register Write to Reg: 0x01 Val: 0x10010000
In clock cycle: 5
Register Write to Reg: 0x02 Val: 0x00000001
In clock cycle: 5
Memory Write to Addr: 0x10010000 Val: 0x00000001
In clock cycle: 7
Register Write to Reg: 0x02 Val: 0x10010004
In clock cycle: 8
Register Write to Reg: 0x03 Val: 0x00000002
In clock cycle: 8
Memory Write to Addr: 0x10010004 Val: 0x00000002
In clock cycle: 10
Register Write to Reg: 0x03 Val: 0x10010080
In clock cycle: 11
Register Write to Reg: 0x04 Val: 0x00000003
In clock cycle: 11
Memory Write to Addr: 0x10010080 Val: 0x00000003
In clock cycle: 13
Register Write to Reg: 0x04 Val: 0x100100FC
In clock cycle: 14
Register Write to Reg: 0x05 Val: 0x00000004
In clock cycle: 14
Memory Write to Addr: 0x100100FC Val: 0x00000004
In clock cycle: 16
Register Write to Reg: 0x05 Val: 0x10010178
In clock cycle: 17
Register Write to Reg: 0x06 Val: 0x00000005
In clock cycle: 17
Memory Write to Addr: 0x10010178 Val: 0x00000005
In clock cycle: 19
Register Write to Reg: 0x06 Val: 0x100101F4
In clock cycle: 20
Register Write to Reg: 0x07 Val: 0x00000006
In clock cycle: 20
Memory Write to Addr: 0x100101F4 Val: 0x00000006
In clock cycle: 22
Register Write to Reg: 0x07 Val: 0x10010270
In clock cycle: 23
Register Write to Reg: 0x08 Val: 0x00000007
In clock cycle: 23
Memory Write to Addr: 0x10010270 Val: 0x00000007
In clock cycle: 25
Register Write to Reg: 0x08 Val: 0x100102EC
In clock cycle: 26
Register Write to Reg: 0x09 Val: 0x00000008
In clock cycle: 26
Memory Write to Addr: 0x100102EC Val: 0x00000008
In clock cycle: 28
Register Write to Reg: 0x09 Val: 0x10010368
In clock cycle: 29
Register Write to Reg: 0x0A Val: 0x00000009
In clock cycle: 29
Memory Write to Addr: 0x10010368 Val: 0x00000009
In clock cycle: 31
Register Write to Reg: 0x0A Val: 0x100103E4
In clock cycle: 32
Register Write to Reg: 0x0B Val: 0x0000000A
In clock cycle: 32
Memory Write to Addr: 0x100103E4 Val: 0x0000000A
In clock cycle: 34
Register Write to Reg: 0x0B Val: 0x10010460
In clock cycle: 35
Register Write to Reg: 0x0C Val: 0x0000000B
In clock cycle: 35
Memory Write to Addr: 0x10010460 Val: 0x0000000B
In clock cycle: 37
Register Write to Reg: 0x0C Val: 0x100104DC
In clock cycle: 38
Register Write to Reg: 0x0D Val: 0x0000000C
In clock cycle: 38
Memory Write to Addr: 0x100104DC Val: 0x0000000C
In clock cycle: 40
Register Write to Reg: 0x0D Val: 0x10010558
In clock cycle: 41
Register Write to Reg: 0x0E Val: 0x0000000D
In clock cycle: 41
Memory Write to Addr: 0x10010558 Val: 0x0000000D
In clock cycle: 43
Register Write to Reg: 0x0E Val: 0x100105D4
In clock cycle: 44
Register Write to Reg: 0x0F Val: 0x0000000E
In clock cycle: 44
Memory Write to Addr: 0x100105D4 Val: 0x0000000E
In clock cycle: 46
Register Write to Reg: 0x0F Val: 0x10010650
In clock cycle: 47
Register Write to Reg: 0x10 Val: 0x0000000F
In clock cycle: 47
Memory Write to Addr: 0x10010650 Val: 0x0000000F
In clock cycle: 49
Register Write to Reg: 0x10 Val: 0x100106CC
In clock cycle: 50
Register Write to Reg: 0x11 Val: 0x00000010
In clock cycle: 50
Memory Write to Addr: 0x100106CC Val: 0x00000010
In clock cycle: 52
Register Write to Reg: 0x11 Val: 0x10010748
In clock cycle: 53
Register Write to Reg: 0x12 Val: 0x00000011
In clock cycle: 53
Memory Write to Addr: 0x10010748 Val: 0x00000011
In clock cycle: 55
Register Write to Reg: 0x12 Val: 0x100107C4
In clock cycle: 56
Register Write to Reg: 0x13 Val: 0x00000012
In clock cycle: 56
Memory Write to Addr: 0x100107C4 Val: 0x00000012
In clock cycle: 58
Register Write to Reg: 0x13 Val: 0x10010840
In clock cycle: 59
Register Write to Reg: 0x14 Val: 0x00000013
In clock cycle: 59
Memory Write to Addr: 0x10010840 Val: 0x00000013
In clock cycle: 61
Register Write to Reg: 0x14 Val: 0x100108BC
In clock cycle: 62
Register Write to Reg: 0x15 Val: 0x00000014
In clock cycle: 62
Memory Write to Addr: 0x100108BC Val: 0x00000014
In clock cycle: 64
Register Write to Reg: 0x15 Val: 0x10010938
In clock cycle: 65
Register Write to Reg: 0x16 Val: 0x00000015
In clock cycle: 65
Memory Write to Addr: 0x10010938 Val: 0x00000015
In clock cycle: 67
Register Write to Reg: 0x16 Val: 0x100109B4
In clock cycle: 68
Register Write to Reg: 0x17 Val: 0x00000016
In clock cycle: 68
Memory Write to Addr: 0x100109B4 Val: 0x00000016
In clock cycle: 70
Register Write to Reg: 0x17 Val: 0x10010A30
In clock cycle: 71
Register Write to Reg: 0x18 Val: 0x00000017
In clock cycle: 71
Memory Write to Addr: 0x10010A30 Val: 0x00000017
In clock cycle: 73
Register Write to Reg: 0x18 Val: 0x10010AAC
In clock cycle: 74
Register Write to Reg: 0x19 Val: 0x00000018
In clock cycle: 74
Memory Write to Addr: 0x10010AAC Val: 0x00000018
In clock cycle: 76
Register Write to Reg: 0x19 Val: 0x10010B28
In clock cycle: 77
Register Write to Reg: 0x1A Val: 0x00000019
In clock cycle: 77
Memory Write to Addr: 0x10010B28 Val: 0x00000019
In clock cycle: 79
Register Write to Reg: 0x1A Val: 0x10010BA4
In clock cycle: 80
Register Write to Reg: 0x1B Val: 0x0000001A
In clock cycle: 80
Memory Write to Addr: 0x10010BA4 Val: 0x0000001A
In clock cycle: 82
Register Write to Reg: 0x1B Val: 0x10010C20
In clock cycle: 83
Register Write to Reg: 0x1C Val: 0x0000001B
In clock cycle: 83
Memory Write to Addr: 0x10010C20 Val: 0x0000001B
In clock cycle: 85
Register Write to Reg: 0x1C Val: 0x10010C9C
In clock cycle: 86
Register Write to Reg: 0x1D Val: 0x0000001C
In clock cycle: 86
Memory Write to Addr: 0x10010C9C Val: 0x0000001C
In clock cycle: 88
Register Write to Reg: 0x1D Val: 0x10010D18
In clock cycle: 89
Register Write to Reg: 0x1E Val: 0x0000001D
In clock cycle: 89
Memory Write to Addr: 0x10010D18 Val: 0x0000001D
In clock cycle: 91
Register Write to Reg: 0x1E Val: 0x10010FF8
In clock cycle: 92
Register Write to Reg: 0x1F Val: 0x0000001E
In clock cycle: 92
Memory Write to Addr: 0x10010FF8 Val: 0x0000001E
In clock cycle: 94
Register Write to Reg: 0x1F Val: 0x10010FFC
In clock cycle: 95
Register Write to Reg: 0x01 Val: 0x0000001F
In clock cycle: 95
Memory Write to Addr: 0x10010FFC Val: 0x0000001F
Execution is stopping! Clock Cycle: 97
