In clock cycle: 4
Register Write to Reg: 0x05 Val: 0x00000005
In clock cycle: 5
Register Write to Reg: 0x06 Val: 0x00000003
In clock cycle: 8
Register Write to Reg: 0x07 Val: 0x00000002
In clock cycle: 9
Register Write to Reg: 0x1C Val: 0xFFFFFFFC
In clock cycle: 12
Register Write to Reg: 0x1C Val: 0xFFFFFFFD
In clock cycle: 15
Register Write to Reg: 0x1D Val: 0x00000002
In clock cycle: 18
Register Write to Reg: 0x1E Val: 0x00000000
In clock cycle: 19
Register Write to Reg: 0x05 Val: 0x00000003
In clock cycle: 22
Register Write to Reg: 0x06 Val: 0x00000005
In clock cycle: 25
Register Write to Reg: 0x07 Val: 0xFFFFFFFE
In clock cycle: 26
Register Write to Reg: 0x1C Val: 0xFFFFFFFA
In clock cycle: 29
Register Write to Reg: 0x1C Val: 0xFFFFFFFB
In clock cycle: 32
Register Write to Reg: 0x1D Val: 0xFFFFFFFE
In clock cycle: 35
Register Write to Reg: 0x1E Val: 0x00000000
In clock cycle: 36
Register Write to Reg: 0x05 Val: 0x00000000
In clock cycle: 37
Register Write to Reg: 0x06 Val: 0x00000000
In clock cycle: 40
Register Write to Reg: 0x07 Val: 0x00000000
In clock cycle: 41
Register Write to Reg: 0x1C Val: 0xFFFFFFFF
In clock cycle: 44
Register Write to Reg: 0x1C Val: 0x00000000
In clock cycle: 47
Register Write to Reg: 0x1D Val: 0x00000000
In clock cycle: 50
Register Write to Reg: 0x1E Val: 0x00000000
In clock cycle: 51
Register Write to Reg: 0x05 Val: 0x00000000
In clock cycle: 52
Register Write to Reg: 0x06 Val: 0x00000007
In clock cycle: 55
Register Write to Reg: 0x07 Val: 0xFFFFFFF9
In clock cycle: 56
Register Write to Reg: 0x1C Val: 0xFFFFFFF8
In clock cycle: 59
Register Write to Reg: 0x1C Val: 0xFFFFFFF9
In clock cycle: 62
Register Write to Reg: 0x1D Val: 0xFFFFFFF9
In clock cycle: 65
Register Write to Reg: 0x1E Val: 0x00000000
In clock cycle: 66
Register Write to Reg: 0x05 Val: 0x00000007
In clock cycle: 67
Register Write to Reg: 0x06 Val: 0x00000000
In clock cycle: 70
Register Write to Reg: 0x07 Val: 0x00000007
In clock cycle: 71
Register Write to Reg: 0x1C Val: 0xFFFFFFFF
In clock cycle: 74
Register Write to Reg: 0x1C Val: 0x00000000
In clock cycle: 77
Register Write to Reg: 0x1D Val: 0x00000007
In clock cycle: 80
Register Write to Reg: 0x1E Val: 0x00000000
In clock cycle: 81
Register Write to Reg: 0x05 Val: 0xFFFFFFFF
In clock cycle: 82
Register Write to Reg: 0x06 Val: 0x00000001
In clock cycle: 85
Register Write to Reg: 0x07 Val: 0xFFFFFFFE
In clock cycle: 86
Register Write to Reg: 0x1C Val: 0xFFFFFFFE
In clock cycle: 89
Register Write to Reg: 0x1C Val: 0xFFFFFFFF
In clock cycle: 92
Register Write to Reg: 0x1D Val: 0xFFFFFFFE
In clock cycle: 95
Register Write to Reg: 0x1E Val: 0x00000000
Execution is stopping! Clock Cycle: 96
