In clock cycle: 4
Register Write to Reg: 0x01 Val: 0xFFFFFFFF
In clock cycle: 5
Register Write to Reg: 0x02 Val: 0x00000001
In clock cycle: 6
Register Write to Reg: 0x0A Val: 0x00000000
In clock cycle: 9
Register Write to Reg: 0x00 Val: 0x00000000
In clock cycle: 10
Register Write to Reg: 0x01 Val: 0x00000001
In clock cycle: 11
Register Write to Reg: 0x02 Val: 0xFFFFFFFF
In clock cycle: 12
Register Write to Reg: 0x0B Val: 0x00000000
In clock cycle: 14
Register Write to Reg: 0x0B Val: 0x00000001
In clock cycle: 15
Register Write to Reg: 0x0C Val: 0x00000000
In clock cycle: 16
Register Write to Reg: 0x0C Val: 0x00000000
In clock cycle: 17
Register Write to Reg: 0x01 Val: 0x00000000
In clock cycle: 18
Register Write to Reg: 0x02 Val: 0x00000005
In clock cycle: 19
Register Write to Reg: 0x0C Val: 0x00000000
In clock cycle: 22
Register Write to Reg: 0x00 Val: 0x00000000
In clock cycle: 23
Register Write to Reg: 0x01 Val: 0x00000000
In clock cycle: 24
Register Write to Reg: 0x02 Val: 0x00000000
In clock cycle: 25
Register Write to Reg: 0x0D Val: 0x00000000
In clock cycle: 27
Register Write to Reg: 0x0D Val: 0x00000001
In clock cycle: 28
Register Write to Reg: 0x0E Val: 0x00000000
In clock cycle: 29
Register Write to Reg: 0x0E Val: 0x00000000
In clock cycle: 30
Register Write to Reg: 0x1F Val: 0x00000000
Execution is stopping! Clock Cycle: 31
